<html>
<body>
<pre>
<h1>µVision Build Log</h1>
<h2>Tool Versions:</h2>
IDE-Version: µVision V5.29.0.0
Copyright (C) 2019 ARM Ltd and ARM Germany GmbH. All rights reserved.
License Information: h ThinPC, Microsoft, LIC=WHY30-BGB3Z-2L9CT-RXUVV-V5YIV-URT18
 
Tool Versions:
Toolchain:       MDK-ARM Plus  Version: 5.29.0.0
Toolchain Path:  C:\Keil_v5\ARM\ARMCC\Bin
C Compiler:      Armcc.exe V5.06 update 6 (build 750)
Assembler:       Armasm.exe V5.06 update 6 (build 750)
Linker/Locator:  ArmLink.exe V5.06 update 6 (build 750)
Library Manager: ArmAr.exe V5.06 update 6 (build 750)
Hex Converter:   FromElf.exe V5.06 update 6 (build 750)
CPU DLL:         SARMCM3.DLL V5.29.0.0
Dialog DLL:      DCM.DLL V1.17.3.0
Target DLL:      STLink\ST-LINKIII-KEIL_SWO.dll V3.0.7.0
Dialog DLL:      TCM.DLL V1.36.5.0
 
<h2>Project:</h2>
D:\Jindo\Project\GPS_Tracking_STM32\FreeRTOS\Demo\CORTEX_STM32F103_Keil\RTOSDemo.uvprojx
Project File Date:  02/17/2020

<h2>Output:</h2>
*** Using Compiler 'V5.06 update 6 (build 750)', folder: 'C:\Keil_v5\ARM\ARMCC\Bin'
Build target 'Target 1'
compiling main.c...
..\Source\sim908.h(70): warning:  #1295-D: Deprecated declaration HTTP_Release - give arg types
  HTTP_STATUS HTTP_Release();
..\Source\main.c(290): warning:  #177-D: variable "vHTTP_status"  was declared but never referenced
      HTTP_STATUS vHTTP_status;
..\Source\main.c(358): warning:  #177-D: function "vSaveLocationTask"  was declared but never referenced
  static void vSaveLocationTask(void *pvParameters)
..\Source\main.c: 3 warnings, 0 errors
linking...
Program Size: Code=28714 RO-data=306 RW-data=668 ZI-data=17124  
FromELF: creating hex file...
".\Obj\RTOSDemo.axf" - 0 Error(s), 3 Warning(s).

<h2>Software Packages used:</h2>

Package Vendor: Keil
                http://www.keil.com/pack/Keil.STM32F1xx_DFP.2.3.0.pack
                Keil.STM32F1xx_DFP.2.3.0
                STMicroelectronics STM32F1 Series Device Support, Drivers and Examples

<h2>Collection of Component include folders:</h2>
  .\RTE\_Target_1
  C:\Users\Administrator.ThinPC-PC\AppData\Local\Arm\Packs\Keil\STM32F1xx_DFP\2.3.0\Device\Include

<h2>Collection of Component Files used:</h2>
Build Time Elapsed:  00:00:05
</pre>
</body>
</html>
