<html>
<body>
<pre>
<h1>µVision Build Log</h1>
<h2>Tool Versions:</h2>
IDE-Version: µVision V5.29.0.0
Copyright (C) 2019 ARM Ltd and ARM Germany GmbH. All rights reserved.
License Information: h ThinPC, Microsoft, LIC=WHY30-BGB3Z-2L9CT-RXUVV-V5YIV-URT18
 
Tool Versions:
Toolchain:       MDK-ARM Plus  Version: 5.29.0.0
Toolchain Path:  C:\Keil_v5\ARM\ARMCC\Bin
C Compiler:      Armcc.exe V5.06 update 6 (build 750)
Assembler:       Armasm.exe V5.06 update 6 (build 750)
Linker/Locator:  ArmLink.exe V5.06 update 6 (build 750)
Library Manager: ArmAr.exe V5.06 update 6 (build 750)
Hex Converter:   FromElf.exe V5.06 update 6 (build 750)
CPU DLL:         SARMCM3.DLL V5.29.0.0
Dialog DLL:      DCM.DLL V1.17.3.0
Target DLL:      STLink\ST-LINKIII-KEIL_SWO.dll V3.0.7.0
Dialog DLL:      TCM.DLL V1.36.5.0
 
<h2>Project:</h2>
D:\Jindo\Project\GPS_Tracking_STM32\FreeRTOS\Demo\CORTEX_STM32F103_Keil\RTOSDemo.uvprojx
Project File Date:  01/15/2020

<h2>Output:</h2>
*** Using Compiler 'V5.06 update 6 (build 750)', folder: 'C:\Keil_v5\ARM\ARMCC\Bin'
Build target 'Target 1'
compiling main.c...
..\Source\sim908.h(66): warning:  #1295-D: Deprecated declaration HTTP_Release - give arg types
  HTTP_STATUS HTTP_Release();
..\Source\main.c(301): warning:  #177-D: variable "gps_cnt"  was declared but never referenced
      static char gps_cnt=0;
..\Source\main.c(345): warning:  #177-D: variable "vHTTP_status"  was declared but never referenced
      HTTP_STATUS vHTTP_status;
..\Source\main.c(347): warning:  #177-D: variable "lcd_cnt"  was declared but never referenced
      uint16_t lcd_cnt = 0;
..\Source\main.c(188): warning:  #177-D: variable "filename"  was declared but never referenced
  static const TCHAR filename[ 12 + 1 ] = { 'T', 'E', 'S', 'T', '_', 'S', 'D', 'C', '.', 'T', 'X', 'T', '\0' };
..\Source\main.c(196): warning:  #177-D: function "SDCard_Run"  was declared but never referenced
  static void SDCard_Run( void )
..\Source\main.c: 6 warnings, 0 errors
linking...
Program Size: Code=34730 RO-data=450 RW-data=676 ZI-data=18740  
FromELF: creating hex file...
".\Obj\RTOSDemo.axf" - 0 Error(s), 6 Warning(s).

<h2>Software Packages used:</h2>

Package Vendor: Keil
                http://www.keil.com/pack/Keil.STM32F1xx_DFP.2.3.0.pack
                Keil.STM32F1xx_DFP.2.3.0
                STMicroelectronics STM32F1 Series Device Support, Drivers and Examples

<h2>Collection of Component include folders:</h2>
  .\RTE\_Target_1
  C:\Users\Administrator.ThinPC-PC\AppData\Local\Arm\Packs\Keil\STM32F1xx_DFP\2.3.0\Device\Include

<h2>Collection of Component Files used:</h2>
Build Time Elapsed:  00:00:02
</pre>
</body>
</html>
