Component: ARM Compiler 5.06 update 6 (build 750) Tool: armlink [4d35ed]

==============================================================================

Section Cross References

    stm32f10x.o(RESET) refers to stm32f10x.o(STACK) for __initial_sp
    stm32f10x.o(RESET) refers to stm32f10x.o(.text) for Reset_Handler
    stm32f10x.o(RESET) refers to port.o(.emb_text) for vPortSVCHandler
    stm32f10x.o(RESET) refers to port.o(.text) for xPortSysTickHandler
    stm32f10x.o(RESET) refers to timertest.o(.text) for vTimer2IntHandler
    stm32f10x.o(RESET) refers to serial.o(.text) for vUARTInterruptHandler
    stm32f10x.o(.text) refers to entry.o(.ARM.Collect$$$$00000000) for __main
    stm32f10x_usart.o(.text) refers to stm32f10x_rcc.o(.text) for RCC_APB2PeriphResetCmd
    stm32f10x_gpio.o(.text) refers to stm32f10x_rcc.o(.text) for RCC_APB2PeriphResetCmd
    stm32f10x_nvic.o(.text) refers to cortexm3_macro_rvds.o(.text) for __SETPRIMASK
    stm32f10x_rcc.o(.text) refers to stm32f10x_rcc.o(.constdata) for APBAHBPrescTable
    stm32f10x_spi.o(.text) refers to stm32f10x_rcc.o(.text) for RCC_APB2PeriphResetCmd
    stm32f10x_tim.o(.text) refers to stm32f10x_rcc.o(.text) for RCC_APB1PeriphResetCmd
    stm32f10x_tim.o(.text) refers to stm32f10x_tim.o(.constdata) for Tab_OCModeMask
    partest.o(.text) refers to stm32f10x_gpio.o(.text) for GPIO_Init
    partest.o(.text) refers to tasks.o(.text) for vTaskSuspendAll
    partest.o(.text) refers to partest.o(.data) for usOutputValue
    semtest.o(.text) refers to port.o(.text) for vPortEnterCritical
    semtest.o(.text) refers to queue.o(.text) for xQueueGenericReceive
    semtest.o(.text) refers to tasks.o(.text) for vTaskDelay
    semtest.o(.text) refers to heap_2.o(.text) for pvPortMalloc
    semtest.o(.text) refers to semtest.o(.data) for sNextCheckVariable
    blockq.o(.text) refers to queue.o(.text) for xQueueGenericReceive
    blockq.o(.text) refers to heap_2.o(.text) for pvPortMalloc
    blockq.o(.text) refers to tasks.o(.text) for xTaskGenericCreate
    blockq.o(.text) refers to blockq.o(.data) for sBlockingConsumerCount
    blocktim.o(.text) refers to tasks.o(.text) for vTaskSuspend
    blocktim.o(.text) refers to queue.o(.text) for xQueueGenericSend
    blocktim.o(.text) refers to blocktim.o(.data) for xRunIndicator
    death.o(.text) refers to tasks.o(.text) for vTaskDelay
    death.o(.text) refers to heap_2.o(.text) for vPortFree
    death.o(.text) refers to death.o(.data) for xCreatedTask
    flash.o(.text) refers to port.o(.text) for vPortEnterCritical
    flash.o(.text) refers to tasks.o(.text) for xTaskGetTickCount
    flash.o(.text) refers to partest.o(.text) for vParTestToggleLED
    flash.o(.text) refers to flash.o(.data) for uxFlashTaskNumber
    integer.o(.text) refers to port.o(.text) for vPortEnterCritical
    integer.o(.text) refers to tasks.o(.text) for xTaskGenericCreate
    integer.o(.text) refers to integer.o(.data) for xTaskCheck
    pollq.o(.text) refers to queue.o(.text) for xQueueGenericSend
    pollq.o(.text) refers to port.o(.text) for vPortEnterCritical
    pollq.o(.text) refers to tasks.o(.text) for vTaskDelay
    pollq.o(.text) refers to pollq.o(.data) for xPollingProducerCount
    main.o(.text) refers to stm32_sd_spi.o(.text) for SD_Detect
    main.o(.text) refers to printf5.o(i.__0printf$5) for __2printf
    main.o(.text) refers to ff.o(.text) for f_mount
    main.o(.text) refers to printf5.o(i.__0sprintf$5) for __2sprintf
    main.o(.text) refers to strlen.o(.text) for strlen
    main.o(.text) refers to sim908.o(.text) for GPS_PWR
    main.o(.text) refers to queue.o(.text) for xQueueGenericReceive
    main.o(.text) refers to tasks.o(.text) for vTaskDelay
    main.o(.text) refers to memseta.o(.text) for __aeabi_memclr4
    main.o(.text) refers to stm32_spi.o(.text) for STM_EVAL_SPI_Init
    main.o(.text) refers to memcpya.o(.text) for __aeabi_memcpy4
    main.o(.text) refers to stm32f10x_rcc.o(.text) for RCC_HSEConfig
    main.o(.text) refers to stm32f10x_nvic.o(.text) for NVIC_SetVectorTable
    main.o(.text) refers to stm32f10x_systick.o(.text) for SysTick_CLKSourceConfig
    main.o(.text) refers to serial.o(.text) for xSerialPortInitMinimal
    main.o(.text) refers to stm32f10x_gpio.o(.text) for GPIO_Init
    main.o(.text) refers to main.o(.bss) for fs
    main.o(.text) refers to main.o(.constdata) for filecontext
    main.o(.text) refers to main.o(.data) for SIM908_Mutex
    main.o(.text) refers to serial.o(.bss) for uart2_handle
    main.o(.text) refers to nokia_5110.o(.text) for LCD_write_string
    sim908.o(.text) refers to tasks.o(.text) for xTaskGetTickCount
    sim908.o(.text) refers to serial.o(.text) for xSerialGetChar
    sim908.o(.text) refers to strcpy.o(.text) for strcpy
    sim908.o(.text) refers to queue.o(.text) for xQueueGenericReceive
    sim908.o(.text) refers to printf5.o(i.__0printf$5) for __2printf
    sim908.o(.text) refers to strstr.o(.text) for strstr
[...]
    printfa.o(i.__0vprintf) refers (Special) to iusefp.o(.text) for __I$use$fp
    printfa.o(i.__0vprintf) refers to printfa.o(i._printf_core) for _printf_core
    printfa.o(i.__0vprintf) refers to main.o(.text) for fputc
    printfa.o(i.__0vprintf) refers to stdout.o(.data) for __stdout
    printfa.o(i.__0vsnprintf) refers (Special) to iusefp.o(.text) for __I$use$fp
    printfa.o(i.__0vsnprintf) refers to printfa.o(i._printf_core) for _printf_core
    printfa.o(i.__0vsnprintf) refers to printfa.o(i._snputc) for _snputc
    printfa.o(i.__0vsprintf) refers (Special) to iusefp.o(.text) for __I$use$fp
    printfa.o(i.__0vsprintf) refers to printfa.o(i._printf_core) for _printf_core
    printfa.o(i.__0vsprintf) refers to printfa.o(i._sputc) for _sputc
    printfa.o(i._fp_digits) refers (Special) to iusefp.o(.text) for __I$use$fp
    printfa.o(i._fp_digits) refers to dmul.o(.text) for __aeabi_dmul
    printfa.o(i._fp_digits) refers to ddiv.o(.text) for __aeabi_ddiv
    printfa.o(i._fp_digits) refers to cdrcmple.o(.text) for __aeabi_cdrcmple
    printfa.o(i._fp_digits) refers to dadd.o(.text) for __aeabi_dadd
    printfa.o(i._fp_digits) refers to dfixul.o(.text) for __aeabi_d2ulz
    printfa.o(i._fp_digits) refers to uldiv.o(.text) for __aeabi_uldivmod
    printfa.o(i._printf_core) refers (Special) to iusefp.o(.text) for __I$use$fp
    printfa.o(i._printf_core) refers to printfa.o(i._printf_pre_padding) for _printf_pre_padding
    printfa.o(i._printf_core) refers to uldiv.o(.text) for __aeabi_uldivmod
    printfa.o(i._printf_core) refers to printfa.o(i._printf_post_padding) for _printf_post_padding
    printfa.o(i._printf_core) refers to printfa.o(i._fp_digits) for _fp_digits
    printfa.o(i._printf_core) refers to uidiv.o(.text) for __aeabi_uidivmod
    printfa.o(i._printf_post_padding) refers (Special) to iusefp.o(.text) for __I$use$fp
    printfa.o(i._printf_pre_padding) refers (Special) to iusefp.o(.text) for __I$use$fp
    printfa.o(i._snputc) refers (Special) to iusefp.o(.text) for __I$use$fp
    printfa.o(i._sputc) refers (Special) to iusefp.o(.text) for __I$use$fp
    entry2.o(.ARM.Collect$$$$00000001) refers to entry2.o(.ARM.Collect$$$$00002712) for __lit__00000000
    entry2.o(.ARM.Collect$$$$00002712) refers to stm32f10x.o(STACK) for __initial_sp
    entry2.o(__vectab_stack_and_reset_area) refers to stm32f10x.o(STACK) for __initial_sp
    entry2.o(__vectab_stack_and_reset_area) refers to entry.o(.ARM.Collect$$$$00000000) for __main
    entry5.o(.ARM.Collect$$$$00000004) refers to init.o(.text) for __scatterload
    entry9a.o(.ARM.Collect$$$$0000000B) refers to main.o(.text) for main
    entry9b.o(.ARM.Collect$$$$0000000C) refers to main.o(.text) for main
    uldiv.o(.text) refers to llushr.o(.text) for __aeabi_llsr
    uldiv.o(.text) refers to llshl.o(.text) for __aeabi_llsl
    dadd.o(.text) refers to llshl.o(.text) for __aeabi_llsl
    dadd.o(.text) refers to llsshr.o(.text) for __aeabi_lasr
    dadd.o(.text) refers to depilogue.o(.text) for _double_epilogue
    dmul.o(.text) refers to depilogue.o(.text) for _double_epilogue
    ddiv.o(.text) refers to depilogue.o(.text) for _double_round
    dfixul.o(.text) refers to llushr.o(.text) for __aeabi_llsr
    dfixul.o(.text) refers to llshl.o(.text) for __aeabi_llsl
    init.o(.text) refers to entry5.o(.ARM.Collect$$$$00000004) for __main_after_scatterload
    depilogue.o(.text) refers to llshl.o(.text) for __aeabi_llsl
    depilogue.o(.text) refers to llushr.o(.text) for __aeabi_llsr


==============================================================================

Removing Unused input sections from the image.

    Removing stm32f10x.o(HEAP), (0 bytes).
    Removing partest.o(.text), (172 bytes).
    Removing partest.o(.data), (2 bytes).
    Removing semtest.o(.text), (488 bytes).
    Removing semtest.o(.data), (18 bytes).
    Removing blockq.o(.text), (608 bytes).
    Removing blockq.o(.data), (24 bytes).
    Removing blocktim.o(.text), (964 bytes).
    Removing blocktim.o(.data), (32 bytes).
    Removing death.o(.text), (328 bytes).
    Removing death.o(.data), (20 bytes).
    Removing flash.o(.text), (132 bytes).
    Removing flash.o(.data), (4 bytes).
    Removing integer.o(.text), (168 bytes).
    Removing integer.o(.data), (4 bytes).
    Removing pollq.o(.text), (296 bytes).
    Removing pollq.o(.data), (12 bytes).
    Removing dadd.o(.text), (334 bytes).
    Removing dmul.o(.text), (228 bytes).
    Removing ddiv.o(.text), (222 bytes).
    Removing dfixul.o(.text), (48 bytes).
    Removing cdrcmple.o(.text), (48 bytes).
    Removing depilogue.o(.text), (186 bytes).

23 unused section(s) (total 4338 bytes) removed from the image.

==============================================================================

Image Symbol Table

    Local Symbols

    Symbol Name                              Value     Ov Type        Size  Object(Section)

    ../clib/../cmprslib/zerorunl2.c          0x00000000   Number         0  __dczerorl2.o ABSOLUTE
    ../clib/microlib/division.c              0x00000000   Number         0  uidiv.o ABSOLUTE
    ../clib/microlib/division.c              0x00000000   Number         0  uldiv.o ABSOLUTE
    ../clib/microlib/init/entry.s            0x00000000   Number         0  entry9a.o ABSOLUTE
    ../clib/microlib/init/entry.s            0x00000000   Number         0  entry2.o ABSOLUTE
    ../clib/microlib/init/entry.s            0x00000000   Number         0  entry8b.o ABSOLUTE
    ../clib/microlib/init/entry.s            0x00000000   Number         0  entry8a.o ABSOLUTE
    ../clib/microlib/init/entry.s            0x00000000   Number         0  entry9b.o ABSOLUTE
    ../clib/microlib/init/entry.s            0x00000000   Number         0  entry10a.o ABSOLUTE
    ../clib/microlib/init/entry.s            0x00000000   Number         0  entry7b.o ABSOLUTE
    ../clib/microlib/init/entry.s            0x00000000   Number         0  entry10b.o ABSOLUTE
    ../clib/microlib/init/entry.s            0x00000000   Number         0  entry11a.o ABSOLUTE
    ../clib/microlib/init/entry.s            0x00000000   Number         0  entry7a.o ABSOLUTE
    ../clib/microlib/init/entry.s            0x00000000   Number         0  entry.o ABSOLUTE
    ../clib/microlib/init/entry.s            0x00000000   Number         0  entry11b.o ABSOLUTE
    ../clib/microlib/init/entry.s            0x00000000   Number         0  entry5.o ABSOLUTE
    ../clib/microlib/longlong.c              0x00000000   Number         0  llsshr.o ABSOLUTE
    ../clib/microlib/longlong.c              0x00000000   Number         0  llshl.o ABSOLUTE
    ../clib/microlib/longlong.c              0x00000000   Number         0  llushr.o ABSOLUTE
    ../clib/microlib/printf/printf.c         0x00000000   Number         0  printfa.o ABSOLUTE
    ../clib/microlib/printf/printf.c         0x00000000   Number         0  printf1.o ABSOLUTE
    ../clib/microlib/printf/printf.c         0x00000000   Number         0  printf2.o ABSOLUTE
    ../clib/microlib/printf/printf.c         0x00000000   Number         0  printf8.o ABSOLUTE
    ../clib/microlib/printf/printf.c         0x00000000   Number         0  printf7.o ABSOLUTE
    ../clib/microlib/printf/printf.c         0x00000000   Number         0  printf6.o ABSOLUTE
    ../clib/microlib/printf/printf.c         0x00000000   Number         0  printf5.o ABSOLUTE
    ../clib/microlib/printf/printf.c         0x00000000   Number         0  printf4.o ABSOLUTE
    ../clib/microlib/printf/printf.c         0x00000000   Number         0  printf3.o ABSOLUTE
    ../clib/microlib/printf/printf.c         0x00000000   Number         0  printf0.o ABSOLUTE
    ../clib/microlib/printf/printf.c         0x00000000   Number         0  printfb.o ABSOLUTE
    ../clib/microlib/printf/stubs.s          0x00000000   Number         0  stubs.o ABSOLUTE
    ../clib/microlib/stdio/streams.c         0x00000000   Number         0  stdout.o ABSOLUTE
    ../clib/microlib/string/memcpy.c         0x00000000   Number         0  memcpya.o ABSOLUTE
    ../clib/microlib/string/memcpy.c         0x00000000   Number         0  memcpyb.o ABSOLUTE
    ../clib/microlib/string/memset.c         0x00000000   Number         0  memseta.o ABSOLUTE
    ../clib/microlib/string/strcpy.c         0x00000000   Number         0  strcpy.o ABSOLUTE
    ../clib/microlib/string/strlen.c         0x00000000   Number         0  strlen.o ABSOLUTE
    ../clib/microlib/string/strncpy.c        0x00000000   Number         0  strncpy.o ABSOLUTE
    ../clib/microlib/string/strstr.c         0x00000000   Number         0  strstr.o ABSOLUTE
    ../clib/microlib/string/strtok.c         0x00000000   Number         0  strtok.o ABSOLUTE
    ../clib/microlib/string/strtok.c         0x00000000   Number         0  strtok_r.o ABSOLUTE
    ../clib/microlib/stubs.s                 0x00000000   Number         0  iusefp.o ABSOLUTE
    ../fplib/microlib/fpadd.c                0x00000000   Number         0  dadd.o ABSOLUTE
    ../fplib/microlib/fpdiv.c                0x00000000   Number         0  ddiv.o ABSOLUTE
    ../fplib/microlib/fpepilogue.c           0x00000000   Number         0  depilogue.o ABSOLUTE
    ../fplib/microlib/fpfix.c                0x00000000   Number         0  dfixul.o ABSOLUTE
    ../fplib/microlib/fpmul.c                0x00000000   Number         0  dmul.o ABSOLUTE
    ..\..\Source\list.c                      0x00000000   Number         0  list.o ABSOLUTE
    ..\..\Source\portable\MemMang\heap_2.c   0x00000000   Number         0  heap_2.o ABSOLUTE
    ..\..\Source\portable\RVDS\ARM_CM3\port.c 0x00000000   Number         0  port.o ABSOLUTE
    ..\..\Source\queue.c                     0x00000000   Number         0  queue.o ABSOLUTE
    ..\..\Source\tasks.c                     0x00000000   Number         0  tasks.o ABSOLUTE
    ..\Common\Minimal\BlockQ.c               0x00000000   Number         0  blockq.o ABSOLUTE
    ..\Common\Minimal\PollQ.c                0x00000000   Number         0  pollq.o ABSOLUTE
    ..\Common\Minimal\blocktim.c             0x00000000   Number         0  blocktim.o ABSOLUTE
    ..\Common\Minimal\death.c                0x00000000   Number         0  death.o ABSOLUTE
    ..\Common\Minimal\flash.c                0x00000000   Number         0  flash.o ABSOLUTE
    ..\Common\Minimal\integer.c              0x00000000   Number         0  integer.o ABSOLUTE
    ..\Common\Minimal\semtest.c              0x00000000   Number         0  semtest.o ABSOLUTE
    ..\Common\drivers\ST\STM32F10xFWLib\src\cortexm3_macro_rvds.s 0x00000000   Number         0  cortexm3_macro_rvds.o ABSOLUTE
    ..\Source\FAT\diskio.c                   0x00000000   Number         0  diskio.o ABSOLUTE
    ..\Source\FAT\ff.c                       0x00000000   Number         0  ff.o ABSOLUTE
    ..\Source\lcd_nokia5110\nokia_5110.c     0x00000000   Number         0  nokia_5110.o ABSOLUTE
    ..\Source\main.c                         0x00000000   Number         0  main.o ABSOLUTE
    ..\Source\serial\serial.c                0x00000000   Number         0  serial.o ABSOLUTE
    ..\Source\sim908.c                       0x00000000   Number         0  sim908.o ABSOLUTE
    ..\Source\stm32_sd_spi.c                 0x00000000   Number         0  stm32_sd_spi.o ABSOLUTE
    ..\Source\stm32_spi.c                    0x00000000   Number         0  stm32_spi.o ABSOLUTE
    ..\\..\\Source\\portable\\RVDS\\ARM_CM3\\port.c 0x00000000   Number         0  port.o ABSOLUTE
    ParTest\ParTest.c                        0x00000000   Number         0  partest.o ABSOLUTE
    STM32F10x.s                              0x00000000   Number         0  stm32f10x.o ABSOLUTE
    STM32F10xFWLib\src\stm32f10x_gpio.c      0x00000000   Number         0  stm32f10x_gpio.o ABSOLUTE
    STM32F10xFWLib\src\stm32f10x_lib.c       0x00000000   Number         0  stm32f10x_lib.o ABSOLUTE
    STM32F10xFWLib\src\stm32f10x_nvic.c      0x00000000   Number         0  stm32f10x_nvic.o ABSOLUTE
    STM32F10xFWLib\src\stm32f10x_rcc.c       0x00000000   Number         0  stm32f10x_rcc.o ABSOLUTE
    STM32F10xFWLib\src\stm32f10x_spi.c       0x00000000   Number         0  stm32f10x_spi.o ABSOLUTE
    STM32F10xFWLib\src\stm32f10x_systick.c   0x00000000   Number         0  stm32f10x_systick.o ABSOLUTE
    STM32F10xFWLib\src\stm32f10x_tim.c       0x00000000   Number         0  stm32f10x_tim.o ABSOLUTE
    STM32F10xFWLib\src\stm32f10x_usart.c     0x00000000   Number         0  stm32f10x_usart.o ABSOLUTE
    cdrcmple.s                               0x00000000   Number         0  cdrcmple.o ABSOLUTE
    dc.s                                     0x00000000   Number         0  dc.o ABSOLUTE
    handlers.s                               0x00000000   Number         0  handlers.o ABSOLUTE
    init.s                                   0x00000000   Number         0  init.o ABSOLUTE
    timertest.c                              0x00000000   Number         0  timertest.o ABSOLUTE
    RESET                                    0x08000000   Section      236  stm32f10x.o(RESET)
    .ARM.Collect$$$$00000000                 0x080000ec   Section        0  entry.o(.ARM.Collect$$$$00000000)
    .ARM.Collect$$$$00000001                 0x080000ec   Section        4  entry2.o(.ARM.Collect$$$$00000001)
    .ARM.Collect$$$$00000004                 0x080000f0   Section        4  entry5.o(.ARM.Collect$$$$00000004)
    .ARM.Collect$$$$00000008                 0x080000f4   Section        0  entry7b.o(.ARM.Collect$$$$00000008)
    .ARM.Collect$$$$0000000A                 0x080000f4   Section        0  entry8b.o(.ARM.Collect$$$$0000000A)
    .ARM.Collect$$$$0000000B                 0x080000f4   Section        8  entry9a.o(.ARM.Collect$$$$0000000B)
    .ARM.Collect$$$$0000000D                 0x080000fc   Section        0  entry10a.o(.ARM.Collect$$$$0000000D)
    .ARM.Collect$$$$0000000F                 0x080000fc   Section        0  entry11a.o(.ARM.Collect$$$$0000000F)
    .ARM.Collect$$$$00002712                 0x080000fc   Section        4  entry2.o(.ARM.Collect$$$$00002712)
    __lit__00000000                          0x080000fc   Data           4  entry2.o(.ARM.Collect$$$$00002712)
    .emb_text                                0x08000100   Section      162  port.o(.emb_text)
    .text                                    0x080001a4   Section       28  stm32f10x.o(.text)
    .text                                    0x080001c0   Section        0  stm32f10x_usart.o(.text)
    .text                                    0x080004e4   Section      110  cortexm3_macro_rvds.o(.text)
    .text                                    0x08000554   Section        0  stm32f10x_gpio.o(.text)
    .text                                    0x0800083c   Section        0  stm32f10x_nvic.o(.text)
    .text                                    0x08000c1c   Section        0  stm32f10x_rcc.o(.text)
    .text                                    0x08000f98   Section        0  stm32f10x_spi.o(.text)
    .text                                    0x080011ac   Section        0  stm32f10x_systick.o(.text)
    .text                                    0x08001270   Section        0  stm32f10x_tim.o(.text)
    TI1_Config                               0x080013cb   Thumb Code    56  stm32f10x_tim.o(.text)
    TI2_Config                               0x0800141d   Thumb Code    80  stm32f10x_tim.o(.text)
    PWMI_Config                              0x0800146d   Thumb Code   124  stm32f10x_tim.o(.text)
    TI4_Config                               0x08001503   Thumb Code    82  stm32f10x_tim.o(.text)
    TI3_Config                               0x08001567   Thumb Code    66  stm32f10x_tim.o(.text)
    ETR_Config                               0x0800172d   Thumb Code    26  stm32f10x_tim.o(.text)
    .text                                    0x08001ad4   Section        0  main.o(.text)
    SDCard_Run                               0x08001ad5   Thumb Code   166  main.o(.text)
    ReadGPSInfo                              0x08001b7b   Thumb Code    16  main.o(.text)
    WriteJsonHeadertoSDcard                  0x08001b8b   Thumb Code    42  main.o(.text)
    WriteGPSDataInfo                         0x08001bb5   Thumb Code    54  main.o(.text)
    vGPSTask                                 0x08001beb   Thumb Code   108  main.o(.text)
    vGPRSTask                                0x08001c57   Thumb Code   280  main.o(.text)
    prvSetupHardware                         0x08001d6f   Thumb Code   220  main.o(.text)
    vSaveLocationTask                        0x08002011   Thumb Code    40  main.o(.text)
    .text                                    0x08002074   Section        0  sim908.o(.text)
    .text                                    0x08002b6c   Section        0  nokia_5110.o(.text)
    .text                                    0x08002dac   Section        0  timertest.o(.text)
    .text                                    0x08002ea4   Section        0  serial.o(.text)
    .text                                    0x08003150   Section        0  stm32_spi.o(.text)
    .text                                    0x08003228   Section        0  diskio.o(.text)
    .text                                    0x08003340   Section        0  ff.o(.text)
    mem_cpy                                  0x08003341   Thumb Code    26  ff.o(.text)
    mem_set                                  0x0800335b   Thumb Code    20  ff.o(.text)
    mem_cmp                                  0x0800336f   Thumb Code    38  ff.o(.text)
    chk_chr                                  0x08003395   Thumb Code    20  ff.o(.text)
    move_window                              0x080033a9   Thumb Code   114  ff.o(.text)
    sync                                     0x0800341b   Thumb Code   202  ff.o(.text)
    remove_chain                             0x08003719   Thumb Code   104  ff.o(.text)
    create_chain                             0x08003781   Thumb Code   202  ff.o(.text)
    dir_sdi                                  0x0800384b   Thumb Code   156  ff.o(.text)
    dir_next                                 0x080038e7   Thumb Code   280  ff.o(.text)
    dir_find                                 0x080039ff   Thumb Code    92  ff.o(.text)
    dir_register                             0x08003a5b   Thumb Code   110  ff.o(.text)
    create_name                              0x08003ac9   Thumb Code   262  ff.o(.text)
    follow_path                              0x08003bcf   Thumb Code   158  ff.o(.text)
    check_fs                                 0x08003c6d   Thumb Code   138  ff.o(.text)
    chk_mounted                              0x08003cf7   Thumb Code   922  ff.o(.text)
    validate                                 0x08004091   Thumb Code    42  ff.o(.text)
    .text                                    0x08004684   Section        0  stm32_sd_spi.o(.text)
    SD_SendCmd                               0x08004685   Thumb Code   108  stm32_sd_spi.o(.text)
    SD_GetResponse4b                         0x080046f1   Thumb Code    38  stm32_sd_spi.o(.text)
    SD_FixSectorSize                         0x08004717   Thumb Code    16  stm32_sd_spi.o(.text)
    SD_WaitReady                             0x08004727   Thumb Code    36  stm32_sd_spi.o(.text)
    SD_WaitBytesRead                         0x0800474b   Thumb Code    34  stm32_sd_spi.o(.text)
    SD_WaitBytesWritten                      0x0800476d   Thumb Code    32  stm32_sd_spi.o(.text)
    SD_WaitBytesErased                       0x0800478d   Thumb Code    32  stm32_sd_spi.o(.text)
    SD_Bus_Hold                              0x080047ad   Thumb Code    14  stm32_sd_spi.o(.text)
    SD_Bus_Release                           0x080047bb   Thumb Code    20  stm32_sd_spi.o(.text)
    SD_GoIdleState                           0x080047cf   Thumb Code   362  stm32_sd_spi.o(.text)
    SD_ReceiveData                           0x08004939   Thumb Code    78  stm32_sd_spi.o(.text)
    SD_GetCSDRegister                        0x08004987   Thumb Code   554  stm32_sd_spi.o(.text)
    SD_GetCIDRegister                        0x08004bb1   Thumb Code   214  stm32_sd_spi.o(.text)
    SD_GetSCRRegister                        0x08004c87   Thumb Code   220  stm32_sd_spi.o(.text)
    .text                                    0x080067e0   Section        0  tasks.o(.text)
    prvInitialiseTaskLists                   0x080067e1   Thumb Code    70  tasks.o(.text)
    prvInitialiseTCBVariables                0x08006827   Thumb Code    98  tasks.o(.text)
    prvAllocateTCBAndStack                   0x08006889   Thumb Code    54  tasks.o(.text)
    prvResetNextTaskUnblockTime              0x080069a1   Thumb Code    42  tasks.o(.text)
    prvAddCurrentTaskToDelayedList           0x08006c53   Thumb Code    62  tasks.o(.text)
    prvTaskIsTaskSuspended                   0x08006f5f   Thumb Code    56  tasks.o(.text)
    prvDeleteTCB                             0x080070a1   Thumb Code    18  tasks.o(.text)
    prvCheckTasksWaitingTermination          0x080070b3   Thumb Code    86  tasks.o(.text)
    prvIdleTask                              0x08007109   Thumb Code    20  tasks.o(.text)
    .text                                    0x080078a4   Section        0  list.o(.text)
    .text                                    0x08007938   Section        0  queue.o(.text)
    prvUnlockQueue                           0x080079ed   Thumb Code   126  queue.o(.text)
    prvIsQueueFull                           0x08007a6b   Thumb Code    30  queue.o(.text)
    prvCopyDataToQueue                       0x08007a89   Thumb Code   128  queue.o(.text)
    prvIsQueueEmpty                          0x08007cff   Thumb Code    26  queue.o(.text)
    prvCopyDataFromQueue                     0x08007d19   Thumb Code    42  queue.o(.text)
    .text                                    0x08007f50   Section        0  port.o(.text)
    prvTaskExitError                         0x08007f51   Thumb Code     8  port.o(.text)
    .text                                    0x08008024   Section        0  heap_2.o(.text)
    prvHeapInit                              0x08008025   Thumb Code    42  heap_2.o(.text)
    .text                                    0x08008148   Section        0  memcpya.o(.text)
    .text                                    0x0800816c   Section        0  memseta.o(.text)
    .text                                    0x08008190   Section        0  strstr.o(.text)
    .text                                    0x080081b4   Section        0  strncpy.o(.text)
    .text                                    0x080081cc   Section        0  strlen.o(.text)
    .text                                    0x080081da   Section        0  strcpy.o(.text)
    .text                                    0x080081ec   Section        0  strtok.o(.text)
    .text                                    0x08008230   Section        0  uldiv.o(.text)
    .text                                    0x08008294   Section       36  init.o(.text)
    .text                                    0x080082b8   Section        0  llshl.o(.text)
    .text                                    0x080082d6   Section        0  llushr.o(.text)
    .text                                    0x080082f6   Section        0  __dczerorl2.o(.text)
    i.__0printf$5                            0x0800834c   Section        0  printf5.o(i.__0printf$5)
    i.__0sprintf$5                           0x0800836c   Section        0  printf5.o(i.__0sprintf$5)
    i.__scatterload_copy                     0x08008394   Section       14  handlers.o(i.__scatterload_copy)
    i.__scatterload_null                     0x080083a2   Section        2  handlers.o(i.__scatterload_null)
    i.__scatterload_zeroinit                 0x080083a4   Section       14  handlers.o(i.__scatterload_zeroinit)
    i._printf_core                           0x080083b4   Section        0  printf5.o(i._printf_core)
    _printf_core                             0x080083b5   Thumb Code   658  printf5.o(i._printf_core)
    i._sputc                                 0x08008674   Section        0  printf5.o(i._sputc)
    _sputc                                   0x08008675   Thumb Code    10  printf5.o(i._sputc)
    .constdata                               0x0800867e   Section       20  stm32f10x_rcc.o(.constdata)
    APBAHBPrescTable                         0x0800867e   Data          16  stm32f10x_rcc.o(.constdata)
    ADCPrescTable                            0x0800868e   Data           4  stm32f10x_rcc.o(.constdata)
    .constdata                               0x08008692   Section       16  stm32f10x_tim.o(.constdata)
    Tab_OCModeMask                           0x08008692   Data           8  stm32f10x_tim.o(.constdata)
    Tab_PolarityMask                         0x0800869a   Data           8  stm32f10x_tim.o(.constdata)
    .constdata                               0x080086a2   Section       28  main.o(.constdata)
    filename                                 0x080086a2   Data          13  main.o(.constdata)
    filecontext                              0x080086af   Data          15  main.o(.constdata)
    .data                                    0x20000000   Section        9  main.o(.data)
    gps_cnt                                  0x20000008   Data           1  main.o(.data)
    .data                                    0x2000000c   Section        4  sim908.o(.data)
    .data                                    0x20000010   Section      552  nokia_5110.o(.data)
    .data                                    0x20000238   Section        8  timertest.o(.data)
    usLastCount                              0x2000023a   Data           2  timertest.o(.data)
    usSettleCount                            0x2000023c   Data           2  timertest.o(.data)
    usMaxDifference                          0x2000023e   Data           2  timertest.o(.data)
    .data                                    0x20000240   Section        6  ff.o(.data)
    FatFs                                    0x20000240   Data           4  ff.o(.data)
    Fsid                                     0x20000244   Data           2  ff.o(.data)
    .data                                    0x20000246   Section        1  stm32_sd_spi.o(.data)
    .data                                    0x20000248   Section       56  tasks.o(.data)
    pxDelayedTaskList                        0x2000024c   Data           4  tasks.o(.data)
    pxOverflowDelayedTaskList                0x20000250   Data           4  tasks.o(.data)
    uxTasksDeleted                           0x20000254   Data           4  tasks.o(.data)
    uxCurrentNumberOfTasks                   0x20000258   Data           4  tasks.o(.data)
    xTickCount                               0x2000025c   Data           4  tasks.o(.data)
    uxTopReadyPriority                       0x20000260   Data           4  tasks.o(.data)
    xSchedulerRunning                        0x20000264   Data           4  tasks.o(.data)
    uxPendedTicks                            0x20000268   Data           4  tasks.o(.data)
    xYieldPending                            0x2000026c   Data           4  tasks.o(.data)
    xNumOfOverflows                          0x20000270   Data           4  tasks.o(.data)
    uxTaskNumber                             0x20000274   Data           4  tasks.o(.data)
    xNextTaskUnblockTime                     0x20000278   Data           4  tasks.o(.data)
    uxSchedulerSuspended                     0x2000027c   Data           4  tasks.o(.data)
    .data                                    0x20000280   Section        4  port.o(.data)
    uxCriticalNesting                        0x20000280   Data           4  port.o(.data)
    .data                                    0x20000284   Section       24  heap_2.o(.data)
    xStart                                   0x20000284   Data           8  heap_2.o(.data)
    xEnd                                     0x2000028c   Data           8  heap_2.o(.data)
    xFreeBytesRemaining                      0x20000294   Data           4  heap_2.o(.data)
    xHeapHasBeenInitialised                  0x20000298   Data           4  heap_2.o(.data)
    .data                                    0x2000029c   Section        4  strtok.o(.data)
    state                                    0x2000029c   Data           4  strtok.o(.data)
    .data                                    0x200002a0   Section        4  stdout.o(.data)
    .bss                                     0x200002a4   Section     1620  main.o(.bss)
    fs                                       0x200002a4   Data         560  main.o(.bss)
    f                                        0x200004d4   Data          36  main.o(.bss)
    buff                                     0x200004f8   Data         512  main.o(.bss)
    buff1                                    0x200006f8   Data         512  main.o(.bss)
    .bss                                     0x200008f8   Section       24  serial.o(.bss)
    .bss                                     0x20000910   Section      200  tasks.o(.bss)
    pxReadyTasksLists                        0x20000910   Data         100  tasks.o(.bss)
    xDelayedTaskList1                        0x20000974   Data          20  tasks.o(.bss)
    xDelayedTaskList2                        0x20000988   Data          20  tasks.o(.bss)
    xPendingReadyList                        0x2000099c   Data          20  tasks.o(.bss)
    xTasksWaitingTermination                 0x200009b0   Data          20  tasks.o(.bss)
    xSuspendedTaskList                       0x200009c4   Data          20  tasks.o(.bss)
    .bss                                     0x200009d8   Section    16384  heap_2.o(.bss)
    ucHeap                                   0x200009d8   Data       16384  heap_2.o(.bss)
    STACK                                    0x200049d8   Section      512  stm32f10x.o(STACK)

    Global Symbols

    Symbol Name                              Value     Ov Type        Size  Object(Section)

    BuildAttributes$$THM_ISAv4$P$D$K$B$S$PE$A:L22UL41UL21$X:L11$S22US41US21$IEEE1$IW$USESV6$~STKCKD$USESV7$~SHL$OSPACE$ROPI$EBA8$MICROLIB$REQ8$PRES8$EABIv2 0x00000000   Number         0  anon$$obj.o ABSOLUTE
    __ARM_use_no_argv                        0x00000000   Number         0  main.o ABSOLUTE
    _printf_a                                0x00000000   Number         0  stubs.o ABSOLUTE
    _printf_c                                0x00000000   Number         0  stubs.o ABSOLUTE
    _printf_charcount                        0x00000000   Number         0  stubs.o ABSOLUTE
    _printf_d                                0x00000000   Number         0  stubs.o ABSOLUTE
    _printf_e                                0x00000000   Number         0  stubs.o ABSOLUTE
    _printf_f                                0x00000000   Number         0  stubs.o ABSOLUTE
    _printf_flags                            0x00000000   Number         0  stubs.o ABSOLUTE
    _printf_fp_dec                           0x00000000   Number         0  stubs.o ABSOLUTE
    _printf_fp_hex                           0x00000000   Number         0  stubs.o ABSOLUTE
    _printf_g                                0x00000000   Number         0  stubs.o ABSOLUTE
    _printf_i                                0x00000000   Number         0  stubs.o ABSOLUTE
    _printf_int_dec                          0x00000000   Number         0  stubs.o ABSOLUTE
    _printf_l                                0x00000000   Number         0  stubs.o ABSOLUTE
    _printf_lc                               0x00000000   Number         0  stubs.o ABSOLUTE
    _printf_ll                               0x00000000   Number         0  stubs.o ABSOLUTE
    _printf_lld                              0x00000000   Number         0  stubs.o ABSOLUTE
    _printf_lli                              0x00000000   Number         0  stubs.o ABSOLUTE
    _printf_llo                              0x00000000   Number         0  stubs.o ABSOLUTE
    _printf_llu                              0x00000000   Number         0  stubs.o ABSOLUTE
    _printf_llx                              0x00000000   Number         0  stubs.o ABSOLUTE
    _printf_longlong_dec                     0x00000000   Number         0  stubs.o ABSOLUTE
    _printf_longlong_hex                     0x00000000   Number         0  stubs.o ABSOLUTE
    _printf_longlong_oct                     0x00000000   Number         0  stubs.o ABSOLUTE
    _printf_ls                               0x00000000   Number         0  stubs.o ABSOLUTE
    _printf_mbtowc                           0x00000000   Number         0  stubs.o ABSOLUTE
    _printf_n                                0x00000000   Number         0  stubs.o ABSOLUTE
    _printf_o                                0x00000000   Number         0  stubs.o ABSOLUTE
    _printf_p                                0x00000000   Number         0  stubs.o ABSOLUTE
    _printf_percent                          0x00000000   Number         0  stubs.o ABSOLUTE
    _printf_pre_padding                      0x00000000   Number         0  stubs.o ABSOLUTE
    _printf_return_value                     0x00000000   Number         0  stubs.o ABSOLUTE
    _printf_s                                0x00000000   Number         0  stubs.o ABSOLUTE
    _printf_sizespec                         0x00000000   Number         0  stubs.o ABSOLUTE
    _printf_str                              0x00000000   Number         0  stubs.o ABSOLUTE
    _printf_truncate_signed                  0x00000000   Number         0  stubs.o ABSOLUTE
    _printf_truncate_unsigned                0x00000000   Number         0  stubs.o ABSOLUTE
    _printf_u                                0x00000000   Number         0  stubs.o ABSOLUTE
    _printf_wc                               0x00000000   Number         0  stubs.o ABSOLUTE
    _printf_wctomb                           0x00000000   Number         0  stubs.o ABSOLUTE
    _printf_widthprec                        0x00000000   Number         0  stubs.o ABSOLUTE
    _printf_x                                0x00000000   Number         0  stubs.o ABSOLUTE
    __cpp_initialize__aeabi_                  - Undefined Weak Reference
    __cxa_finalize                            - Undefined Weak Reference
    _clock_init                               - Undefined Weak Reference
    _microlib_exit                            - Undefined Weak Reference
    __Vectors                                0x08000000   Data           4  stm32f10x.o(RESET)
    __main                                   0x080000ed   Thumb Code     0  entry.o(.ARM.Collect$$$$00000000)
    _main_stk                                0x080000ed   Thumb Code     0  entry2.o(.ARM.Collect$$$$00000001)
    _main_scatterload                        0x080000f1   Thumb Code     0  entry5.o(.ARM.Collect$$$$00000004)
    __main_after_scatterload                 0x080000f5   Thumb Code     0  entry5.o(.ARM.Collect$$$$00000004)
    _main_clock                              0x080000f5   Thumb Code     0  entry7b.o(.ARM.Collect$$$$00000008)
    _main_cpp_init                           0x080000f5   Thumb Code     0  entry8b.o(.ARM.Collect$$$$0000000A)
    _main_init                               0x080000f5   Thumb Code     0  entry9a.o(.ARM.Collect$$$$0000000B)
    __rt_final_cpp                           0x080000fd   Thumb Code     0  entry10a.o(.ARM.Collect$$$$0000000D)
    __rt_final_exit                          0x080000fd   Thumb Code     0  entry11a.o(.ARM.Collect$$$$0000000F)
    vPortSVCHandler                          0x08000101   Thumb Code    32  port.o(.emb_text)
    __asm___6_port_c_39a90d8d__prvStartFirstTask 0x08000125   Thumb Code    28  port.o(.emb_text)
    xPortPendSVHandler                       0x08000145   Thumb Code    64  port.o(.emb_text)
    ulPortSetInterruptMask                   0x08000189   Thumb Code    14  port.o(.emb_text)
    vPortClearInterruptMask                  0x08000197   Thumb Code     6  port.o(.emb_text)
    vPortGetIPSR                             0x0800019d   Thumb Code     6  port.o(.emb_text)
    Reset_Handler                            0x080001a5   Thumb Code     4  stm32f10x.o(.text)
    NMI_Handler                              0x080001a9   Thumb Code     2  stm32f10x.o(.text)
    HardFault_Handler                        0x080001ab   Thumb Code     2  stm32f10x.o(.text)
    MemManage_Handler                        0x080001ad   Thumb Code     2  stm32f10x.o(.text)
    BusFault_Handler                         0x080001af   Thumb Code     2  stm32f10x.o(.text)
    UsageFault_Handler                       0x080001b1   Thumb Code     2  stm32f10x.o(.text)
    SVC_Handler                              0x080001b3   Thumb Code     2  stm32f10x.o(.text)
    DebugMon_Handler                         0x080001b5   Thumb Code     2  stm32f10x.o(.text)
    PendSV_Handler                           0x080001b7   Thumb Code     2  stm32f10x.o(.text)
    SysTick_Handler                          0x080001b9   Thumb Code     2  stm32f10x.o(.text)
    ADC_IRQHandler                           0x080001bb   Thumb Code     0  stm32f10x.o(.text)
    CAN_RX1_IRQHandler                       0x080001bb   Thumb Code     0  stm32f10x.o(.text)
    CAN_SCE_IRQHandler                       0x080001bb   Thumb Code     0  stm32f10x.o(.text)
    DMAChannel1_IRQHandler                   0x080001bb   Thumb Code     0  stm32f10x.o(.text)
    DMAChannel2_IRQHandler                   0x080001bb   Thumb Code     0  stm32f10x.o(.text)
    DMAChannel3_IRQHandler                   0x080001bb   Thumb Code     0  stm32f10x.o(.text)
    DMAChannel4_IRQHandler                   0x080001bb   Thumb Code     0  stm32f10x.o(.text)
    DMAChannel5_IRQHandler                   0x080001bb   Thumb Code     0  stm32f10x.o(.text)
    DMAChannel6_IRQHandler                   0x080001bb   Thumb Code     0  stm32f10x.o(.text)
    DMAChannel7_IRQHandler                   0x080001bb   Thumb Code     0  stm32f10x.o(.text)
    EXTI0_IRQHandler                         0x080001bb   Thumb Code     0  stm32f10x.o(.text)
    EXTI15_10_IRQHandler                     0x080001bb   Thumb Code     0  stm32f10x.o(.text)
    EXTI1_IRQHandler                         0x080001bb   Thumb Code     0  stm32f10x.o(.text)
    EXTI2_IRQHandler                         0x080001bb   Thumb Code     0  stm32f10x.o(.text)
    EXTI3_IRQHandler                         0x080001bb   Thumb Code     0  stm32f10x.o(.text)
    EXTI4_IRQHandler                         0x080001bb   Thumb Code     0  stm32f10x.o(.text)
    EXTI9_5_IRQHandler                       0x080001bb   Thumb Code     0  stm32f10x.o(.text)
    FLASH_IRQHandler                         0x080001bb   Thumb Code     0  stm32f10x.o(.text)
    I2C1_ER_IRQHandler                       0x080001bb   Thumb Code     0  stm32f10x.o(.text)
    I2C1_EV_IRQHandler                       0x080001bb   Thumb Code     0  stm32f10x.o(.text)
    I2C2_ER_IRQHandler                       0x080001bb   Thumb Code     0  stm32f10x.o(.text)
    I2C2_EV_IRQHandler                       0x080001bb   Thumb Code     0  stm32f10x.o(.text)
    PVD_IRQHandler                           0x080001bb   Thumb Code     0  stm32f10x.o(.text)
    RCC_IRQHandler                           0x080001bb   Thumb Code     0  stm32f10x.o(.text)
    RTCAlarm_IRQHandler                      0x080001bb   Thumb Code     0  stm32f10x.o(.text)
    RTC_IRQHandler                           0x080001bb   Thumb Code     0  stm32f10x.o(.text)
    SPI1_IRQHandler                          0x080001bb   Thumb Code     0  stm32f10x.o(.text)
    SPI2_IRQHandler                          0x080001bb   Thumb Code     0  stm32f10x.o(.text)
    TAMPER_IRQHandler                        0x080001bb   Thumb Code     0  stm32f10x.o(.text)
    TIM1_BRK_IRQHandler                      0x080001bb   Thumb Code     0  stm32f10x.o(.text)
    TIM1_CC_IRQHandler                       0x080001bb   Thumb Code     0  stm32f10x.o(.text)
    TIM1_TRG_COM_IRQHandler                  0x080001bb   Thumb Code     0  stm32f10x.o(.text)
    TIM1_UP_IRQHandler                       0x080001bb   Thumb Code     0  stm32f10x.o(.text)
    TIM2_IRQHandler                          0x080001bb   Thumb Code     0  stm32f10x.o(.text)
    TIM3_IRQHandler                          0x080001bb   Thumb Code     0  stm32f10x.o(.text)
    TIM4_IRQHandler                          0x080001bb   Thumb Code     0  stm32f10x.o(.text)
    USART1_IRQHandler                        0x080001bb   Thumb Code     0  stm32f10x.o(.text)
    USART2_IRQHandler                        0x080001bb   Thumb Code     0  stm32f10x.o(.text)
    USART3_IRQHandler                        0x080001bb   Thumb Code     0  stm32f10x.o(.text)
    USBWakeUp_IRQHandler                     0x080001bb   Thumb Code     0  stm32f10x.o(.text)
    USB_HP_CAN_TX_IRQHandler                 0x080001bb   Thumb Code     0  stm32f10x.o(.text)
    USB_LP_CAN_RX0_IRQHandler                0x080001bb   Thumb Code     0  stm32f10x.o(.text)
    WWDG_IRQHandler                          0x080001bb   Thumb Code     0  stm32f10x.o(.text)
    USART_DeInit                             0x080001c1   Thumb Code    88  stm32f10x_usart.o(.text)
    USART_Init                               0x08000219   Thumb Code   168  stm32f10x_usart.o(.text)
    USART_StructInit                         0x080002c1   Thumb Code    32  stm32f10x_usart.o(.text)
    USART_Cmd                                0x080002e1   Thumb Code    24  stm32f10x_usart.o(.text)
    USART_ITConfig                           0x080002f9   Thumb Code    64  stm32f10x_usart.o(.text)
    USART_DMACmd                             0x08000339   Thumb Code    18  stm32f10x_usart.o(.text)
    USART_SetAddress                         0x0800034b   Thumb Code    18  stm32f10x_usart.o(.text)
    USART_WakeUpConfig                       0x0800035d   Thumb Code    18  stm32f10x_usart.o(.text)
    USART_ReceiverWakeUpCmd                  0x0800036f   Thumb Code    24  stm32f10x_usart.o(.text)
    USART_LINBreakDetectLengthConfig         0x08000387   Thumb Code    18  stm32f10x_usart.o(.text)
    USART_LINCmd                             0x08000399   Thumb Code    24  stm32f10x_usart.o(.text)
    USART_SendData                           0x080003b1   Thumb Code     8  stm32f10x_usart.o(.text)
    USART_ReceiveData                        0x080003b9   Thumb Code    10  stm32f10x_usart.o(.text)
    USART_SendBreak                          0x080003c3   Thumb Code    10  stm32f10x_usart.o(.text)
    USART_SetGuardTime                       0x080003cd   Thumb Code    16  stm32f10x_usart.o(.text)
    USART_SetPrescaler                       0x080003dd   Thumb Code    16  stm32f10x_usart.o(.text)
    USART_SmartCardCmd                       0x080003ed   Thumb Code    24  stm32f10x_usart.o(.text)
    USART_SmartCardNACKCmd                   0x08000405   Thumb Code    24  stm32f10x_usart.o(.text)
    USART_HalfDuplexCmd                      0x0800041d   Thumb Code    24  stm32f10x_usart.o(.text)
    USART_IrDAConfig                         0x08000435   Thumb Code    18  stm32f10x_usart.o(.text)
    USART_IrDACmd                            0x08000447   Thumb Code    24  stm32f10x_usart.o(.text)
    USART_GetFlagStatus                      0x0800045f   Thumb Code    18  stm32f10x_usart.o(.text)
    USART_ClearFlag                          0x08000471   Thumb Code     8  stm32f10x_usart.o(.text)
    USART_GetITStatus                        0x08000479   Thumb Code    76  stm32f10x_usart.o(.text)
    USART_ClearITPendingBit                  0x080004c5   Thumb Code    22  stm32f10x_usart.o(.text)
    __WFI                                    0x080004e5   Thumb Code     0  cortexm3_macro_rvds.o(.text)
    __WFE                                    0x080004e9   Thumb Code     0  cortexm3_macro_rvds.o(.text)
    __SEV                                    0x080004ed   Thumb Code     0  cortexm3_macro_rvds.o(.text)
    __ISB                                    0x080004f1   Thumb Code     0  cortexm3_macro_rvds.o(.text)
    __DSB                                    0x080004f7   Thumb Code     0  cortexm3_macro_rvds.o(.text)
    __DMB                                    0x080004fd   Thumb Code     0  cortexm3_macro_rvds.o(.text)
    __SVC                                    0x08000503   Thumb Code     0  cortexm3_macro_rvds.o(.text)
    __MRS_CONTROL                            0x08000507   Thumb Code     0  cortexm3_macro_rvds.o(.text)
    __MSR_CONTROL                            0x0800050d   Thumb Code     0  cortexm3_macro_rvds.o(.text)
    __MRS_PSP                                0x08000517   Thumb Code     0  cortexm3_macro_rvds.o(.text)
    __MSR_PSP                                0x0800051d   Thumb Code     0  cortexm3_macro_rvds.o(.text)
    __MRS_MSP                                0x08000523   Thumb Code     0  cortexm3_macro_rvds.o(.text)
    __MSR_MSP                                0x08000529   Thumb Code     0  cortexm3_macro_rvds.o(.text)
    __SETPRIMASK                             0x0800052f   Thumb Code     0  cortexm3_macro_rvds.o(.text)
    __RESETPRIMASK                           0x08000533   Thumb Code     0  cortexm3_macro_rvds.o(.text)
    __SETFAULTMASK                           0x08000537   Thumb Code     0  cortexm3_macro_rvds.o(.text)
    __RESETFAULTMASK                         0x0800053b   Thumb Code     0  cortexm3_macro_rvds.o(.text)
    __BASEPRICONFIG                          0x0800053f   Thumb Code     0  cortexm3_macro_rvds.o(.text)
    __GetBASEPRI                             0x08000545   Thumb Code     0  cortexm3_macro_rvds.o(.text)
    __REV_HalfWord                           0x0800054b   Thumb Code     0  cortexm3_macro_rvds.o(.text)
    __REV_Word                               0x0800054f   Thumb Code     0  cortexm3_macro_rvds.o(.text)
    GPIO_DeInit                              0x08000555   Thumb Code   138  stm32f10x_gpio.o(.text)
    GPIO_AFIODeInit                          0x080005df   Thumb Code    20  stm32f10x_gpio.o(.text)
    GPIO_Init                                0x080005f3   Thumb Code   278  stm32f10x_gpio.o(.text)
    GPIO_StructInit                          0x08000709   Thumb Code    16  stm32f10x_gpio.o(.text)
    GPIO_ReadInputDataBit                    0x08000719   Thumb Code    18  stm32f10x_gpio.o(.text)
    GPIO_ReadInputData                       0x0800072b   Thumb Code     8  stm32f10x_gpio.o(.text)
    GPIO_ReadOutputDataBit                   0x08000733   Thumb Code    18  stm32f10x_gpio.o(.text)
    GPIO_ReadOutputData                      0x08000745   Thumb Code     8  stm32f10x_gpio.o(.text)
    GPIO_WriteBit                            0x0800074d   Thumb Code    10  stm32f10x_gpio.o(.text)
    GPIO_Write                               0x08000757   Thumb Code     4  stm32f10x_gpio.o(.text)
    GPIO_SetBits                             0x0800075b   Thumb Code     4  stm32f10x_gpio.o(.text)
    GPIO_ResetBits                           0x0800075f   Thumb Code     4  stm32f10x_gpio.o(.text)
    GPIO_PinLockConfig                       0x08000763   Thumb Code    18  stm32f10x_gpio.o(.text)
    GPIO_EventOutputConfig                   0x08000775   Thumb Code    26  stm32f10x_gpio.o(.text)
    GPIO_EventOutputCmd                      0x0800078f   Thumb Code     6  stm32f10x_gpio.o(.text)
    GPIO_PinRemapConfig                      0x08000795   Thumb Code    86  stm32f10x_gpio.o(.text)
    GPIO_EXTILineConfig                      0x080007eb   Thumb Code    66  stm32f10x_gpio.o(.text)
    NVIC_DeInit                              0x0800083d   Thumb Code    54  stm32f10x_nvic.o(.text)
    NVIC_SCBDeInit                           0x08000873   Thumb Code    76  stm32f10x_nvic.o(.text)
    NVIC_PriorityGroupConfig                 0x080008bf   Thumb Code    12  stm32f10x_nvic.o(.text)
    NVIC_Init                                0x080008cb   Thumb Code   152  stm32f10x_nvic.o(.text)
    NVIC_StructInit                          0x08000963   Thumb Code    12  stm32f10x_nvic.o(.text)
    NVIC_SETPRIMASK                          0x0800096f   Thumb Code     8  stm32f10x_nvic.o(.text)
    NVIC_RESETPRIMASK                        0x08000977   Thumb Code     8  stm32f10x_nvic.o(.text)
    NVIC_SETFAULTMASK                        0x0800097f   Thumb Code     8  stm32f10x_nvic.o(.text)
    NVIC_RESETFAULTMASK                      0x08000987   Thumb Code     8  stm32f10x_nvic.o(.text)
    NVIC_BASEPRICONFIG                       0x0800098f   Thumb Code    12  stm32f10x_nvic.o(.text)
    NVIC_GetBASEPRI                          0x0800099b   Thumb Code     8  stm32f10x_nvic.o(.text)
    NVIC_GetCurrentPendingIRQChannel         0x080009a3   Thumb Code    10  stm32f10x_nvic.o(.text)
    NVIC_GetIRQChannelPendingBitStatus       0x080009ad   Thumb Code    42  stm32f10x_nvic.o(.text)
    NVIC_SetIRQChannelPendingBit             0x080009d7   Thumb Code     6  stm32f10x_nvic.o(.text)
    NVIC_ClearIRQChannelPendingBit           0x080009dd   Thumb Code    20  stm32f10x_nvic.o(.text)
    NVIC_GetCurrentActiveHandler             0x080009f1   Thumb Code    10  stm32f10x_nvic.o(.text)
    NVIC_GetIRQChannelActiveBitStatus        0x080009fb   Thumb Code    42  stm32f10x_nvic.o(.text)
    NVIC_GetCPUID                            0x08000a25   Thumb Code     8  stm32f10x_nvic.o(.text)
    NVIC_SetVectorTable                      0x08000a2d   Thumb Code    22  stm32f10x_nvic.o(.text)
    NVIC_GenerateSystemReset                 0x08000a43   Thumb Code    12  stm32f10x_nvic.o(.text)
    NVIC_GenerateCoreReset                   0x08000a4f   Thumb Code    12  stm32f10x_nvic.o(.text)
    NVIC_SystemLPConfig                      0x08000a5b   Thumb Code    34  stm32f10x_nvic.o(.text)
    NVIC_SystemHandlerConfig                 0x08000a7d   Thumb Code    48  stm32f10x_nvic.o(.text)
    NVIC_SystemHandlerPriorityConfig         0x08000aad   Thumb Code   110  stm32f10x_nvic.o(.text)
    NVIC_GetSystemHandlerPendingBitStatus    0x08000b1b   Thumb Code    44  stm32f10x_nvic.o(.text)
    NVIC_SetSystemHandlerPendingBit          0x08000b47   Thumb Code    22  stm32f10x_nvic.o(.text)
    NVIC_ClearSystemHandlerPendingBit        0x08000b5d   Thumb Code    26  stm32f10x_nvic.o(.text)
    NVIC_GetSystemHandlerActiveBitStatus     0x08000b77   Thumb Code    42  stm32f10x_nvic.o(.text)
    NVIC_GetFaultHandlerSources              0x08000ba1   Thumb Code    66  stm32f10x_nvic.o(.text)
    NVIC_GetFaultAddress                     0x08000be3   Thumb Code    28  stm32f10x_nvic.o(.text)
    RCC_DeInit                               0x08000c1d   Thumb Code    78  stm32f10x_rcc.o(.text)
    RCC_HSEConfig                            0x08000c6b   Thumb Code    70  stm32f10x_rcc.o(.text)
    RCC_AdjustHSICalibrationValue            0x08000cb1   Thumb Code    20  stm32f10x_rcc.o(.text)
    RCC_HSICmd                               0x08000cc5   Thumb Code     6  stm32f10x_rcc.o(.text)
    RCC_PLLConfig                            0x08000ccb   Thumb Code    24  stm32f10x_rcc.o(.text)
    RCC_PLLCmd                               0x08000ce3   Thumb Code     6  stm32f10x_rcc.o(.text)
    RCC_SYSCLKConfig                         0x08000ce9   Thumb Code    18  stm32f10x_rcc.o(.text)
    RCC_GetSYSCLKSource                      0x08000cfb   Thumb Code    10  stm32f10x_rcc.o(.text)
    RCC_HCLKConfig                           0x08000d05   Thumb Code    18  stm32f10x_rcc.o(.text)
    RCC_PCLK1Config                          0x08000d17   Thumb Code    18  stm32f10x_rcc.o(.text)
    RCC_PCLK2Config                          0x08000d29   Thumb Code    20  stm32f10x_rcc.o(.text)
    RCC_ITConfig                             0x08000d3d   Thumb Code    26  stm32f10x_rcc.o(.text)
    RCC_USBCLKConfig                         0x08000d57   Thumb Code     8  stm32f10x_rcc.o(.text)
    RCC_ADCCLKConfig                         0x08000d5f   Thumb Code    18  stm32f10x_rcc.o(.text)
    RCC_LSEConfig                            0x08000d71   Thumb Code    50  stm32f10x_rcc.o(.text)
    RCC_LSICmd                               0x08000da3   Thumb Code     6  stm32f10x_rcc.o(.text)
    RCC_RTCCLKConfig                         0x08000da9   Thumb Code    12  stm32f10x_rcc.o(.text)
    RCC_RTCCLKCmd                            0x08000db5   Thumb Code     8  stm32f10x_rcc.o(.text)
    RCC_GetClocksFreq                        0x08000dbd   Thumb Code   192  stm32f10x_rcc.o(.text)
    RCC_AHBPeriphClockCmd                    0x08000e7d   Thumb Code    26  stm32f10x_rcc.o(.text)
    RCC_APB2PeriphClockCmd                   0x08000e97   Thumb Code    26  stm32f10x_rcc.o(.text)
    RCC_APB1PeriphClockCmd                   0x08000eb1   Thumb Code    26  stm32f10x_rcc.o(.text)
    RCC_APB2PeriphResetCmd                   0x08000ecb   Thumb Code    26  stm32f10x_rcc.o(.text)
    RCC_APB1PeriphResetCmd                   0x08000ee5   Thumb Code    26  stm32f10x_rcc.o(.text)
    RCC_BackupResetCmd                       0x08000eff   Thumb Code     8  stm32f10x_rcc.o(.text)
    RCC_ClockSecuritySystemCmd               0x08000f07   Thumb Code     6  stm32f10x_rcc.o(.text)
    RCC_MCOConfig                            0x08000f0d   Thumb Code     6  stm32f10x_rcc.o(.text)
    RCC_GetFlagStatus                        0x08000f13   Thumb Code    56  stm32f10x_rcc.o(.text)
    RCC_ClearFlag                            0x08000f4b   Thumb Code    14  stm32f10x_rcc.o(.text)
    RCC_GetITStatus                          0x08000f59   Thumb Code    20  stm32f10x_rcc.o(.text)
    RCC_ClearITPendingBit                    0x08000f6d   Thumb Code     6  stm32f10x_rcc.o(.text)
    SPI_DeInit                               0x08000f99   Thumb Code    62  stm32f10x_spi.o(.text)
    SPI_Init                                 0x08000fd7   Thumb Code    50  stm32f10x_spi.o(.text)
    SPI_StructInit                           0x08001009   Thumb Code    24  stm32f10x_spi.o(.text)
    SPI_Cmd                                  0x08001021   Thumb Code    24  stm32f10x_spi.o(.text)
    SPI_ITConfig                             0x08001039   Thumb Code    32  stm32f10x_spi.o(.text)
    SPI_DMACmd                               0x08001059   Thumb Code    18  stm32f10x_spi.o(.text)
    SPI_SendData                             0x0800106b   Thumb Code     4  stm32f10x_spi.o(.text)
    SPI_ReceiveData                          0x0800106f   Thumb Code     6  stm32f10x_spi.o(.text)
    SPI_NSSInternalSoftwareConfig            0x08001075   Thumb Code    30  stm32f10x_spi.o(.text)
    SPI_SSOutputCmd                          0x08001093   Thumb Code    24  stm32f10x_spi.o(.text)
    SPI_DataSizeConfig                       0x080010ab   Thumb Code    20  stm32f10x_spi.o(.text)
    SPI_TransmitCRC                          0x080010bf   Thumb Code    10  stm32f10x_spi.o(.text)
    SPI_CalculateCRC                         0x080010c9   Thumb Code    24  stm32f10x_spi.o(.text)
    SPI_GetCRC                               0x080010e1   Thumb Code    16  stm32f10x_spi.o(.text)
    SPI_GetCRCPolynomial                     0x080010f1   Thumb Code     6  stm32f10x_spi.o(.text)
    SPI_BiDirectionalLineConfig              0x080010f7   Thumb Code    28  stm32f10x_spi.o(.text)
    SPI_GetFlagStatus                        0x08001113   Thumb Code    18  stm32f10x_spi.o(.text)
    SPI_ClearFlag                            0x08001125   Thumb Code    32  stm32f10x_spi.o(.text)
    SPI_GetITStatus                          0x08001145   Thumb Code    52  stm32f10x_spi.o(.text)
    SPI_ClearITPendingBit                    0x08001179   Thumb Code    46  stm32f10x_spi.o(.text)
    SysTick_CLKSourceConfig                  0x080011ad   Thumb Code    40  stm32f10x_systick.o(.text)
    SysTick_SetReload                        0x080011d5   Thumb Code     8  stm32f10x_systick.o(.text)
    SysTick_CounterCmd                       0x080011dd   Thumb Code    52  stm32f10x_systick.o(.text)
    SysTick_ITConfig                         0x08001211   Thumb Code    38  stm32f10x_systick.o(.text)
    SysTick_GetCounter                       0x08001237   Thumb Code     8  stm32f10x_systick.o(.text)
    SysTick_GetFlagStatus                    0x0800123f   Thumb Code    50  stm32f10x_systick.o(.text)
    TIM_DeInit                               0x08001271   Thumb Code    84  stm32f10x_tim.o(.text)
    TIM_TimeBaseInit                         0x080012c5   Thumb Code    30  stm32f10x_tim.o(.text)
    TIM_OCInit                               0x080012e3   Thumb Code   214  stm32f10x_tim.o(.text)
    TIM_SetIC1Prescaler                      0x080013b9   Thumb Code    18  stm32f10x_tim.o(.text)
    TIM_SetIC2Prescaler                      0x08001403   Thumb Code    26  stm32f10x_tim.o(.text)
    TIM_SetIC4Prescaler                      0x080014e9   Thumb Code    26  stm32f10x_tim.o(.text)
    TIM_SetIC3Prescaler                      0x08001555   Thumb Code    18  stm32f10x_tim.o(.text)
    TIM_ICInit                               0x080015a9   Thumb Code   126  stm32f10x_tim.o(.text)
    TIM_TimeBaseStructInit                   0x08001627   Thumb Code    12  stm32f10x_tim.o(.text)
    TIM_OCStructInit                         0x08001633   Thumb Code    12  stm32f10x_tim.o(.text)
    TIM_ICStructInit                         0x0800163f   Thumb Code    34  stm32f10x_tim.o(.text)
    TIM_Cmd                                  0x08001661   Thumb Code    24  stm32f10x_tim.o(.text)
    TIM_ITConfig                             0x08001679   Thumb Code    18  stm32f10x_tim.o(.text)
    TIM_DMAConfig                            0x0800168b   Thumb Code    22  stm32f10x_tim.o(.text)
    TIM_DMACmd                               0x080016a1   Thumb Code    24  stm32f10x_tim.o(.text)
    TIM_InternalClockConfig                  0x080016b9   Thumb Code    12  stm32f10x_tim.o(.text)
    TIM_SelectInputTrigger                   0x080016c5   Thumb Code    18  stm32f10x_tim.o(.text)
    TIM_ITRxExternalClockConfig              0x080016d7   Thumb Code    24  stm32f10x_tim.o(.text)
    TIM_TIxExternalClockConfig               0x080016ef   Thumb Code    62  stm32f10x_tim.o(.text)
    TIM_ETRClockMode1Config                  0x08001747   Thumb Code    64  stm32f10x_tim.o(.text)
    TIM_ETRClockMode2Config                  0x08001787   Thumb Code    36  stm32f10x_tim.o(.text)
    TIM_PrescalerConfig                      0x080017ab   Thumb Code    26  stm32f10x_tim.o(.text)
    TIM_CounterModeConfig                    0x080017c5   Thumb Code    18  stm32f10x_tim.o(.text)
    TIM_ForcedOC1Config                      0x080017d7   Thumb Code    18  stm32f10x_tim.o(.text)
    TIM_ForcedOC2Config                      0x080017e9   Thumb Code    26  stm32f10x_tim.o(.text)
    TIM_ForcedOC3Config                      0x08001803   Thumb Code    18  stm32f10x_tim.o(.text)
    TIM_ForcedOC4Config                      0x08001815   Thumb Code    26  stm32f10x_tim.o(.text)
    TIM_ARRPreloadConfig                     0x0800182f   Thumb Code    24  stm32f10x_tim.o(.text)
    TIM_SelectCCDMA                          0x08001847   Thumb Code    22  stm32f10x_tim.o(.text)
    TIM_OC1PreloadConfig                     0x0800185d   Thumb Code    18  stm32f10x_tim.o(.text)
    TIM_OC2PreloadConfig                     0x0800186f   Thumb Code    26  stm32f10x_tim.o(.text)
    TIM_OC3PreloadConfig                     0x08001889   Thumb Code    18  stm32f10x_tim.o(.text)
    TIM_OC4PreloadConfig                     0x0800189b   Thumb Code    26  stm32f10x_tim.o(.text)
    TIM_OC1FastConfig                        0x080018b5   Thumb Code    18  stm32f10x_tim.o(.text)
    TIM_OC2FastConfig                        0x080018c7   Thumb Code    26  stm32f10x_tim.o(.text)
    TIM_OC3FastConfig                        0x080018e1   Thumb Code    18  stm32f10x_tim.o(.text)
    TIM_OC4FastConfig                        0x080018f3   Thumb Code    26  stm32f10x_tim.o(.text)
    TIM_UpdateDisableConfig                  0x0800190d   Thumb Code    24  stm32f10x_tim.o(.text)
    TIM_EncoderInterfaceConfig               0x08001925   Thumb Code    66  stm32f10x_tim.o(.text)
    TIM_GenerateEvent                        0x08001967   Thumb Code     8  stm32f10x_tim.o(.text)
    TIM_OC1PolarityConfig                    0x0800196f   Thumb Code    18  stm32f10x_tim.o(.text)
    TIM_OC2PolarityConfig                    0x08001981   Thumb Code    26  stm32f10x_tim.o(.text)
    TIM_OC3PolarityConfig                    0x0800199b   Thumb Code    26  stm32f10x_tim.o(.text)
    TIM_OC4PolarityConfig                    0x080019b5   Thumb Code    26  stm32f10x_tim.o(.text)
    TIM_UpdateRequestConfig                  0x080019cf   Thumb Code    26  stm32f10x_tim.o(.text)
    TIM_SelectHallSensor                     0x080019e9   Thumb Code    24  stm32f10x_tim.o(.text)
    TIM_SelectOnePulseMode                   0x08001a01   Thumb Code    18  stm32f10x_tim.o(.text)
    TIM_SelectOutputTrigger                  0x08001a13   Thumb Code    16  stm32f10x_tim.o(.text)
    TIM_SelectSlaveMode                      0x08001a23   Thumb Code    18  stm32f10x_tim.o(.text)
    TIM_SelectMasterSlaveMode                0x08001a35   Thumb Code    18  stm32f10x_tim.o(.text)
    TIM_SetAutoreload                        0x08001a47   Thumb Code     4  stm32f10x_tim.o(.text)
    TIM_SetCompare1                          0x08001a4b   Thumb Code     4  stm32f10x_tim.o(.text)
    TIM_SetCompare2                          0x08001a4f   Thumb Code     4  stm32f10x_tim.o(.text)
    TIM_SetCompare3                          0x08001a53   Thumb Code     4  stm32f10x_tim.o(.text)
    TIM_SetCompare4                          0x08001a57   Thumb Code     6  stm32f10x_tim.o(.text)
    TIM_SetClockDivision                     0x08001a5d   Thumb Code    14  stm32f10x_tim.o(.text)
    TIM_GetCapture1                          0x08001a6b   Thumb Code     6  stm32f10x_tim.o(.text)
    TIM_GetCapture2                          0x08001a71   Thumb Code     6  stm32f10x_tim.o(.text)
    TIM_GetCapture3                          0x08001a77   Thumb Code     6  stm32f10x_tim.o(.text)
    TIM_GetCapture4                          0x08001a7d   Thumb Code     8  stm32f10x_tim.o(.text)
    TIM_GetCounter                           0x08001a85   Thumb Code     6  stm32f10x_tim.o(.text)
    TIM_GetPrescaler                         0x08001a8b   Thumb Code     6  stm32f10x_tim.o(.text)
    TIM_GetFlagStatus                        0x08001a91   Thumb Code    18  stm32f10x_tim.o(.text)
    TIM_ClearFlag                            0x08001aa3   Thumb Code     8  stm32f10x_tim.o(.text)
    TIM_GetITStatus                          0x08001aab   Thumb Code    34  stm32f10x_tim.o(.text)
    TIM_ClearITPendingBit                    0x08001acd   Thumb Code     8  stm32f10x_tim.o(.text)
    main                                     0x08001e4b   Thumb Code   454  main.o(.text)
    error_lcd_printf                         0x08002039   Thumb Code    14  main.o(.text)
    fputc                                    0x08002047   Thumb Code    20  main.o(.text)
    GetResponse                              0x08002075   Thumb Code   114  sim908.o(.text)
    SendATcommand2                           0x080020e7   Thumb Code   132  sim908.o(.text)
    SendATcommand                            0x0800216b   Thumb Code   182  sim908.o(.text)
    GPS_PWR                                  0x08002221   Thumb Code    30  sim908.o(.text)
    Wait_GPS_Fix                             0x0800223f   Thumb Code    34  sim908.o(.text)
    get_GPS                                  0x08002261   Thumb Code   178  sim908.o(.text)
    Config_GPRS_SIM908                       0x08002313   Thumb Code    52  sim908.o(.text)
    TCP_Connect                              0x08002347   Thumb Code    68  sim908.o(.text)
    TCP_Send                                 0x0800238b   Thumb Code    92  sim908.o(.text)
    TCP_GetStatus                            0x080023e7   Thumb Code    26  sim908.o(.text)
    TCP_Close                                0x08002401   Thumb Code    26  sim908.o(.text)
    HTTP_Init                                0x0800241b   Thumb Code   512  sim908.o(.text)
    HTTP_Post                                0x0800261b   Thumb Code   122  sim908.o(.text)
    HTTP_POST_FromSD                         0x08002695   Thumb Code   182  sim908.o(.text)
    HTTP_Read                                0x0800274b   Thumb Code    48  sim908.o(.text)
    HTTP_Release                             0x0800277b   Thumb Code    30  sim908.o(.text)
    GetAccount                               0x08002799   Thumb Code    88  sim908.o(.text)
    Sim908_setup                             0x080027f1   Thumb Code    96  sim908.o(.text)
    Sim908_power_on                          0x08002851   Thumb Code    82  sim908.o(.text)
    GetCmdDataSIM                            0x080028a3   Thumb Code    66  sim908.o(.text)
    GetCellid                                0x080028e5   Thumb Code   160  sim908.o(.text)
    GetIMEI                                  0x08002985   Thumb Code   372  sim908.o(.text)
    jsonDataPost                             0x08002af9   Thumb Code    52  sim908.o(.text)
    delay_1us                                0x08002b6d   Thumb Code    14  nokia_5110.o(.text)
    delay_1m                                 0x08002b7b   Thumb Code    16  nokia_5110.o(.text)
    delay_nms                                0x08002b8b   Thumb Code    22  nokia_5110.o(.text)
    LCD_write_byte                           0x08002ba1   Thumb Code   120  nokia_5110.o(.text)
    LCD_clear                                0x08002c19   Thumb Code    40  nokia_5110.o(.text)
    LCD_init                                 0x08002c41   Thumb Code   134  nokia_5110.o(.text)
    LCD_set_XY                               0x08002cc7   Thumb Code    28  nokia_5110.o(.text)
    LCD_write_char                           0x08002ce3   Thumb Code    42  nokia_5110.o(.text)
    LCD_write_string                         0x08002d0d   Thumb Code    34  nokia_5110.o(.text)
    LCD_draw_bmp_pixel                       0x08002d2f   Thumb Code   112  nokia_5110.o(.text)
    vSetupTimerTest                          0x08002dad   Thumb Code   156  timertest.o(.text)
    vTimer2IntHandler                        0x08002e49   Thumb Code    72  timertest.o(.text)
    xSerialPortInitMinimal                   0x08002ea5   Thumb Code   310  serial.o(.text)
    xSerialGetChar                           0x08002fdb   Thumb Code    30  serial.o(.text)
    xSerialPutChar                           0x08002ff9   Thumb Code    34  serial.o(.text)
    vSerialPutString                         0x0800301b   Thumb Code    38  serial.o(.text)
    vSerialClose                             0x08003041   Thumb Code     2  serial.o(.text)
    vUARTInterruptHandler                    0x08003043   Thumb Code   112  serial.o(.text)
    vUART2InterruptHandler                   0x080030b3   Thumb Code   128  serial.o(.text)
    STM_EVAL_SPI_Init                        0x08003151   Thumb Code   160  stm32_spi.o(.text)
    STM_EVAL_SPI_Send_Recieve_Data           0x080031f1   Thumb Code    48  stm32_spi.o(.text)
    disk_initialize                          0x08003229   Thumb Code    34  diskio.o(.text)
    disk_status                              0x0800324b   Thumb Code    12  diskio.o(.text)
    disk_read                                0x08003257   Thumb Code    60  diskio.o(.text)
    disk_write                               0x08003293   Thumb Code    60  diskio.o(.text)
    disk_ioctl                               0x080032cf   Thumb Code   108  diskio.o(.text)
    get_fattime                              0x0800333b   Thumb Code     4  diskio.o(.text)
    clust2sect                               0x080034e5   Thumb Code    26  ff.o(.text)
    get_fat                                  0x080034ff   Thumb Code   228  ff.o(.text)
    put_fat                                  0x080035e3   Thumb Code   310  ff.o(.text)
    f_mount                                  0x080040bb   Thumb Code    38  ff.o(.text)
    f_open                                   0x080040e1   Thumb Code   364  ff.o(.text)
    f_read                                   0x0800424d   Thumb Code   366  ff.o(.text)
    f_write                                  0x080043bb   Thumb Code   544  ff.o(.text)
    f_sync                                   0x080045db   Thumb Code   146  ff.o(.text)
    f_close                                  0x0800466d   Thumb Code    22  ff.o(.text)
    SD_Detect                                0x08004d63   Thumb Code     4  stm32_sd_spi.o(.text)
    SD_DeInit                                0x08004d67   Thumb Code     2  stm32_sd_spi.o(.text)
    SD_Init                                  0x08004d69   Thumb Code   106  stm32_sd_spi.o(.text)
    SD_SectorRead                            0x08004dd3   Thumb Code    60  stm32_sd_spi.o(.text)
    SD_SectorsRead                           0x08004e0f   Thumb Code    98  stm32_sd_spi.o(.text)
    SD_SectorWrite                           0x08004e71   Thumb Code   142  stm32_sd_spi.o(.text)
    SD_SectorsWrite                          0x08004eff   Thumb Code   206  stm32_sd_spi.o(.text)
    SD_SectorsErase                          0x08004fcd   Thumb Code    94  stm32_sd_spi.o(.text)
    SD_GetStatus                             0x0800502b   Thumb Code   274  stm32_sd_spi.o(.text)
    SD_GetCardInfo                           0x0800513d   Thumb Code   152  stm32_sd_spi.o(.text)
    SD_DumpCardInfo                          0x080051d5   Thumb Code  3662  stm32_sd_spi.o(.text)
    SD_DumpStatus                            0x08006023   Thumb Code  1588  stm32_sd_spi.o(.text)
    xTaskGenericCreate                       0x080068bf   Thumb Code   226  tasks.o(.text)
    vTaskDelete                              0x080069cb   Thumb Code   138  tasks.o(.text)
    xTaskIncrementTick                       0x08006a55   Thumb Code   242  tasks.o(.text)
    xTaskResumeAll                           0x08006b47   Thumb Code   268  tasks.o(.text)
    vTaskSuspendAll                          0x08006c91   Thumb Code    12  tasks.o(.text)
    vTaskDelayUntil                          0x08006c9d   Thumb Code   126  tasks.o(.text)
    vTaskDelay                               0x08006d1b   Thumb Code    72  tasks.o(.text)
    uxTaskPriorityGet                        0x08006d63   Thumb Code    30  tasks.o(.text)
    uxTaskPriorityGetFromISR                 0x08006d81   Thumb Code    38  tasks.o(.text)
    vTaskPrioritySet                         0x08006da7   Thumb Code   214  tasks.o(.text)
    vTaskSwitchContext                       0x08006e7d   Thumb Code    76  tasks.o(.text)
    vTaskSuspend                             0x08006ec9   Thumb Code   150  tasks.o(.text)
    vTaskResume                              0x08006f97   Thumb Code    94  tasks.o(.text)
    xTaskResumeFromISR                       0x08006ff5   Thumb Code   172  tasks.o(.text)
    vTaskStartScheduler                      0x0800711d   Thumb Code    58  tasks.o(.text)
    vTaskEndScheduler                        0x08007157   Thumb Code    18  tasks.o(.text)
    xTaskGetTickCount                        0x08007169   Thumb Code     6  tasks.o(.text)
    xTaskGetTickCountFromISR                 0x0800716f   Thumb Code     8  tasks.o(.text)
    uxTaskGetNumberOfTasks                   0x08007177   Thumb Code     6  tasks.o(.text)
    vTaskPlaceOnEventList                    0x0800717d   Thumb Code    84  tasks.o(.text)
    vTaskPlaceOnUnorderedEventList           0x080071d1   Thumb Code   100  tasks.o(.text)
    xTaskRemoveFromEventList                 0x08007235   Thumb Code   104  tasks.o(.text)
    xTaskRemoveFromUnorderedEventList        0x0800729d   Thumb Code    94  tasks.o(.text)
    vTaskSetTimeOutState                     0x080072fb   Thumb Code    14  tasks.o(.text)
    xTaskCheckForTimeOut                     0x08007309   Thumb Code    84  tasks.o(.text)
    vTaskMissedYield                         0x0800735d   Thumb Code     8  tasks.o(.text)
    xTaskGetCurrentTaskHandle                0x08007365   Thumb Code     6  tasks.o(.text)
    vTaskPriorityInherit                     0x0800736b   Thumb Code   164  tasks.o(.text)
    xTaskPriorityDisinherit                  0x0800740f   Thumb Code   196  tasks.o(.text)
    uxTaskResetEventItemValue                0x080074d3   Thumb Code    24  tasks.o(.text)
    pvTaskIncrementMutexHeldCount            0x080074eb   Thumb Code    26  tasks.o(.text)
    ulTaskNotifyTake                         0x08007505   Thumb Code   162  tasks.o(.text)
    xTaskNotifyWait                          0x080075a7   Thumb Code   196  tasks.o(.text)
    xTaskGenericNotify                       0x0800766b   Thumb Code   166  tasks.o(.text)
    xTaskGenericNotifyFromISR                0x08007711   Thumb Code   200  tasks.o(.text)
    vTaskNotifyGiveFromISR                   0x080077d9   Thumb Code   124  tasks.o(.text)
    xTaskNotifyStateClear                    0x08007855   Thumb Code    50  tasks.o(.text)
    vListInitialise                          0x080078a5   Thumb Code    26  list.o(.text)
    vListInitialiseItem                      0x080078bf   Thumb Code     6  list.o(.text)
    vListInsertEnd                           0x080078c5   Thumb Code    24  list.o(.text)
    vListInsert                              0x080078dd   Thumb Code    52  list.o(.text)
    uxListRemove                             0x08007911   Thumb Code    40  list.o(.text)
    xQueueGenericReset                       0x08007939   Thumb Code   110  queue.o(.text)
    xQueueGenericCreate                      0x080079a7   Thumb Code    70  queue.o(.text)
    xQueueGenericSend                        0x08007b09   Thumb Code   234  queue.o(.text)
    xQueueCreateMutex                        0x08007bf3   Thumb Code    72  queue.o(.text)
    xQueueGenericSendFromISR                 0x08007c3b   Thumb Code   106  queue.o(.text)
    xQueueGiveFromISR                        0x08007ca5   Thumb Code    90  queue.o(.text)
    xQueueGenericReceive                     0x08007d43   Thumb Code   284  queue.o(.text)
    xQueueReceiveFromISR                     0x08007e5f   Thumb Code    96  queue.o(.text)
    xQueuePeekFromISR                        0x08007ebf   Thumb Code    50  queue.o(.text)
    uxQueueMessagesWaiting                   0x08007ef1   Thumb Code    18  queue.o(.text)
    uxQueueSpacesAvailable                   0x08007f03   Thumb Code    24  queue.o(.text)
    uxQueueMessagesWaitingFromISR            0x08007f1b   Thumb Code     6  queue.o(.text)
    vQueueDelete                             0x08007f21   Thumb Code    14  queue.o(.text)
    xQueueIsQueueEmptyFromISR                0x08007f2f   Thumb Code    14  queue.o(.text)
    xQueueIsQueueFullFromISR                 0x08007f3d   Thumb Code    18  queue.o(.text)
    pxPortInitialiseStack                    0x08007f59   Thumb Code    26  port.o(.text)
    vPortSetupTimerInterrupt                 0x08007f73   Thumb Code    14  port.o(.text)
    xPortStartScheduler                      0x08007f81   Thumb Code    42  port.o(.text)
    vPortEndScheduler                        0x08007fab   Thumb Code     2  port.o(.text)
    vPortYield                               0x08007fad   Thumb Code    20  port.o(.text)
    vPortEnterCritical                       0x08007fc1   Thumb Code    26  port.o(.text)
    vPortExitCritical                        0x08007fdb   Thumb Code    26  port.o(.text)
    xPortSysTickHandler                      0x08007ff5   Thumb Code    30  port.o(.text)
    pvPortMalloc                             0x0800804f   Thumb Code   166  heap_2.o(.text)
    vPortFree                                0x080080f5   Thumb Code    56  heap_2.o(.text)
    xPortGetFreeHeapSize                     0x0800812d   Thumb Code     6  heap_2.o(.text)
    vPortInitialiseBlocks                    0x08008133   Thumb Code     2  heap_2.o(.text)
    __aeabi_memcpy                           0x08008149   Thumb Code    36  memcpya.o(.text)
    __aeabi_memcpy4                          0x08008149   Thumb Code     0  memcpya.o(.text)
    __aeabi_memcpy8                          0x08008149   Thumb Code     0  memcpya.o(.text)
    __aeabi_memset                           0x0800816d   Thumb Code    14  memseta.o(.text)
    __aeabi_memset4                          0x0800816d   Thumb Code     0  memseta.o(.text)
    __aeabi_memset8                          0x0800816d   Thumb Code     0  memseta.o(.text)
    __aeabi_memclr                           0x0800817b   Thumb Code     4  memseta.o(.text)
    __aeabi_memclr4                          0x0800817b   Thumb Code     0  memseta.o(.text)
    __aeabi_memclr8                          0x0800817b   Thumb Code     0  memseta.o(.text)
    _memset$wrapper                          0x0800817f   Thumb Code    18  memseta.o(.text)
    strstr                                   0x08008191   Thumb Code    36  strstr.o(.text)
    strncpy                                  0x080081b5   Thumb Code    24  strncpy.o(.text)
    strlen                                   0x080081cd   Thumb Code    14  strlen.o(.text)
    strcpy                                   0x080081db   Thumb Code    18  strcpy.o(.text)
    strtok                                   0x080081ed   Thumb Code    62  strtok.o(.text)
    __aeabi_uldivmod                         0x08008231   Thumb Code    98  uldiv.o(.text)
    __scatterload                            0x08008295   Thumb Code    28  init.o(.text)
    __scatterload_rt2                        0x08008295   Thumb Code     0  init.o(.text)
    __aeabi_llsl                             0x080082b9   Thumb Code    30  llshl.o(.text)
    _ll_shift_l                              0x080082b9   Thumb Code     0  llshl.o(.text)
    __aeabi_llsr                             0x080082d7   Thumb Code    32  llushr.o(.text)
    _ll_ushift_r                             0x080082d7   Thumb Code     0  llushr.o(.text)
    __decompress                             0x080082f7   Thumb Code     0  __dczerorl2.o(.text)
    __decompress1                            0x080082f7   Thumb Code    86  __dczerorl2.o(.text)
    __0printf$5                              0x0800834d   Thumb Code    22  printf5.o(i.__0printf$5)
    __1printf$5                              0x0800834d   Thumb Code     0  printf5.o(i.__0printf$5)
    __2printf                                0x0800834d   Thumb Code     0  printf5.o(i.__0printf$5)
    __0sprintf$5                             0x0800836d   Thumb Code    34  printf5.o(i.__0sprintf$5)
    __1sprintf$5                             0x0800836d   Thumb Code     0  printf5.o(i.__0sprintf$5)
    __2sprintf                               0x0800836d   Thumb Code     0  printf5.o(i.__0sprintf$5)
    __scatterload_copy                       0x08008395   Thumb Code    14  handlers.o(i.__scatterload_copy)
    __scatterload_null                       0x080083a3   Thumb Code     2  handlers.o(i.__scatterload_null)
    __scatterload_zeroinit                   0x080083a5   Thumb Code    14  handlers.o(i.__scatterload_zeroinit)
    Region$$Table$$Base                      0x080086c0   Number         0  anon$$obj.o(Region$$Table)
    Region$$Table$$Limit                     0x080086e0   Number         0  anon$$obj.o(Region$$Table)
    SIM908_queue                             0x20000000   Data           4  main.o(.data)
    SIM908_Mutex                             0x20000004   Data           4  main.o(.data)
    xMutex                                   0x2000000c   Data           4  sim908.o(.data)
    font6x8                                  0x20000010   Data         552  nokia_5110.o(.data)
    usMaxJitter                              0x20000238   Data           2  timertest.o(.data)
    cardType                                 0x20000246   Data           1  stm32_sd_spi.o(.data)
    pxCurrentTCB                             0x20000248   Data           4  tasks.o(.data)
    __stdout                                 0x200002a0   Data           4  stdout.o(.data)
    uart1_handle                             0x200008f8   Data          12  serial.o(.bss)
    uart2_handle                             0x20000904   Data          12  serial.o(.bss)
    __initial_sp                             0x20004bd8   Data           0  stm32f10x.o(STACK)



==============================================================================

Memory Map of the image

  Image Entry point : 0x080000ed

  Load Region LR_IROM1 (Base: 0x08000000, Size: 0x00008984, Max: 0x00020000, ABSOLUTE, COMPRESSED[0x000088a8])

    Execution Region ER_IROM1 (Exec base: 0x08000000, Load base: 0x08000000, Size: 0x000086e0, Max: 0x00020000, ABSOLUTE)

    Exec Addr    Load Addr    Size         Type   Attr      Idx    E Section Name        Object

    0x08000000   0x08000000   0x000000ec   Data   RO            3    RESET               stm32f10x.o
    0x080000ec   0x080000ec   0x00000000   Code   RO          623  * .ARM.Collect$$$$00000000  mc_w.l(entry.o)
    0x080000ec   0x080000ec   0x00000004   Code   RO          907    .ARM.Collect$$$$00000001  mc_w.l(entry2.o)
    0x080000f0   0x080000f0   0x00000004   Code   RO          910    .ARM.Collect$$$$00000004  mc_w.l(entry5.o)
    0x080000f4   0x080000f4   0x00000000   Code   RO          912    .ARM.Collect$$$$00000008  mc_w.l(entry7b.o)
    0x080000f4   0x080000f4   0x00000000   Code   RO          914    .ARM.Collect$$$$0000000A  mc_w.l(entry8b.o)
    0x080000f4   0x080000f4   0x00000008   Code   RO          915    .ARM.Collect$$$$0000000B  mc_w.l(entry9a.o)
    0x080000fc   0x080000fc   0x00000000   Code   RO          917    .ARM.Collect$$$$0000000D  mc_w.l(entry10a.o)
    0x080000fc   0x080000fc   0x00000000   Code   RO          919    .ARM.Collect$$$$0000000F  mc_w.l(entry11a.o)
    0x080000fc   0x080000fc   0x00000004   Code   RO          908    .ARM.Collect$$$$00002712  mc_w.l(entry2.o)
    0x08000100   0x08000100   0x000000a2   Code   RO          590    .emb_text           port.o
    0x080001a2   0x080001a2   0x00000002   PAD
    0x080001a4   0x080001a4   0x0000001c   Code   RO            4    .text               stm32f10x.o
    0x080001c0   0x080001c0   0x00000324   Code   RO           10    .text               stm32f10x_usart.o
    0x080004e4   0x080004e4   0x0000006e   Code   RO           41    .text               cortexm3_macro_rvds.o
    0x08000552   0x08000552   0x00000002   PAD
    0x08000554   0x08000554   0x000002e8   Code   RO           44    .text               stm32f10x_gpio.o
    0x0800083c   0x0800083c   0x000003e0   Code   RO           83    .text               stm32f10x_nvic.o
    0x08000c1c   0x08000c1c   0x0000037c   Code   RO           95    .text               stm32f10x_rcc.o
    0x08000f98   0x08000f98   0x00000214   Code   RO          109    .text               stm32f10x_spi.o
    0x080011ac   0x080011ac   0x000000c4   Code   RO          121    .text               stm32f10x_systick.o
    0x08001270   0x08001270   0x00000864   Code   RO          133    .text               stm32f10x_tim.o
    0x08001ad4   0x08001ad4   0x000005a0   Code   RO          335    .text               main.o
    0x08002074   0x08002074   0x00000af8   Code   RO          396    .text               sim908.o
    0x08002b6c   0x08002b6c   0x00000240   Code   RO          418    .text               nokia_5110.o
    0x08002dac   0x08002dac   0x000000f8   Code   RO          437    .text               timertest.o
    0x08002ea4   0x08002ea4   0x000002ac   Code   RO          452    .text               serial.o
    0x08003150   0x08003150   0x000000d8   Code   RO          467    .text               stm32_spi.o
    0x08003228   0x08003228   0x00000116   Code   RO          482    .text               diskio.o
    0x0800333e   0x0800333e   0x00000002   PAD
    0x08003340   0x08003340   0x00001342   Code   RO          503    .text               ff.o
    0x08004682   0x08004682   0x00000002   PAD
    0x08004684   0x08004684   0x0000215c   Code   RO          526    .text               stm32_sd_spi.o
    0x080067e0   0x080067e0   0x000010c4   Code   RO          541    .text               tasks.o
    0x080078a4   0x080078a4   0x00000094   Code   RO          566    .text               list.o
    0x08007938   0x08007938   0x00000616   Code   RO          578    .text               queue.o
    0x08007f4e   0x08007f4e   0x00000002   PAD
    0x08007f50   0x08007f50   0x000000d4   Code   RO          591    .text               port.o
    0x08008024   0x08008024   0x00000124   Code   RO          608    .text               heap_2.o
    0x08008148   0x08008148   0x00000024   Code   RO          626    .text               mc_w.l(memcpya.o)
    0x0800816c   0x0800816c   0x00000024   Code   RO          628    .text               mc_w.l(memseta.o)
    0x08008190   0x08008190   0x00000024   Code   RO          630    .text               mc_w.l(strstr.o)
    0x080081b4   0x080081b4   0x00000018   Code   RO          632    .text               mc_w.l(strncpy.o)
    0x080081cc   0x080081cc   0x0000000e   Code   RO          634    .text               mc_w.l(strlen.o)
    0x080081da   0x080081da   0x00000012   Code   RO          636    .text               mc_w.l(strcpy.o)
    0x080081ec   0x080081ec   0x00000044   Code   RO          638    .text               mc_w.l(strtok.o)
    0x08008230   0x08008230   0x00000062   Code   RO          924    .text               mc_w.l(uldiv.o)
    0x08008292   0x08008292   0x00000002   PAD
    0x08008294   0x08008294   0x00000024   Code   RO          937    .text               mc_w.l(init.o)
    0x080082b8   0x080082b8   0x0000001e   Code   RO          939    .text               mc_w.l(llshl.o)
    0x080082d6   0x080082d6   0x00000020   Code   RO          941    .text               mc_w.l(llushr.o)
    0x080082f6   0x080082f6   0x00000056   Code   RO          955    .text               mc_w.l(__dczerorl2.o)
    0x0800834c   0x0800834c   0x00000020   Code   RO          779    i.__0printf$5       mc_w.l(printf5.o)
    0x0800836c   0x0800836c   0x00000028   Code   RO          781    i.__0sprintf$5      mc_w.l(printf5.o)
    0x08008394   0x08008394   0x0000000e   Code   RO          949    i.__scatterload_copy  mc_w.l(handlers.o)
    0x080083a2   0x080083a2   0x00000002   Code   RO          950    i.__scatterload_null  mc_w.l(handlers.o)
    0x080083a4   0x080083a4   0x0000000e   Code   RO          951    i.__scatterload_zeroinit  mc_w.l(handlers.o)
    0x080083b2   0x080083b2   0x00000002   PAD
    0x080083b4   0x080083b4   0x000002c0   Code   RO          786    i._printf_core      mc_w.l(printf5.o)
    0x08008674   0x08008674   0x0000000a   Code   RO          788    i._sputc            mc_w.l(printf5.o)
    0x0800867e   0x0800867e   0x00000014   Data   RO           96    .constdata          stm32f10x_rcc.o
    0x08008692   0x08008692   0x00000010   Data   RO          134    .constdata          stm32f10x_tim.o
    0x080086a2   0x080086a2   0x0000001c   Data   RO          337    .constdata          main.o
    0x080086be   0x080086be   0x00000002   PAD
    0x080086c0   0x080086c0   0x00000020   Data   RO          947    Region$$Table       anon$$obj.o


    Execution Region RW_IRAM1 (Exec base: 0x20000000, Load base: 0x080086e0, Size: 0x00004bd8, Max: 0x00005000, ABSOLUTE, COMPRESSED[0x000001c8])

    Exec Addr    Load Addr    Size         Type   Attr      Idx    E Section Name        Object

    0x20000000   COMPRESSED   0x00000009   Data   RW          338    .data               main.o
    0x20000009   COMPRESSED   0x00000003   PAD
    0x2000000c   COMPRESSED   0x00000004   Data   RW          397    .data               sim908.o
    0x20000010   COMPRESSED   0x00000228   Data   RW          419    .data               nokia_5110.o
    0x20000238   COMPRESSED   0x00000008   Data   RW          438    .data               timertest.o
    0x20000240   COMPRESSED   0x00000006   Data   RW          504    .data               ff.o
    0x20000246   COMPRESSED   0x00000001   Data   RW          527    .data               stm32_sd_spi.o
    0x20000247   COMPRESSED   0x00000001   PAD
    0x20000248   COMPRESSED   0x00000038   Data   RW          543    .data               tasks.o
    0x20000280   COMPRESSED   0x00000004   Data   RW          592    .data               port.o
    0x20000284   COMPRESSED   0x00000018   Data   RW          610    .data               heap_2.o
    0x2000029c   COMPRESSED   0x00000004   Data   RW          639    .data               mc_w.l(strtok.o)
    0x200002a0   COMPRESSED   0x00000004   Data   RW          921    .data               mc_w.l(stdout.o)
    0x200002a4        -       0x00000654   Zero   RW          336    .bss                main.o
    0x200008f8        -       0x00000018   Zero   RW          453    .bss                serial.o
    0x20000910        -       0x000000c8   Zero   RW          542    .bss                tasks.o
    0x200009d8        -       0x00004000   Zero   RW          609    .bss                heap_2.o
    0x200049d8        -       0x00000200   Zero   RW            1    STACK               stm32f10x.o


==============================================================================

Image component sizes


      Code (inc. data)   RO Data    RW Data    ZI Data      Debug   Object Name

       110          0          0          0          0        424   cortexm3_macro_rvds.o
       278          0          0          0          0       4090   diskio.o
      4930         42          0          6          0      18558   ff.o
       292         20          0         24      16384       3200   heap_2.o
       148          0          0          0          0       1862   list.o
      1440        394         28          9       1620      14130   main.o
       576         14          0        552          0       3097   nokia_5110.o
         0          0          0          0          0      13060   partest.o
       374         30          0          4          0       4463   port.o
      1558          0          0          0          0       9076   queue.o
         0          0          0          0          0       6768   semtest.o
       684         30          0          0         24       3526   serial.o
      2808        728          0          4          0       8429   sim908.o
      8540       3462          0          1          0      12279   stm32_sd_spi.o
       216          8          0          0          0        899   stm32_spi.o
        28          4        236          0        512        792   stm32f10x.o
       744         16          0          0          0       9903   stm32f10x_gpio.o
         0          0          0          0          0      10384   stm32f10x_lib.o
       992         30          0          0          0       7260   stm32f10x_nvic.o
       892         38         20          0          0       8410   stm32f10x_rcc.o
       532          6          0          0          0       5286   stm32f10x_spi.o
       196          0          0          0          0       1605   stm32f10x_systick.o
      2148         12         16          0          0      31784   stm32f10x_tim.o
       804         10          0          0          0      30293   stm32f10x_usart.o
      4292        248          0         56        200      18333   tasks.o
       248         20          0          8          0       1186   timertest.o

    ----------------------------------------------------------------------
     32840       5112        334        668      18740     229097   Object Totals
         0          0         32          0          0          0   (incl. Generated)
        10          0          2          4          0          0   (incl. Padding)

    ----------------------------------------------------------------------

      Code (inc. data)   RO Data    RW Data    ZI Data      Debug   Library Member Name

        86          0          0          0          0          0   __dczerorl2.o
         0          0          0          0          0          0   entry.o
         0          0          0          0          0          0   entry10a.o
         0          0          0          0          0          0   entry11a.o
         8          4          0          0          0          0   entry2.o
         4          0          0          0          0          0   entry5.o
         0          0          0          0          0          0   entry7b.o
         0          0          0          0          0          0   entry8b.o
         8          4          0          0          0          0   entry9a.o
        30          0          0          0          0          0   handlers.o
        36          8          0          0          0         68   init.o
        30          0          0          0          0         68   llshl.o
        32          0          0          0          0         68   llushr.o
        36          0          0          0          0         68   memcpya.o
        36          0          0          0          0        108   memseta.o
       786         62          0          0          0        336   printf5.o
         0          0          0          4          0          0   stdout.o
        18          0          0          0          0         68   strcpy.o
        14          0          0          0          0         68   strlen.o
        24          0          0          0          0         76   strncpy.o
        36          0          0          0          0         80   strstr.o
        68          6          0          4          0         80   strtok.o
        98          0          0          0          0         92   uldiv.o

    ----------------------------------------------------------------------
      1354         84          0          8          0       1180   Library Totals
         4          0          0          0          0          0   (incl. Padding)

    ----------------------------------------------------------------------

      Code (inc. data)   RO Data    RW Data    ZI Data      Debug   Library Name

      1350         84          0          8          0       1180   mc_w.l

    ----------------------------------------------------------------------
      1354         84          0          8          0       1180   Library Totals

    ----------------------------------------------------------------------

==============================================================================


      Code (inc. data)   RO Data    RW Data    ZI Data      Debug   

     34194       5196        334        676      18740     227285   Grand Totals
     34194       5196        334        456      18740     227285   ELF Image Totals (compressed)
     34194       5196        334        456          0          0   ROM Totals

==============================================================================

    Total RO  Size (Code + RO Data)                34528 (  33.72kB)
    Total RW  Size (RW Data + ZI Data)             19416 (  18.96kB)
    Total ROM Size (Code + RO Data + RW Data)      34984 (  34.16kB)

==============================================================================

