Component: ARM Compiler 5.06 update 6 (build 750) Tool: armlink [4d35ed]

==============================================================================

Section Cross References

    stm32f10x.o(RESET) refers to stm32f10x.o(STACK) for __initial_sp
    stm32f10x.o(RESET) refers to stm32f10x.o(.text) for Reset_Handler
    stm32f10x.o(RESET) refers to port.o(.emb_text) for vPortSVCHandler
    stm32f10x.o(RESET) refers to port.o(.text) for xPortSysTickHandler
    stm32f10x.o(RESET) refers to timertest.o(.text) for vTimer2IntHandler
    stm32f10x.o(RESET) refers to serial.o(.text) for vUARTInterruptHandler
    stm32f10x.o(.text) refers to entry.o(.ARM.Collect$$$$00000000) for __main
    stm32f10x_usart.o(.text) refers to stm32f10x_rcc.o(.text) for RCC_APB2PeriphResetCmd
    stm32f10x_gpio.o(.text) refers to stm32f10x_rcc.o(.text) for RCC_APB2PeriphResetCmd
    stm32f10x_nvic.o(.text) refers to cortexm3_macro_rvds.o(.text) for __SETPRIMASK
    stm32f10x_rcc.o(.text) refers to stm32f10x_rcc.o(.constdata) for APBAHBPrescTable
    stm32f10x_spi.o(.text) refers to stm32f10x_rcc.o(.text) for RCC_APB2PeriphResetCmd
    stm32f10x_tim.o(.text) refers to stm32f10x_rcc.o(.text) for RCC_APB1PeriphResetCmd
    stm32f10x_tim.o(.text) refers to stm32f10x_tim.o(.constdata) for Tab_OCModeMask
    partest.o(.text) refers to stm32f10x_gpio.o(.text) for GPIO_Init
    partest.o(.text) refers to tasks.o(.text) for vTaskSuspendAll
    partest.o(.text) refers to partest.o(.data) for usOutputValue
    semtest.o(.text) refers to port.o(.text) for vPortEnterCritical
    semtest.o(.text) refers to queue.o(.text) for xQueueGenericReceive
    semtest.o(.text) refers to tasks.o(.text) for vTaskDelay
    semtest.o(.text) refers to heap_2.o(.text) for pvPortMalloc
    semtest.o(.text) refers to semtest.o(.data) for sNextCheckVariable
    blockq.o(.text) refers to queue.o(.text) for xQueueGenericReceive
    blockq.o(.text) refers to heap_2.o(.text) for pvPortMalloc
    blockq.o(.text) refers to tasks.o(.text) for xTaskGenericCreate
    blockq.o(.text) refers to blockq.o(.data) for sBlockingConsumerCount
    blocktim.o(.text) refers to tasks.o(.text) for vTaskSuspend
    blocktim.o(.text) refers to queue.o(.text) for xQueueGenericSend
    blocktim.o(.text) refers to blocktim.o(.data) for xRunIndicator
    death.o(.text) refers to tasks.o(.text) for vTaskDelay
    death.o(.text) refers to heap_2.o(.text) for vPortFree
    death.o(.text) refers to death.o(.data) for xCreatedTask
    flash.o(.text) refers to port.o(.text) for vPortEnterCritical
    flash.o(.text) refers to tasks.o(.text) for xTaskGetTickCount
    flash.o(.text) refers to partest.o(.text) for vParTestToggleLED
    flash.o(.text) refers to flash.o(.data) for uxFlashTaskNumber
    integer.o(.text) refers to port.o(.text) for vPortEnterCritical
    integer.o(.text) refers to tasks.o(.text) for xTaskGenericCreate
    integer.o(.text) refers to integer.o(.data) for xTaskCheck
    pollq.o(.text) refers to queue.o(.text) for xQueueGenericSend
    pollq.o(.text) refers to port.o(.text) for vPortEnterCritical
    pollq.o(.text) refers to tasks.o(.text) for vTaskDelay
    pollq.o(.text) refers to pollq.o(.data) for xPollingProducerCount
    main.o(.text) refers to printf8.o(i.__0sprintf$8) for __2sprintf
    main.o(.text) refers to stm32_sd_spi.o(.text) for SD_SectorWrite
    main.o(.text) refers to strlen.o(.text) for strlen
    main.o(.text) refers to sim908.o(.text) for GPS_PWR
    main.o(.text) refers to queue.o(.text) for xQueueGenericReceive
    main.o(.text) refers to tasks.o(.text) for vTaskDelay
    main.o(.text) refers to stm32_spi.o(.text) for STM_EVAL_SPI_Init
    main.o(.text) refers to memseta.o(.text) for __aeabi_memclr4
    main.o(.text) refers to memcpya.o(.text) for __aeabi_memcpy4
    main.o(.text) refers to stm32f10x_rcc.o(.text) for RCC_HSEConfig
    main.o(.text) refers to stm32f10x_nvic.o(.text) for NVIC_SetVectorTable
    main.o(.text) refers to stm32f10x_systick.o(.text) for SysTick_CLKSourceConfig
    main.o(.text) refers to serial.o(.text) for xSerialPortInitMinimal
    main.o(.text) refers to stm32f10x_gpio.o(.text) for GPIO_Init
    main.o(.text) refers to nokia_5110.o(.text) for LCD_write_string
    main.o(.text) refers to main.o(.conststring) for .conststring
    main.o(.text) refers to main.o(.data) for SIM908_Mutex
    main.o(.text) refers to serial.o(.bss) for uart2_handle
    sim908.o(.text) refers to tasks.o(.text) for xTaskGetTickCount
    sim908.o(.text) refers to serial.o(.text) for xSerialGetChar
    sim908.o(.text) refers to strcpy.o(.text) for strcpy
    sim908.o(.text) refers to queue.o(.text) for xQueueGenericReceive
    sim908.o(.text) refers to printf8.o(i.__0printf$8) for __2printf
    sim908.o(.text) refers to strstr.o(.text) for strstr
    sim908.o(.text) refers to memseta.o(.text) for __aeabi_memclr4
    sim908.o(.text) refers to strtok.o(.text) for strtok
    sim908.o(.text) refers to printf8.o(i.__0sprintf$8) for __2sprintf
[...]
    printf7.o(i.__0sprintf$7) refers to printf7.o(i._printf_core) for _printf_core
    printf7.o(i.__0sprintf$7) refers to printf7.o(i._sputc) for _sputc
    printf7.o(i.__0vfprintf$7) refers to printf7.o(i._printf_core) for _printf_core
    printf7.o(i.__0vfprintf$7) refers to main.o(.text) for fputc
    printf7.o(i.__0vprintf$7) refers to printf7.o(i._printf_core) for _printf_core
    printf7.o(i.__0vprintf$7) refers to main.o(.text) for fputc
    printf7.o(i.__0vprintf$7) refers to stdout.o(.data) for __stdout
    printf7.o(i.__0vsnprintf$7) refers to printf7.o(i._printf_core) for _printf_core
    printf7.o(i.__0vsnprintf$7) refers to printf7.o(i._snputc) for _snputc
    printf7.o(i.__0vsprintf$7) refers to printf7.o(i._printf_core) for _printf_core
    printf7.o(i.__0vsprintf$7) refers to printf7.o(i._sputc) for _sputc
    printf7.o(i._printf_core) refers to printf7.o(i._printf_pre_padding) for _printf_pre_padding
    printf7.o(i._printf_core) refers to uldiv.o(.text) for __aeabi_uldivmod
    printf7.o(i._printf_core) refers to printf7.o(i._printf_post_padding) for _printf_post_padding
    printf8.o(i.__0fprintf$8) refers to printf8.o(i._printf_core) for _printf_core
    printf8.o(i.__0fprintf$8) refers to main.o(.text) for fputc
    printf8.o(i.__0printf$8) refers to printf8.o(i._printf_core) for _printf_core
    printf8.o(i.__0printf$8) refers to main.o(.text) for fputc
    printf8.o(i.__0printf$8) refers to stdout.o(.data) for __stdout
    printf8.o(i.__0snprintf$8) refers to printf8.o(i._printf_core) for _printf_core
    printf8.o(i.__0snprintf$8) refers to printf8.o(i._snputc) for _snputc
    printf8.o(i.__0sprintf$8) refers to printf8.o(i._printf_core) for _printf_core
    printf8.o(i.__0sprintf$8) refers to printf8.o(i._sputc) for _sputc
    printf8.o(i.__0vfprintf$8) refers to printf8.o(i._printf_core) for _printf_core
    printf8.o(i.__0vfprintf$8) refers to main.o(.text) for fputc
    printf8.o(i.__0vprintf$8) refers to printf8.o(i._printf_core) for _printf_core
    printf8.o(i.__0vprintf$8) refers to main.o(.text) for fputc
    printf8.o(i.__0vprintf$8) refers to stdout.o(.data) for __stdout
    printf8.o(i.__0vsnprintf$8) refers to printf8.o(i._printf_core) for _printf_core
    printf8.o(i.__0vsnprintf$8) refers to printf8.o(i._snputc) for _snputc
    printf8.o(i.__0vsprintf$8) refers to printf8.o(i._printf_core) for _printf_core
    printf8.o(i.__0vsprintf$8) refers to printf8.o(i._sputc) for _sputc
    printf8.o(i._printf_core) refers to printf8.o(i._printf_pre_padding) for _printf_pre_padding
    printf8.o(i._printf_core) refers to uldiv.o(.text) for __aeabi_uldivmod
    printf8.o(i._printf_core) refers to printf8.o(i._printf_post_padding) for _printf_post_padding
    printfa.o(i.__0fprintf) refers (Special) to iusefp.o(.text) for __I$use$fp
    printfa.o(i.__0fprintf) refers to printfa.o(i._printf_core) for _printf_core
    printfa.o(i.__0fprintf) refers to main.o(.text) for fputc
    printfa.o(i.__0printf) refers (Special) to iusefp.o(.text) for __I$use$fp
    printfa.o(i.__0printf) refers to printfa.o(i._printf_core) for _printf_core
    printfa.o(i.__0printf) refers to main.o(.text) for fputc
    printfa.o(i.__0printf) refers to stdout.o(.data) for __stdout
    printfa.o(i.__0snprintf) refers (Special) to iusefp.o(.text) for __I$use$fp
    printfa.o(i.__0snprintf) refers to printfa.o(i._printf_core) for _printf_core
    printfa.o(i.__0snprintf) refers to printfa.o(i._snputc) for _snputc
    printfa.o(i.__0sprintf) refers (Special) to iusefp.o(.text) for __I$use$fp
    printfa.o(i.__0sprintf) refers to printfa.o(i._printf_core) for _printf_core
    printfa.o(i.__0sprintf) refers to printfa.o(i._sputc) for _sputc
    printfa.o(i.__0vfprintf) refers (Special) to iusefp.o(.text) for __I$use$fp
    printfa.o(i.__0vfprintf) refers to printfa.o(i._printf_core) for _printf_core
    printfa.o(i.__0vfprintf) refers to main.o(.text) for fputc
    printfa.o(i.__0vprintf) refers (Special) to iusefp.o(.text) for __I$use$fp
    printfa.o(i.__0vprintf) refers to printfa.o(i._printf_core) for _printf_core
    printfa.o(i.__0vprintf) refers to main.o(.text) for fputc
    printfa.o(i.__0vprintf) refers to stdout.o(.data) for __stdout
    printfa.o(i.__0vsnprintf) refers (Special) to iusefp.o(.text) for __I$use$fp
    printfa.o(i.__0vsnprintf) refers to printfa.o(i._printf_core) for _printf_core
    printfa.o(i.__0vsnprintf) refers to printfa.o(i._snputc) for _snputc
    printfa.o(i.__0vsprintf) refers (Special) to iusefp.o(.text) for __I$use$fp
    printfa.o(i.__0vsprintf) refers to printfa.o(i._printf_core) for _printf_core
    printfa.o(i.__0vsprintf) refers to printfa.o(i._sputc) for _sputc
    printfa.o(i._fp_digits) refers (Special) to iusefp.o(.text) for __I$use$fp
    printfa.o(i._fp_digits) refers to dmul.o(.text) for __aeabi_dmul
    printfa.o(i._fp_digits) refers to ddiv.o(.text) for __aeabi_ddiv
    printfa.o(i._fp_digits) refers to cdrcmple.o(.text) for __aeabi_cdrcmple
    printfa.o(i._fp_digits) refers to dadd.o(.text) for __aeabi_dadd
    printfa.o(i._fp_digits) refers to dfixul.o(.text) for __aeabi_d2ulz
    printfa.o(i._fp_digits) refers to uldiv.o(.text) for __aeabi_uldivmod
    printfa.o(i._printf_core) refers (Special) to iusefp.o(.text) for __I$use$fp
    printfa.o(i._printf_core) refers to printfa.o(i._printf_pre_padding) for _printf_pre_padding
    printfa.o(i._printf_core) refers to uldiv.o(.text) for __aeabi_uldivmod
    printfa.o(i._printf_core) refers to printfa.o(i._printf_post_padding) for _printf_post_padding
    printfa.o(i._printf_core) refers to printfa.o(i._fp_digits) for _fp_digits
    printfa.o(i._printf_core) refers to uidiv.o(.text) for __aeabi_uidivmod
    printfa.o(i._printf_post_padding) refers (Special) to iusefp.o(.text) for __I$use$fp
    printfa.o(i._printf_pre_padding) refers (Special) to iusefp.o(.text) for __I$use$fp
    printfa.o(i._snputc) refers (Special) to iusefp.o(.text) for __I$use$fp
    printfa.o(i._sputc) refers (Special) to iusefp.o(.text) for __I$use$fp
    entry2.o(.ARM.Collect$$$$00000001) refers to entry2.o(.ARM.Collect$$$$00002712) for __lit__00000000
    entry2.o(.ARM.Collect$$$$00002712) refers to stm32f10x.o(STACK) for __initial_sp
    entry2.o(__vectab_stack_and_reset_area) refers to stm32f10x.o(STACK) for __initial_sp
    entry2.o(__vectab_stack_and_reset_area) refers to entry.o(.ARM.Collect$$$$00000000) for __main
    entry5.o(.ARM.Collect$$$$00000004) refers to init.o(.text) for __scatterload
    entry9a.o(.ARM.Collect$$$$0000000B) refers to main.o(.text) for main
    entry9b.o(.ARM.Collect$$$$0000000C) refers to main.o(.text) for main
    uldiv.o(.text) refers to llushr.o(.text) for __aeabi_llsr
    uldiv.o(.text) refers to llshl.o(.text) for __aeabi_llsl
    dadd.o(.text) refers to llshl.o(.text) for __aeabi_llsl
    dadd.o(.text) refers to llsshr.o(.text) for __aeabi_lasr
    dadd.o(.text) refers to depilogue.o(.text) for _double_epilogue
    dmul.o(.text) refers to depilogue.o(.text) for _double_epilogue
    ddiv.o(.text) refers to depilogue.o(.text) for _double_round
    dfixul.o(.text) refers to llushr.o(.text) for __aeabi_llsr
    dfixul.o(.text) refers to llshl.o(.text) for __aeabi_llsl
    init.o(.text) refers to entry5.o(.ARM.Collect$$$$00000004) for __main_after_scatterload
    depilogue.o(.text) refers to llshl.o(.text) for __aeabi_llsl
    depilogue.o(.text) refers to llushr.o(.text) for __aeabi_llsr


==============================================================================

Removing Unused input sections from the image.

    Removing stm32f10x.o(HEAP), (0 bytes).
    Removing partest.o(.text), (172 bytes).
    Removing partest.o(.data), (2 bytes).
    Removing semtest.o(.text), (488 bytes).
    Removing semtest.o(.data), (18 bytes).
    Removing blockq.o(.text), (608 bytes).
    Removing blockq.o(.data), (24 bytes).
    Removing blocktim.o(.text), (964 bytes).
    Removing blocktim.o(.data), (32 bytes).
    Removing death.o(.text), (328 bytes).
    Removing death.o(.data), (20 bytes).
    Removing flash.o(.text), (132 bytes).
    Removing flash.o(.data), (4 bytes).
    Removing integer.o(.text), (168 bytes).
    Removing integer.o(.data), (4 bytes).
    Removing pollq.o(.text), (296 bytes).
    Removing pollq.o(.data), (12 bytes).
    Removing diskio.o(.text), (278 bytes).
    Removing ff.o(.text), (4930 bytes).
    Removing ff.o(.data), (6 bytes).
    Removing dadd.o(.text), (334 bytes).
    Removing dmul.o(.text), (228 bytes).
    Removing ddiv.o(.text), (222 bytes).
    Removing dfixul.o(.text), (48 bytes).
    Removing cdrcmple.o(.text), (48 bytes).
    Removing depilogue.o(.text), (186 bytes).

26 unused section(s) (total 9552 bytes) removed from the image.

==============================================================================

Image Symbol Table

    Local Symbols

    Symbol Name                              Value     Ov Type        Size  Object(Section)

    ../clib/../cmprslib/zerorunl2.c          0x00000000   Number         0  __dczerorl2.o ABSOLUTE
    ../clib/microlib/division.c              0x00000000   Number         0  uidiv.o ABSOLUTE
    ../clib/microlib/division.c              0x00000000   Number         0  uldiv.o ABSOLUTE
    ../clib/microlib/init/entry.s            0x00000000   Number         0  entry5.o ABSOLUTE
    ../clib/microlib/init/entry.s            0x00000000   Number         0  entry8b.o ABSOLUTE
    ../clib/microlib/init/entry.s            0x00000000   Number         0  entry8a.o ABSOLUTE
    ../clib/microlib/init/entry.s            0x00000000   Number         0  entry7b.o ABSOLUTE
    ../clib/microlib/init/entry.s            0x00000000   Number         0  entry7a.o ABSOLUTE
    ../clib/microlib/init/entry.s            0x00000000   Number         0  entry9b.o ABSOLUTE
    ../clib/microlib/init/entry.s            0x00000000   Number         0  entry9a.o ABSOLUTE
    ../clib/microlib/init/entry.s            0x00000000   Number         0  entry10a.o ABSOLUTE
    ../clib/microlib/init/entry.s            0x00000000   Number         0  entry.o ABSOLUTE
    ../clib/microlib/init/entry.s            0x00000000   Number         0  entry10b.o ABSOLUTE
    ../clib/microlib/init/entry.s            0x00000000   Number         0  entry11a.o ABSOLUTE
    ../clib/microlib/init/entry.s            0x00000000   Number         0  entry2.o ABSOLUTE
    ../clib/microlib/init/entry.s            0x00000000   Number         0  entry11b.o ABSOLUTE
    ../clib/microlib/longlong.c              0x00000000   Number         0  llshl.o ABSOLUTE
    ../clib/microlib/longlong.c              0x00000000   Number         0  llushr.o ABSOLUTE
    ../clib/microlib/longlong.c              0x00000000   Number         0  llsshr.o ABSOLUTE
    ../clib/microlib/printf/printf.c         0x00000000   Number         0  printfa.o ABSOLUTE
    ../clib/microlib/printf/printf.c         0x00000000   Number         0  printf8.o ABSOLUTE
    ../clib/microlib/printf/printf.c         0x00000000   Number         0  printf7.o ABSOLUTE
    ../clib/microlib/printf/printf.c         0x00000000   Number         0  printf6.o ABSOLUTE
    ../clib/microlib/printf/printf.c         0x00000000   Number         0  printf5.o ABSOLUTE
    ../clib/microlib/printf/printf.c         0x00000000   Number         0  printf4.o ABSOLUTE
    ../clib/microlib/printf/printf.c         0x00000000   Number         0  printf3.o ABSOLUTE
    ../clib/microlib/printf/printf.c         0x00000000   Number         0  printf2.o ABSOLUTE
    ../clib/microlib/printf/printf.c         0x00000000   Number         0  printf1.o ABSOLUTE
    ../clib/microlib/printf/printf.c         0x00000000   Number         0  printf0.o ABSOLUTE
    ../clib/microlib/printf/printf.c         0x00000000   Number         0  printfb.o ABSOLUTE
    ../clib/microlib/printf/stubs.s          0x00000000   Number         0  stubs.o ABSOLUTE
    ../clib/microlib/stdio/streams.c         0x00000000   Number         0  stdout.o ABSOLUTE
    ../clib/microlib/string/memcpy.c         0x00000000   Number         0  memcpyb.o ABSOLUTE
    ../clib/microlib/string/memcpy.c         0x00000000   Number         0  memcpya.o ABSOLUTE
    ../clib/microlib/string/memset.c         0x00000000   Number         0  memseta.o ABSOLUTE
    ../clib/microlib/string/strcpy.c         0x00000000   Number         0  strcpy.o ABSOLUTE
    ../clib/microlib/string/strlen.c         0x00000000   Number         0  strlen.o ABSOLUTE
    ../clib/microlib/string/strncpy.c        0x00000000   Number         0  strncpy.o ABSOLUTE
    ../clib/microlib/string/strstr.c         0x00000000   Number         0  strstr.o ABSOLUTE
    ../clib/microlib/string/strtok.c         0x00000000   Number         0  strtok.o ABSOLUTE
    ../clib/microlib/string/strtok.c         0x00000000   Number         0  strtok_r.o ABSOLUTE
    ../clib/microlib/stubs.s                 0x00000000   Number         0  iusefp.o ABSOLUTE
    ../fplib/microlib/fpadd.c                0x00000000   Number         0  dadd.o ABSOLUTE
    ../fplib/microlib/fpdiv.c                0x00000000   Number         0  ddiv.o ABSOLUTE
    ../fplib/microlib/fpepilogue.c           0x00000000   Number         0  depilogue.o ABSOLUTE
    ../fplib/microlib/fpfix.c                0x00000000   Number         0  dfixul.o ABSOLUTE
    ../fplib/microlib/fpmul.c                0x00000000   Number         0  dmul.o ABSOLUTE
    ..\..\Source\list.c                      0x00000000   Number         0  list.o ABSOLUTE
    ..\..\Source\portable\MemMang\heap_2.c   0x00000000   Number         0  heap_2.o ABSOLUTE
    ..\..\Source\portable\RVDS\ARM_CM3\port.c 0x00000000   Number         0  port.o ABSOLUTE
    ..\..\Source\queue.c                     0x00000000   Number         0  queue.o ABSOLUTE
    ..\..\Source\tasks.c                     0x00000000   Number         0  tasks.o ABSOLUTE
    ..\Common\Minimal\BlockQ.c               0x00000000   Number         0  blockq.o ABSOLUTE
    ..\Common\Minimal\PollQ.c                0x00000000   Number         0  pollq.o ABSOLUTE
    ..\Common\Minimal\blocktim.c             0x00000000   Number         0  blocktim.o ABSOLUTE
    ..\Common\Minimal\death.c                0x00000000   Number         0  death.o ABSOLUTE
    ..\Common\Minimal\flash.c                0x00000000   Number         0  flash.o ABSOLUTE
    ..\Common\Minimal\integer.c              0x00000000   Number         0  integer.o ABSOLUTE
    ..\Common\Minimal\semtest.c              0x00000000   Number         0  semtest.o ABSOLUTE
    ..\Common\drivers\ST\STM32F10xFWLib\src\cortexm3_macro_rvds.s 0x00000000   Number         0  cortexm3_macro_rvds.o ABSOLUTE
    ..\Source\FAT\diskio.c                   0x00000000   Number         0  diskio.o ABSOLUTE
    ..\Source\FAT\ff.c                       0x00000000   Number         0  ff.o ABSOLUTE
    ..\Source\lcd_nokia5110\nokia_5110.c     0x00000000   Number         0  nokia_5110.o ABSOLUTE
    ..\Source\main.c                         0x00000000   Number         0  main.o ABSOLUTE
    ..\Source\serial\serial.c                0x00000000   Number         0  serial.o ABSOLUTE
    ..\Source\sim908.c                       0x00000000   Number         0  sim908.o ABSOLUTE
    ..\Source\stm32_sd_spi.c                 0x00000000   Number         0  stm32_sd_spi.o ABSOLUTE
    ..\Source\stm32_spi.c                    0x00000000   Number         0  stm32_spi.o ABSOLUTE
    ..\\..\\Source\\portable\\RVDS\\ARM_CM3\\port.c 0x00000000   Number         0  port.o ABSOLUTE
    ParTest\ParTest.c                        0x00000000   Number         0  partest.o ABSOLUTE
    STM32F10x.s                              0x00000000   Number         0  stm32f10x.o ABSOLUTE
    STM32F10xFWLib\src\stm32f10x_gpio.c      0x00000000   Number         0  stm32f10x_gpio.o ABSOLUTE
    STM32F10xFWLib\src\stm32f10x_lib.c       0x00000000   Number         0  stm32f10x_lib.o ABSOLUTE
    STM32F10xFWLib\src\stm32f10x_nvic.c      0x00000000   Number         0  stm32f10x_nvic.o ABSOLUTE
    STM32F10xFWLib\src\stm32f10x_rcc.c       0x00000000   Number         0  stm32f10x_rcc.o ABSOLUTE
    STM32F10xFWLib\src\stm32f10x_spi.c       0x00000000   Number         0  stm32f10x_spi.o ABSOLUTE
    STM32F10xFWLib\src\stm32f10x_systick.c   0x00000000   Number         0  stm32f10x_systick.o ABSOLUTE
    STM32F10xFWLib\src\stm32f10x_tim.c       0x00000000   Number         0  stm32f10x_tim.o ABSOLUTE
    STM32F10xFWLib\src\stm32f10x_usart.c     0x00000000   Number         0  stm32f10x_usart.o ABSOLUTE
    cdrcmple.s                               0x00000000   Number         0  cdrcmple.o ABSOLUTE
    dc.s                                     0x00000000   Number         0  dc.o ABSOLUTE
    handlers.s                               0x00000000   Number         0  handlers.o ABSOLUTE
    init.s                                   0x00000000   Number         0  init.o ABSOLUTE
    timertest.c                              0x00000000   Number         0  timertest.o ABSOLUTE
    RESET                                    0x08000000   Section      236  stm32f10x.o(RESET)
    .ARM.Collect$$$$00000000                 0x080000ec   Section        0  entry.o(.ARM.Collect$$$$00000000)
    .ARM.Collect$$$$00000001                 0x080000ec   Section        4  entry2.o(.ARM.Collect$$$$00000001)
    .ARM.Collect$$$$00000004                 0x080000f0   Section        4  entry5.o(.ARM.Collect$$$$00000004)
    .ARM.Collect$$$$00000008                 0x080000f4   Section        0  entry7b.o(.ARM.Collect$$$$00000008)
    .ARM.Collect$$$$0000000A                 0x080000f4   Section        0  entry8b.o(.ARM.Collect$$$$0000000A)
    .ARM.Collect$$$$0000000B                 0x080000f4   Section        8  entry9a.o(.ARM.Collect$$$$0000000B)
    .ARM.Collect$$$$0000000D                 0x080000fc   Section        0  entry10a.o(.ARM.Collect$$$$0000000D)
    .ARM.Collect$$$$0000000F                 0x080000fc   Section        0  entry11a.o(.ARM.Collect$$$$0000000F)
    .ARM.Collect$$$$00002712                 0x080000fc   Section        4  entry2.o(.ARM.Collect$$$$00002712)
    __lit__00000000                          0x080000fc   Data           4  entry2.o(.ARM.Collect$$$$00002712)
    .emb_text                                0x08000100   Section      162  port.o(.emb_text)
    .text                                    0x080001a4   Section       28  stm32f10x.o(.text)
    .text                                    0x080001c0   Section        0  stm32f10x_usart.o(.text)
    .text                                    0x080004e4   Section      110  cortexm3_macro_rvds.o(.text)
    .text                                    0x08000554   Section        0  stm32f10x_gpio.o(.text)
    .text                                    0x0800083c   Section        0  stm32f10x_nvic.o(.text)
    .text                                    0x08000c1c   Section        0  stm32f10x_rcc.o(.text)
    .text                                    0x08000f98   Section        0  stm32f10x_spi.o(.text)
    .text                                    0x080011ac   Section        0  stm32f10x_systick.o(.text)
    .text                                    0x08001270   Section        0  stm32f10x_tim.o(.text)
    TI1_Config                               0x080013cb   Thumb Code    56  stm32f10x_tim.o(.text)
    TI2_Config                               0x0800141d   Thumb Code    80  stm32f10x_tim.o(.text)
    PWMI_Config                              0x0800146d   Thumb Code   124  stm32f10x_tim.o(.text)
    TI4_Config                               0x08001503   Thumb Code    82  stm32f10x_tim.o(.text)
    TI3_Config                               0x08001567   Thumb Code    66  stm32f10x_tim.o(.text)
    ETR_Config                               0x0800172d   Thumb Code    26  stm32f10x_tim.o(.text)
    .text                                    0x08001ad4   Section        0  main.o(.text)
    WriteGPSDataInfo                         0x08001ad5   Thumb Code    58  main.o(.text)
    ReadGPSInfo                              0x08001b0f   Thumb Code    16  main.o(.text)
    WriteJsonHeadertoSDcard                  0x08001b1f   Thumb Code    42  main.o(.text)
    vGPSTask                                 0x08001b49   Thumb Code   108  main.o(.text)
    vGPRSTask                                0x08001bb5   Thumb Code   292  main.o(.text)
    prvSetupHardware                         0x08001cd9   Thumb Code   220  main.o(.text)
    vSaveLocationTask                        0x08001e0b   Thumb Code    40  main.o(.text)
    .text                                    0x08001f34   Section        0  sim908.o(.text)
    .text                                    0x08002c08   Section        0  nokia_5110.o(.text)
    .text                                    0x08002e48   Section        0  timertest.o(.text)
    .text                                    0x08002f40   Section        0  serial.o(.text)
    .text                                    0x080031ec   Section        0  stm32_spi.o(.text)
    .text                                    0x080032c4   Section        0  stm32_sd_spi.o(.text)
    SD_SendCmd                               0x080032c5   Thumb Code   108  stm32_sd_spi.o(.text)
    SD_GetResponse4b                         0x08003331   Thumb Code    38  stm32_sd_spi.o(.text)
    SD_FixSectorSize                         0x08003357   Thumb Code    16  stm32_sd_spi.o(.text)
    SD_WaitReady                             0x08003367   Thumb Code    36  stm32_sd_spi.o(.text)
    SD_WaitBytesRead                         0x0800338b   Thumb Code    34  stm32_sd_spi.o(.text)
    SD_WaitBytesWritten                      0x080033ad   Thumb Code    32  stm32_sd_spi.o(.text)
    SD_WaitBytesErased                       0x080033cd   Thumb Code    32  stm32_sd_spi.o(.text)
    SD_Bus_Hold                              0x080033ed   Thumb Code    14  stm32_sd_spi.o(.text)
    SD_Bus_Release                           0x080033fb   Thumb Code    20  stm32_sd_spi.o(.text)
    SD_GoIdleState                           0x0800340f   Thumb Code   362  stm32_sd_spi.o(.text)
    SD_ReceiveData                           0x08003579   Thumb Code    78  stm32_sd_spi.o(.text)
    SD_GetCSDRegister                        0x080035c7   Thumb Code   554  stm32_sd_spi.o(.text)
    SD_GetCIDRegister                        0x080037f1   Thumb Code   214  stm32_sd_spi.o(.text)
    SD_GetSCRRegister                        0x080038c7   Thumb Code   220  stm32_sd_spi.o(.text)
    .text                                    0x08005420   Section        0  tasks.o(.text)
    prvInitialiseTaskLists                   0x08005421   Thumb Code    70  tasks.o(.text)
    prvInitialiseTCBVariables                0x08005467   Thumb Code    98  tasks.o(.text)
    prvAllocateTCBAndStack                   0x080054c9   Thumb Code    54  tasks.o(.text)
    prvResetNextTaskUnblockTime              0x080055e1   Thumb Code    42  tasks.o(.text)
    prvAddCurrentTaskToDelayedList           0x08005893   Thumb Code    62  tasks.o(.text)
    prvTaskIsTaskSuspended                   0x08005b9f   Thumb Code    56  tasks.o(.text)
    prvDeleteTCB                             0x08005ce1   Thumb Code    18  tasks.o(.text)
    prvCheckTasksWaitingTermination          0x08005cf3   Thumb Code    86  tasks.o(.text)
    prvIdleTask                              0x08005d49   Thumb Code    20  tasks.o(.text)
    .text                                    0x080064e4   Section        0  list.o(.text)
    .text                                    0x08006578   Section        0  queue.o(.text)
    prvUnlockQueue                           0x0800662d   Thumb Code   126  queue.o(.text)
    prvIsQueueFull                           0x080066ab   Thumb Code    30  queue.o(.text)
    prvCopyDataToQueue                       0x080066c9   Thumb Code   128  queue.o(.text)
    prvIsQueueEmpty                          0x0800693f   Thumb Code    26  queue.o(.text)
    prvCopyDataFromQueue                     0x08006959   Thumb Code    42  queue.o(.text)
    .text                                    0x08006b90   Section        0  port.o(.text)
    prvTaskExitError                         0x08006b91   Thumb Code     8  port.o(.text)
    .text                                    0x08006c64   Section        0  heap_2.o(.text)
    prvHeapInit                              0x08006c65   Thumb Code    42  heap_2.o(.text)
    .text                                    0x08006d88   Section        0  memcpya.o(.text)
    .text                                    0x08006dac   Section        0  memseta.o(.text)
    .text                                    0x08006dd0   Section        0  strstr.o(.text)
    .text                                    0x08006df4   Section        0  strncpy.o(.text)
    .text                                    0x08006e0c   Section        0  strlen.o(.text)
    .text                                    0x08006e1a   Section        0  strcpy.o(.text)
    .text                                    0x08006e2c   Section        0  strtok.o(.text)
    .text                                    0x08006e70   Section        0  uldiv.o(.text)
    .text                                    0x08006ed4   Section       36  init.o(.text)
    .text                                    0x08006ef8   Section        0  llshl.o(.text)
    .text                                    0x08006f16   Section        0  llushr.o(.text)
    .text                                    0x08006f36   Section        0  __dczerorl2.o(.text)
    i.__0printf$8                            0x08006f8c   Section        0  printf8.o(i.__0printf$8)
    i.__0sprintf$8                           0x08006fac   Section        0  printf8.o(i.__0sprintf$8)
    i.__scatterload_copy                     0x08006fd4   Section       14  handlers.o(i.__scatterload_copy)
    i.__scatterload_null                     0x08006fe2   Section        2  handlers.o(i.__scatterload_null)
    i.__scatterload_zeroinit                 0x08006fe4   Section       14  handlers.o(i.__scatterload_zeroinit)
    i._printf_core                           0x08006ff4   Section        0  printf8.o(i._printf_core)
    _printf_core                             0x08006ff5   Thumb Code   996  printf8.o(i._printf_core)
    i._printf_post_padding                   0x08007404   Section        0  printf8.o(i._printf_post_padding)
    _printf_post_padding                     0x08007405   Thumb Code    36  printf8.o(i._printf_post_padding)
    i._printf_pre_padding                    0x08007428   Section        0  printf8.o(i._printf_pre_padding)
    _printf_pre_padding                      0x08007429   Thumb Code    46  printf8.o(i._printf_pre_padding)
    i._sputc                                 0x08007456   Section        0  printf8.o(i._sputc)
    _sputc                                   0x08007457   Thumb Code    10  printf8.o(i._sputc)
    .constdata                               0x08007460   Section       20  stm32f10x_rcc.o(.constdata)
    APBAHBPrescTable                         0x08007460   Data          16  stm32f10x_rcc.o(.constdata)
    ADCPrescTable                            0x08007470   Data           4  stm32f10x_rcc.o(.constdata)
    .constdata                               0x08007474   Section       16  stm32f10x_tim.o(.constdata)
    Tab_OCModeMask                           0x08007474   Data           8  stm32f10x_tim.o(.constdata)
    Tab_PolarityMask                         0x0800747c   Data           8  stm32f10x_tim.o(.constdata)
    .conststring                             0x08007484   Section       68  main.o(.conststring)
    .data                                    0x20000000   Section        8  main.o(.data)
    .data                                    0x20000008   Section        4  sim908.o(.data)
    .data                                    0x2000000c   Section      552  nokia_5110.o(.data)
    .data                                    0x20000234   Section        8  timertest.o(.data)
    usLastCount                              0x20000236   Data           2  timertest.o(.data)
    usSettleCount                            0x20000238   Data           2  timertest.o(.data)
    usMaxDifference                          0x2000023a   Data           2  timertest.o(.data)
    .data                                    0x2000023c   Section        1  stm32_sd_spi.o(.data)
    .data                                    0x20000240   Section       56  tasks.o(.data)
    pxDelayedTaskList                        0x20000244   Data           4  tasks.o(.data)
    pxOverflowDelayedTaskList                0x20000248   Data           4  tasks.o(.data)
    uxTasksDeleted                           0x2000024c   Data           4  tasks.o(.data)
    uxCurrentNumberOfTasks                   0x20000250   Data           4  tasks.o(.data)
    xTickCount                               0x20000254   Data           4  tasks.o(.data)
    uxTopReadyPriority                       0x20000258   Data           4  tasks.o(.data)
    xSchedulerRunning                        0x2000025c   Data           4  tasks.o(.data)
    uxPendedTicks                            0x20000260   Data           4  tasks.o(.data)
    xYieldPending                            0x20000264   Data           4  tasks.o(.data)
    xNumOfOverflows                          0x20000268   Data           4  tasks.o(.data)
    uxTaskNumber                             0x2000026c   Data           4  tasks.o(.data)
    xNextTaskUnblockTime                     0x20000270   Data           4  tasks.o(.data)
    uxSchedulerSuspended                     0x20000274   Data           4  tasks.o(.data)
    .data                                    0x20000278   Section        4  port.o(.data)
    uxCriticalNesting                        0x20000278   Data           4  port.o(.data)
    .data                                    0x2000027c   Section       24  heap_2.o(.data)
    xStart                                   0x2000027c   Data           8  heap_2.o(.data)
    xEnd                                     0x20000284   Data           8  heap_2.o(.data)
    xFreeBytesRemaining                      0x2000028c   Data           4  heap_2.o(.data)
    xHeapHasBeenInitialised                  0x20000290   Data           4  heap_2.o(.data)
    .data                                    0x20000294   Section        4  strtok.o(.data)
    state                                    0x20000294   Data           4  strtok.o(.data)
    .data                                    0x20000298   Section        4  stdout.o(.data)
    .bss                                     0x2000029c   Section       24  serial.o(.bss)
    .bss                                     0x200002b4   Section      200  tasks.o(.bss)
    pxReadyTasksLists                        0x200002b4   Data         100  tasks.o(.bss)
    xDelayedTaskList1                        0x20000318   Data          20  tasks.o(.bss)
    xDelayedTaskList2                        0x2000032c   Data          20  tasks.o(.bss)
    xPendingReadyList                        0x20000340   Data          20  tasks.o(.bss)
    xTasksWaitingTermination                 0x20000354   Data          20  tasks.o(.bss)
    xSuspendedTaskList                       0x20000368   Data          20  tasks.o(.bss)
    .bss                                     0x2000037c   Section    16384  heap_2.o(.bss)
    ucHeap                                   0x2000037c   Data       16384  heap_2.o(.bss)
    STACK                                    0x20004380   Section      512  stm32f10x.o(STACK)

    Global Symbols

    Symbol Name                              Value     Ov Type        Size  Object(Section)

    BuildAttributes$$THM_ISAv4$P$D$K$B$S$PE$A:L22UL41UL21$X:L11$S22US41US21$IEEE1$IW$USESV6$~STKCKD$USESV7$~SHL$OSPACE$ROPI$EBA8$MICROLIB$REQ8$PRES8$EABIv2 0x00000000   Number         0  anon$$obj.o ABSOLUTE
    __ARM_use_no_argv                        0x00000000   Number         0  main.o ABSOLUTE
    _printf_a                                0x00000000   Number         0  stubs.o ABSOLUTE
    _printf_c                                0x00000000   Number         0  stubs.o ABSOLUTE
    _printf_charcount                        0x00000000   Number         0  stubs.o ABSOLUTE
    _printf_d                                0x00000000   Number         0  stubs.o ABSOLUTE
    _printf_e                                0x00000000   Number         0  stubs.o ABSOLUTE
    _printf_f                                0x00000000   Number         0  stubs.o ABSOLUTE
    _printf_flags                            0x00000000   Number         0  stubs.o ABSOLUTE
    _printf_fp_dec                           0x00000000   Number         0  stubs.o ABSOLUTE
    _printf_fp_hex                           0x00000000   Number         0  stubs.o ABSOLUTE
    _printf_g                                0x00000000   Number         0  stubs.o ABSOLUTE
    _printf_i                                0x00000000   Number         0  stubs.o ABSOLUTE
    _printf_int_dec                          0x00000000   Number         0  stubs.o ABSOLUTE
    _printf_l                                0x00000000   Number         0  stubs.o ABSOLUTE
    _printf_lc                               0x00000000   Number         0  stubs.o ABSOLUTE
    _printf_ll                               0x00000000   Number         0  stubs.o ABSOLUTE
    _printf_lld                              0x00000000   Number         0  stubs.o ABSOLUTE
    _printf_lli                              0x00000000   Number         0  stubs.o ABSOLUTE
    _printf_llo                              0x00000000   Number         0  stubs.o ABSOLUTE
    _printf_llu                              0x00000000   Number         0  stubs.o ABSOLUTE
    _printf_llx                              0x00000000   Number         0  stubs.o ABSOLUTE
    _printf_longlong_dec                     0x00000000   Number         0  stubs.o ABSOLUTE
    _printf_longlong_hex                     0x00000000   Number         0  stubs.o ABSOLUTE
    _printf_longlong_oct                     0x00000000   Number         0  stubs.o ABSOLUTE
    _printf_ls                               0x00000000   Number         0  stubs.o ABSOLUTE
    _printf_mbtowc                           0x00000000   Number         0  stubs.o ABSOLUTE
    _printf_n                                0x00000000   Number         0  stubs.o ABSOLUTE
    _printf_o                                0x00000000   Number         0  stubs.o ABSOLUTE
    _printf_p                                0x00000000   Number         0  stubs.o ABSOLUTE
    _printf_percent                          0x00000000   Number         0  stubs.o ABSOLUTE
    _printf_pre_padding                      0x00000000   Number         0  stubs.o ABSOLUTE
    _printf_return_value                     0x00000000   Number         0  stubs.o ABSOLUTE
    _printf_s                                0x00000000   Number         0  stubs.o ABSOLUTE
    _printf_sizespec                         0x00000000   Number         0  stubs.o ABSOLUTE
    _printf_str                              0x00000000   Number         0  stubs.o ABSOLUTE
    _printf_truncate_signed                  0x00000000   Number         0  stubs.o ABSOLUTE
    _printf_truncate_unsigned                0x00000000   Number         0  stubs.o ABSOLUTE
    _printf_u                                0x00000000   Number         0  stubs.o ABSOLUTE
    _printf_wc                               0x00000000   Number         0  stubs.o ABSOLUTE
    _printf_wctomb                           0x00000000   Number         0  stubs.o ABSOLUTE
    _printf_widthprec                        0x00000000   Number         0  stubs.o ABSOLUTE
    _printf_x                                0x00000000   Number         0  stubs.o ABSOLUTE
    __cpp_initialize__aeabi_                  - Undefined Weak Reference
    __cxa_finalize                            - Undefined Weak Reference
    _clock_init                               - Undefined Weak Reference
    _microlib_exit                            - Undefined Weak Reference
    __Vectors                                0x08000000   Data           4  stm32f10x.o(RESET)
    __main                                   0x080000ed   Thumb Code     0  entry.o(.ARM.Collect$$$$00000000)
    _main_stk                                0x080000ed   Thumb Code     0  entry2.o(.ARM.Collect$$$$00000001)
    _main_scatterload                        0x080000f1   Thumb Code     0  entry5.o(.ARM.Collect$$$$00000004)
    __main_after_scatterload                 0x080000f5   Thumb Code     0  entry5.o(.ARM.Collect$$$$00000004)
    _main_clock                              0x080000f5   Thumb Code     0  entry7b.o(.ARM.Collect$$$$00000008)
    _main_cpp_init                           0x080000f5   Thumb Code     0  entry8b.o(.ARM.Collect$$$$0000000A)
    _main_init                               0x080000f5   Thumb Code     0  entry9a.o(.ARM.Collect$$$$0000000B)
    __rt_final_cpp                           0x080000fd   Thumb Code     0  entry10a.o(.ARM.Collect$$$$0000000D)
    __rt_final_exit                          0x080000fd   Thumb Code     0  entry11a.o(.ARM.Collect$$$$0000000F)
    vPortSVCHandler                          0x08000101   Thumb Code    32  port.o(.emb_text)
    __asm___6_port_c_39a90d8d__prvStartFirstTask 0x08000125   Thumb Code    28  port.o(.emb_text)
    xPortPendSVHandler                       0x08000145   Thumb Code    64  port.o(.emb_text)
    ulPortSetInterruptMask                   0x08000189   Thumb Code    14  port.o(.emb_text)
    vPortClearInterruptMask                  0x08000197   Thumb Code     6  port.o(.emb_text)
    vPortGetIPSR                             0x0800019d   Thumb Code     6  port.o(.emb_text)
    Reset_Handler                            0x080001a5   Thumb Code     4  stm32f10x.o(.text)
    NMI_Handler                              0x080001a9   Thumb Code     2  stm32f10x.o(.text)
    HardFault_Handler                        0x080001ab   Thumb Code     2  stm32f10x.o(.text)
    MemManage_Handler                        0x080001ad   Thumb Code     2  stm32f10x.o(.text)
    BusFault_Handler                         0x080001af   Thumb Code     2  stm32f10x.o(.text)
    UsageFault_Handler                       0x080001b1   Thumb Code     2  stm32f10x.o(.text)
    SVC_Handler                              0x080001b3   Thumb Code     2  stm32f10x.o(.text)
    DebugMon_Handler                         0x080001b5   Thumb Code     2  stm32f10x.o(.text)
    PendSV_Handler                           0x080001b7   Thumb Code     2  stm32f10x.o(.text)
    SysTick_Handler                          0x080001b9   Thumb Code     2  stm32f10x.o(.text)
    ADC_IRQHandler                           0x080001bb   Thumb Code     0  stm32f10x.o(.text)
    CAN_RX1_IRQHandler                       0x080001bb   Thumb Code     0  stm32f10x.o(.text)
    CAN_SCE_IRQHandler                       0x080001bb   Thumb Code     0  stm32f10x.o(.text)
    DMAChannel1_IRQHandler                   0x080001bb   Thumb Code     0  stm32f10x.o(.text)
    DMAChannel2_IRQHandler                   0x080001bb   Thumb Code     0  stm32f10x.o(.text)
    DMAChannel3_IRQHandler                   0x080001bb   Thumb Code     0  stm32f10x.o(.text)
    DMAChannel4_IRQHandler                   0x080001bb   Thumb Code     0  stm32f10x.o(.text)
    DMAChannel5_IRQHandler                   0x080001bb   Thumb Code     0  stm32f10x.o(.text)
    DMAChannel6_IRQHandler                   0x080001bb   Thumb Code     0  stm32f10x.o(.text)
    DMAChannel7_IRQHandler                   0x080001bb   Thumb Code     0  stm32f10x.o(.text)
    EXTI0_IRQHandler                         0x080001bb   Thumb Code     0  stm32f10x.o(.text)
    EXTI15_10_IRQHandler                     0x080001bb   Thumb Code     0  stm32f10x.o(.text)
    EXTI1_IRQHandler                         0x080001bb   Thumb Code     0  stm32f10x.o(.text)
    EXTI2_IRQHandler                         0x080001bb   Thumb Code     0  stm32f10x.o(.text)
    EXTI3_IRQHandler                         0x080001bb   Thumb Code     0  stm32f10x.o(.text)
    EXTI4_IRQHandler                         0x080001bb   Thumb Code     0  stm32f10x.o(.text)
    EXTI9_5_IRQHandler                       0x080001bb   Thumb Code     0  stm32f10x.o(.text)
    FLASH_IRQHandler                         0x080001bb   Thumb Code     0  stm32f10x.o(.text)
    I2C1_ER_IRQHandler                       0x080001bb   Thumb Code     0  stm32f10x.o(.text)
    I2C1_EV_IRQHandler                       0x080001bb   Thumb Code     0  stm32f10x.o(.text)
    I2C2_ER_IRQHandler                       0x080001bb   Thumb Code     0  stm32f10x.o(.text)
    I2C2_EV_IRQHandler                       0x080001bb   Thumb Code     0  stm32f10x.o(.text)
    PVD_IRQHandler                           0x080001bb   Thumb Code     0  stm32f10x.o(.text)
    RCC_IRQHandler                           0x080001bb   Thumb Code     0  stm32f10x.o(.text)
    RTCAlarm_IRQHandler                      0x080001bb   Thumb Code     0  stm32f10x.o(.text)
    RTC_IRQHandler                           0x080001bb   Thumb Code     0  stm32f10x.o(.text)
    SPI1_IRQHandler                          0x080001bb   Thumb Code     0  stm32f10x.o(.text)
    SPI2_IRQHandler                          0x080001bb   Thumb Code     0  stm32f10x.o(.text)
    TAMPER_IRQHandler                        0x080001bb   Thumb Code     0  stm32f10x.o(.text)
    TIM1_BRK_IRQHandler                      0x080001bb   Thumb Code     0  stm32f10x.o(.text)
    TIM1_CC_IRQHandler                       0x080001bb   Thumb Code     0  stm32f10x.o(.text)
    TIM1_TRG_COM_IRQHandler                  0x080001bb   Thumb Code     0  stm32f10x.o(.text)
    TIM1_UP_IRQHandler                       0x080001bb   Thumb Code     0  stm32f10x.o(.text)
    TIM2_IRQHandler                          0x080001bb   Thumb Code     0  stm32f10x.o(.text)
    TIM3_IRQHandler                          0x080001bb   Thumb Code     0  stm32f10x.o(.text)
    TIM4_IRQHandler                          0x080001bb   Thumb Code     0  stm32f10x.o(.text)
    USART1_IRQHandler                        0x080001bb   Thumb Code     0  stm32f10x.o(.text)
    USART2_IRQHandler                        0x080001bb   Thumb Code     0  stm32f10x.o(.text)
    USART3_IRQHandler                        0x080001bb   Thumb Code     0  stm32f10x.o(.text)
    USBWakeUp_IRQHandler                     0x080001bb   Thumb Code     0  stm32f10x.o(.text)
    USB_HP_CAN_TX_IRQHandler                 0x080001bb   Thumb Code     0  stm32f10x.o(.text)
    USB_LP_CAN_RX0_IRQHandler                0x080001bb   Thumb Code     0  stm32f10x.o(.text)
    WWDG_IRQHandler                          0x080001bb   Thumb Code     0  stm32f10x.o(.text)
    USART_DeInit                             0x080001c1   Thumb Code    88  stm32f10x_usart.o(.text)
    USART_Init                               0x08000219   Thumb Code   168  stm32f10x_usart.o(.text)
    USART_StructInit                         0x080002c1   Thumb Code    32  stm32f10x_usart.o(.text)
    USART_Cmd                                0x080002e1   Thumb Code    24  stm32f10x_usart.o(.text)
    USART_ITConfig                           0x080002f9   Thumb Code    64  stm32f10x_usart.o(.text)
    USART_DMACmd                             0x08000339   Thumb Code    18  stm32f10x_usart.o(.text)
    USART_SetAddress                         0x0800034b   Thumb Code    18  stm32f10x_usart.o(.text)
    USART_WakeUpConfig                       0x0800035d   Thumb Code    18  stm32f10x_usart.o(.text)
    USART_ReceiverWakeUpCmd                  0x0800036f   Thumb Code    24  stm32f10x_usart.o(.text)
    USART_LINBreakDetectLengthConfig         0x08000387   Thumb Code    18  stm32f10x_usart.o(.text)
    USART_LINCmd                             0x08000399   Thumb Code    24  stm32f10x_usart.o(.text)
    USART_SendData                           0x080003b1   Thumb Code     8  stm32f10x_usart.o(.text)
    USART_ReceiveData                        0x080003b9   Thumb Code    10  stm32f10x_usart.o(.text)
    USART_SendBreak                          0x080003c3   Thumb Code    10  stm32f10x_usart.o(.text)
    USART_SetGuardTime                       0x080003cd   Thumb Code    16  stm32f10x_usart.o(.text)
    USART_SetPrescaler                       0x080003dd   Thumb Code    16  stm32f10x_usart.o(.text)
    USART_SmartCardCmd                       0x080003ed   Thumb Code    24  stm32f10x_usart.o(.text)
    USART_SmartCardNACKCmd                   0x08000405   Thumb Code    24  stm32f10x_usart.o(.text)
    USART_HalfDuplexCmd                      0x0800041d   Thumb Code    24  stm32f10x_usart.o(.text)
    USART_IrDAConfig                         0x08000435   Thumb Code    18  stm32f10x_usart.o(.text)
    USART_IrDACmd                            0x08000447   Thumb Code    24  stm32f10x_usart.o(.text)
    USART_GetFlagStatus                      0x0800045f   Thumb Code    18  stm32f10x_usart.o(.text)
    USART_ClearFlag                          0x08000471   Thumb Code     8  stm32f10x_usart.o(.text)
    USART_GetITStatus                        0x08000479   Thumb Code    76  stm32f10x_usart.o(.text)
    USART_ClearITPendingBit                  0x080004c5   Thumb Code    22  stm32f10x_usart.o(.text)
    __WFI                                    0x080004e5   Thumb Code     0  cortexm3_macro_rvds.o(.text)
    __WFE                                    0x080004e9   Thumb Code     0  cortexm3_macro_rvds.o(.text)
    __SEV                                    0x080004ed   Thumb Code     0  cortexm3_macro_rvds.o(.text)
    __ISB                                    0x080004f1   Thumb Code     0  cortexm3_macro_rvds.o(.text)
    __DSB                                    0x080004f7   Thumb Code     0  cortexm3_macro_rvds.o(.text)
    __DMB                                    0x080004fd   Thumb Code     0  cortexm3_macro_rvds.o(.text)
    __SVC                                    0x08000503   Thumb Code     0  cortexm3_macro_rvds.o(.text)
    __MRS_CONTROL                            0x08000507   Thumb Code     0  cortexm3_macro_rvds.o(.text)
    __MSR_CONTROL                            0x0800050d   Thumb Code     0  cortexm3_macro_rvds.o(.text)
    __MRS_PSP                                0x08000517   Thumb Code     0  cortexm3_macro_rvds.o(.text)
    __MSR_PSP                                0x0800051d   Thumb Code     0  cortexm3_macro_rvds.o(.text)
    __MRS_MSP                                0x08000523   Thumb Code     0  cortexm3_macro_rvds.o(.text)
    __MSR_MSP                                0x08000529   Thumb Code     0  cortexm3_macro_rvds.o(.text)
    __SETPRIMASK                             0x0800052f   Thumb Code     0  cortexm3_macro_rvds.o(.text)
    __RESETPRIMASK                           0x08000533   Thumb Code     0  cortexm3_macro_rvds.o(.text)
    __SETFAULTMASK                           0x08000537   Thumb Code     0  cortexm3_macro_rvds.o(.text)
    __RESETFAULTMASK                         0x0800053b   Thumb Code     0  cortexm3_macro_rvds.o(.text)
    __BASEPRICONFIG                          0x0800053f   Thumb Code     0  cortexm3_macro_rvds.o(.text)
    __GetBASEPRI                             0x08000545   Thumb Code     0  cortexm3_macro_rvds.o(.text)
    __REV_HalfWord                           0x0800054b   Thumb Code     0  cortexm3_macro_rvds.o(.text)
    __REV_Word                               0x0800054f   Thumb Code     0  cortexm3_macro_rvds.o(.text)
    GPIO_DeInit                              0x08000555   Thumb Code   138  stm32f10x_gpio.o(.text)
    GPIO_AFIODeInit                          0x080005df   Thumb Code    20  stm32f10x_gpio.o(.text)
    GPIO_Init                                0x080005f3   Thumb Code   278  stm32f10x_gpio.o(.text)
    GPIO_StructInit                          0x08000709   Thumb Code    16  stm32f10x_gpio.o(.text)
    GPIO_ReadInputDataBit                    0x08000719   Thumb Code    18  stm32f10x_gpio.o(.text)
    GPIO_ReadInputData                       0x0800072b   Thumb Code     8  stm32f10x_gpio.o(.text)
    GPIO_ReadOutputDataBit                   0x08000733   Thumb Code    18  stm32f10x_gpio.o(.text)
    GPIO_ReadOutputData                      0x08000745   Thumb Code     8  stm32f10x_gpio.o(.text)
    GPIO_WriteBit                            0x0800074d   Thumb Code    10  stm32f10x_gpio.o(.text)
    GPIO_Write                               0x08000757   Thumb Code     4  stm32f10x_gpio.o(.text)
    GPIO_SetBits                             0x0800075b   Thumb Code     4  stm32f10x_gpio.o(.text)
    GPIO_ResetBits                           0x0800075f   Thumb Code     4  stm32f10x_gpio.o(.text)
    GPIO_PinLockConfig                       0x08000763   Thumb Code    18  stm32f10x_gpio.o(.text)
    GPIO_EventOutputConfig                   0x08000775   Thumb Code    26  stm32f10x_gpio.o(.text)
    GPIO_EventOutputCmd                      0x0800078f   Thumb Code     6  stm32f10x_gpio.o(.text)
    GPIO_PinRemapConfig                      0x08000795   Thumb Code    86  stm32f10x_gpio.o(.text)
    GPIO_EXTILineConfig                      0x080007eb   Thumb Code    66  stm32f10x_gpio.o(.text)
    NVIC_DeInit                              0x0800083d   Thumb Code    54  stm32f10x_nvic.o(.text)
    NVIC_SCBDeInit                           0x08000873   Thumb Code    76  stm32f10x_nvic.o(.text)
    NVIC_PriorityGroupConfig                 0x080008bf   Thumb Code    12  stm32f10x_nvic.o(.text)
    NVIC_Init                                0x080008cb   Thumb Code   152  stm32f10x_nvic.o(.text)
    NVIC_StructInit                          0x08000963   Thumb Code    12  stm32f10x_nvic.o(.text)
    NVIC_SETPRIMASK                          0x0800096f   Thumb Code     8  stm32f10x_nvic.o(.text)
    NVIC_RESETPRIMASK                        0x08000977   Thumb Code     8  stm32f10x_nvic.o(.text)
    NVIC_SETFAULTMASK                        0x0800097f   Thumb Code     8  stm32f10x_nvic.o(.text)
    NVIC_RESETFAULTMASK                      0x08000987   Thumb Code     8  stm32f10x_nvic.o(.text)
    NVIC_BASEPRICONFIG                       0x0800098f   Thumb Code    12  stm32f10x_nvic.o(.text)
    NVIC_GetBASEPRI                          0x0800099b   Thumb Code     8  stm32f10x_nvic.o(.text)
    NVIC_GetCurrentPendingIRQChannel         0x080009a3   Thumb Code    10  stm32f10x_nvic.o(.text)
    NVIC_GetIRQChannelPendingBitStatus       0x080009ad   Thumb Code    42  stm32f10x_nvic.o(.text)
    NVIC_SetIRQChannelPendingBit             0x080009d7   Thumb Code     6  stm32f10x_nvic.o(.text)
    NVIC_ClearIRQChannelPendingBit           0x080009dd   Thumb Code    20  stm32f10x_nvic.o(.text)
    NVIC_GetCurrentActiveHandler             0x080009f1   Thumb Code    10  stm32f10x_nvic.o(.text)
    NVIC_GetIRQChannelActiveBitStatus        0x080009fb   Thumb Code    42  stm32f10x_nvic.o(.text)
    NVIC_GetCPUID                            0x08000a25   Thumb Code     8  stm32f10x_nvic.o(.text)
    NVIC_SetVectorTable                      0x08000a2d   Thumb Code    22  stm32f10x_nvic.o(.text)
    NVIC_GenerateSystemReset                 0x08000a43   Thumb Code    12  stm32f10x_nvic.o(.text)
    NVIC_GenerateCoreReset                   0x08000a4f   Thumb Code    12  stm32f10x_nvic.o(.text)
    NVIC_SystemLPConfig                      0x08000a5b   Thumb Code    34  stm32f10x_nvic.o(.text)
    NVIC_SystemHandlerConfig                 0x08000a7d   Thumb Code    48  stm32f10x_nvic.o(.text)
    NVIC_SystemHandlerPriorityConfig         0x08000aad   Thumb Code   110  stm32f10x_nvic.o(.text)
    NVIC_GetSystemHandlerPendingBitStatus    0x08000b1b   Thumb Code    44  stm32f10x_nvic.o(.text)
    NVIC_SetSystemHandlerPendingBit          0x08000b47   Thumb Code    22  stm32f10x_nvic.o(.text)
    NVIC_ClearSystemHandlerPendingBit        0x08000b5d   Thumb Code    26  stm32f10x_nvic.o(.text)
    NVIC_GetSystemHandlerActiveBitStatus     0x08000b77   Thumb Code    42  stm32f10x_nvic.o(.text)
    NVIC_GetFaultHandlerSources              0x08000ba1   Thumb Code    66  stm32f10x_nvic.o(.text)
    NVIC_GetFaultAddress                     0x08000be3   Thumb Code    28  stm32f10x_nvic.o(.text)
    RCC_DeInit                               0x08000c1d   Thumb Code    78  stm32f10x_rcc.o(.text)
    RCC_HSEConfig                            0x08000c6b   Thumb Code    70  stm32f10x_rcc.o(.text)
    RCC_AdjustHSICalibrationValue            0x08000cb1   Thumb Code    20  stm32f10x_rcc.o(.text)
    RCC_HSICmd                               0x08000cc5   Thumb Code     6  stm32f10x_rcc.o(.text)
    RCC_PLLConfig                            0x08000ccb   Thumb Code    24  stm32f10x_rcc.o(.text)
    RCC_PLLCmd                               0x08000ce3   Thumb Code     6  stm32f10x_rcc.o(.text)
    RCC_SYSCLKConfig                         0x08000ce9   Thumb Code    18  stm32f10x_rcc.o(.text)
    RCC_GetSYSCLKSource                      0x08000cfb   Thumb Code    10  stm32f10x_rcc.o(.text)
    RCC_HCLKConfig                           0x08000d05   Thumb Code    18  stm32f10x_rcc.o(.text)
    RCC_PCLK1Config                          0x08000d17   Thumb Code    18  stm32f10x_rcc.o(.text)
    RCC_PCLK2Config                          0x08000d29   Thumb Code    20  stm32f10x_rcc.o(.text)
    RCC_ITConfig                             0x08000d3d   Thumb Code    26  stm32f10x_rcc.o(.text)
    RCC_USBCLKConfig                         0x08000d57   Thumb Code     8  stm32f10x_rcc.o(.text)
    RCC_ADCCLKConfig                         0x08000d5f   Thumb Code    18  stm32f10x_rcc.o(.text)
    RCC_LSEConfig                            0x08000d71   Thumb Code    50  stm32f10x_rcc.o(.text)
    RCC_LSICmd                               0x08000da3   Thumb Code     6  stm32f10x_rcc.o(.text)
    RCC_RTCCLKConfig                         0x08000da9   Thumb Code    12  stm32f10x_rcc.o(.text)
    RCC_RTCCLKCmd                            0x08000db5   Thumb Code     8  stm32f10x_rcc.o(.text)
    RCC_GetClocksFreq                        0x08000dbd   Thumb Code   192  stm32f10x_rcc.o(.text)
    RCC_AHBPeriphClockCmd                    0x08000e7d   Thumb Code    26  stm32f10x_rcc.o(.text)
    RCC_APB2PeriphClockCmd                   0x08000e97   Thumb Code    26  stm32f10x_rcc.o(.text)
    RCC_APB1PeriphClockCmd                   0x08000eb1   Thumb Code    26  stm32f10x_rcc.o(.text)
    RCC_APB2PeriphResetCmd                   0x08000ecb   Thumb Code    26  stm32f10x_rcc.o(.text)
    RCC_APB1PeriphResetCmd                   0x08000ee5   Thumb Code    26  stm32f10x_rcc.o(.text)
    RCC_BackupResetCmd                       0x08000eff   Thumb Code     8  stm32f10x_rcc.o(.text)
    RCC_ClockSecuritySystemCmd               0x08000f07   Thumb Code     6  stm32f10x_rcc.o(.text)
    RCC_MCOConfig                            0x08000f0d   Thumb Code     6  stm32f10x_rcc.o(.text)
    RCC_GetFlagStatus                        0x08000f13   Thumb Code    56  stm32f10x_rcc.o(.text)
    RCC_ClearFlag                            0x08000f4b   Thumb Code    14  stm32f10x_rcc.o(.text)
    RCC_GetITStatus                          0x08000f59   Thumb Code    20  stm32f10x_rcc.o(.text)
    RCC_ClearITPendingBit                    0x08000f6d   Thumb Code     6  stm32f10x_rcc.o(.text)
    SPI_DeInit                               0x08000f99   Thumb Code    62  stm32f10x_spi.o(.text)
    SPI_Init                                 0x08000fd7   Thumb Code    50  stm32f10x_spi.o(.text)
    SPI_StructInit                           0x08001009   Thumb Code    24  stm32f10x_spi.o(.text)
    SPI_Cmd                                  0x08001021   Thumb Code    24  stm32f10x_spi.o(.text)
    SPI_ITConfig                             0x08001039   Thumb Code    32  stm32f10x_spi.o(.text)
    SPI_DMACmd                               0x08001059   Thumb Code    18  stm32f10x_spi.o(.text)
    SPI_SendData                             0x0800106b   Thumb Code     4  stm32f10x_spi.o(.text)
    SPI_ReceiveData                          0x0800106f   Thumb Code     6  stm32f10x_spi.o(.text)
    SPI_NSSInternalSoftwareConfig            0x08001075   Thumb Code    30  stm32f10x_spi.o(.text)
    SPI_SSOutputCmd                          0x08001093   Thumb Code    24  stm32f10x_spi.o(.text)
    SPI_DataSizeConfig                       0x080010ab   Thumb Code    20  stm32f10x_spi.o(.text)
    SPI_TransmitCRC                          0x080010bf   Thumb Code    10  stm32f10x_spi.o(.text)
    SPI_CalculateCRC                         0x080010c9   Thumb Code    24  stm32f10x_spi.o(.text)
    SPI_GetCRC                               0x080010e1   Thumb Code    16  stm32f10x_spi.o(.text)
    SPI_GetCRCPolynomial                     0x080010f1   Thumb Code     6  stm32f10x_spi.o(.text)
    SPI_BiDirectionalLineConfig              0x080010f7   Thumb Code    28  stm32f10x_spi.o(.text)
    SPI_GetFlagStatus                        0x08001113   Thumb Code    18  stm32f10x_spi.o(.text)
    SPI_ClearFlag                            0x08001125   Thumb Code    32  stm32f10x_spi.o(.text)
    SPI_GetITStatus                          0x08001145   Thumb Code    52  stm32f10x_spi.o(.text)
    SPI_ClearITPendingBit                    0x08001179   Thumb Code    46  stm32f10x_spi.o(.text)
    SysTick_CLKSourceConfig                  0x080011ad   Thumb Code    40  stm32f10x_systick.o(.text)
    SysTick_SetReload                        0x080011d5   Thumb Code     8  stm32f10x_systick.o(.text)
    SysTick_CounterCmd                       0x080011dd   Thumb Code    52  stm32f10x_systick.o(.text)
    SysTick_ITConfig                         0x08001211   Thumb Code    38  stm32f10x_systick.o(.text)
    SysTick_GetCounter                       0x08001237   Thumb Code     8  stm32f10x_systick.o(.text)
    SysTick_GetFlagStatus                    0x0800123f   Thumb Code    50  stm32f10x_systick.o(.text)
    TIM_DeInit                               0x08001271   Thumb Code    84  stm32f10x_tim.o(.text)
    TIM_TimeBaseInit                         0x080012c5   Thumb Code    30  stm32f10x_tim.o(.text)
    TIM_OCInit                               0x080012e3   Thumb Code   214  stm32f10x_tim.o(.text)
    TIM_SetIC1Prescaler                      0x080013b9   Thumb Code    18  stm32f10x_tim.o(.text)
    TIM_SetIC2Prescaler                      0x08001403   Thumb Code    26  stm32f10x_tim.o(.text)
    TIM_SetIC4Prescaler                      0x080014e9   Thumb Code    26  stm32f10x_tim.o(.text)
    TIM_SetIC3Prescaler                      0x08001555   Thumb Code    18  stm32f10x_tim.o(.text)
    TIM_ICInit                               0x080015a9   Thumb Code   126  stm32f10x_tim.o(.text)
    TIM_TimeBaseStructInit                   0x08001627   Thumb Code    12  stm32f10x_tim.o(.text)
    TIM_OCStructInit                         0x08001633   Thumb Code    12  stm32f10x_tim.o(.text)
    TIM_ICStructInit                         0x0800163f   Thumb Code    34  stm32f10x_tim.o(.text)
    TIM_Cmd                                  0x08001661   Thumb Code    24  stm32f10x_tim.o(.text)
    TIM_ITConfig                             0x08001679   Thumb Code    18  stm32f10x_tim.o(.text)
    TIM_DMAConfig                            0x0800168b   Thumb Code    22  stm32f10x_tim.o(.text)
    TIM_DMACmd                               0x080016a1   Thumb Code    24  stm32f10x_tim.o(.text)
    TIM_InternalClockConfig                  0x080016b9   Thumb Code    12  stm32f10x_tim.o(.text)
    TIM_SelectInputTrigger                   0x080016c5   Thumb Code    18  stm32f10x_tim.o(.text)
    TIM_ITRxExternalClockConfig              0x080016d7   Thumb Code    24  stm32f10x_tim.o(.text)
    TIM_TIxExternalClockConfig               0x080016ef   Thumb Code    62  stm32f10x_tim.o(.text)
    TIM_ETRClockMode1Config                  0x08001747   Thumb Code    64  stm32f10x_tim.o(.text)
    TIM_ETRClockMode2Config                  0x08001787   Thumb Code    36  stm32f10x_tim.o(.text)
    TIM_PrescalerConfig                      0x080017ab   Thumb Code    26  stm32f10x_tim.o(.text)
    TIM_CounterModeConfig                    0x080017c5   Thumb Code    18  stm32f10x_tim.o(.text)
    TIM_ForcedOC1Config                      0x080017d7   Thumb Code    18  stm32f10x_tim.o(.text)
    TIM_ForcedOC2Config                      0x080017e9   Thumb Code    26  stm32f10x_tim.o(.text)
    TIM_ForcedOC3Config                      0x08001803   Thumb Code    18  stm32f10x_tim.o(.text)
    TIM_ForcedOC4Config                      0x08001815   Thumb Code    26  stm32f10x_tim.o(.text)
    TIM_ARRPreloadConfig                     0x0800182f   Thumb Code    24  stm32f10x_tim.o(.text)
    TIM_SelectCCDMA                          0x08001847   Thumb Code    22  stm32f10x_tim.o(.text)
    TIM_OC1PreloadConfig                     0x0800185d   Thumb Code    18  stm32f10x_tim.o(.text)
    TIM_OC2PreloadConfig                     0x0800186f   Thumb Code    26  stm32f10x_tim.o(.text)
    TIM_OC3PreloadConfig                     0x08001889   Thumb Code    18  stm32f10x_tim.o(.text)
    TIM_OC4PreloadConfig                     0x0800189b   Thumb Code    26  stm32f10x_tim.o(.text)
    TIM_OC1FastConfig                        0x080018b5   Thumb Code    18  stm32f10x_tim.o(.text)
    TIM_OC2FastConfig                        0x080018c7   Thumb Code    26  stm32f10x_tim.o(.text)
    TIM_OC3FastConfig                        0x080018e1   Thumb Code    18  stm32f10x_tim.o(.text)
    TIM_OC4FastConfig                        0x080018f3   Thumb Code    26  stm32f10x_tim.o(.text)
    TIM_UpdateDisableConfig                  0x0800190d   Thumb Code    24  stm32f10x_tim.o(.text)
    TIM_EncoderInterfaceConfig               0x08001925   Thumb Code    66  stm32f10x_tim.o(.text)
    TIM_GenerateEvent                        0x08001967   Thumb Code     8  stm32f10x_tim.o(.text)
    TIM_OC1PolarityConfig                    0x0800196f   Thumb Code    18  stm32f10x_tim.o(.text)
    TIM_OC2PolarityConfig                    0x08001981   Thumb Code    26  stm32f10x_tim.o(.text)
    TIM_OC3PolarityConfig                    0x0800199b   Thumb Code    26  stm32f10x_tim.o(.text)
    TIM_OC4PolarityConfig                    0x080019b5   Thumb Code    26  stm32f10x_tim.o(.text)
    TIM_UpdateRequestConfig                  0x080019cf   Thumb Code    26  stm32f10x_tim.o(.text)
    TIM_SelectHallSensor                     0x080019e9   Thumb Code    24  stm32f10x_tim.o(.text)
    TIM_SelectOnePulseMode                   0x08001a01   Thumb Code    18  stm32f10x_tim.o(.text)
    TIM_SelectOutputTrigger                  0x08001a13   Thumb Code    16  stm32f10x_tim.o(.text)
    TIM_SelectSlaveMode                      0x08001a23   Thumb Code    18  stm32f10x_tim.o(.text)
    TIM_SelectMasterSlaveMode                0x08001a35   Thumb Code    18  stm32f10x_tim.o(.text)
    TIM_SetAutoreload                        0x08001a47   Thumb Code     4  stm32f10x_tim.o(.text)
    TIM_SetCompare1                          0x08001a4b   Thumb Code     4  stm32f10x_tim.o(.text)
    TIM_SetCompare2                          0x08001a4f   Thumb Code     4  stm32f10x_tim.o(.text)
    TIM_SetCompare3                          0x08001a53   Thumb Code     4  stm32f10x_tim.o(.text)
    TIM_SetCompare4                          0x08001a57   Thumb Code     6  stm32f10x_tim.o(.text)
    TIM_SetClockDivision                     0x08001a5d   Thumb Code    14  stm32f10x_tim.o(.text)
    TIM_GetCapture1                          0x08001a6b   Thumb Code     6  stm32f10x_tim.o(.text)
    TIM_GetCapture2                          0x08001a71   Thumb Code     6  stm32f10x_tim.o(.text)
    TIM_GetCapture3                          0x08001a77   Thumb Code     6  stm32f10x_tim.o(.text)
    TIM_GetCapture4                          0x08001a7d   Thumb Code     8  stm32f10x_tim.o(.text)
    TIM_GetCounter                           0x08001a85   Thumb Code     6  stm32f10x_tim.o(.text)
    TIM_GetPrescaler                         0x08001a8b   Thumb Code     6  stm32f10x_tim.o(.text)
    TIM_GetFlagStatus                        0x08001a91   Thumb Code    18  stm32f10x_tim.o(.text)
    TIM_ClearFlag                            0x08001aa3   Thumb Code     8  stm32f10x_tim.o(.text)
    TIM_GetITStatus                          0x08001aab   Thumb Code    34  stm32f10x_tim.o(.text)
    TIM_ClearITPendingBit                    0x08001acd   Thumb Code     8  stm32f10x_tim.o(.text)
    main                                     0x08001db5   Thumb Code    86  main.o(.text)
    error_lcd_printf                         0x08001e33   Thumb Code    14  main.o(.text)
    fputc                                    0x08001e41   Thumb Code    20  main.o(.text)
    GetResponse                              0x08001f35   Thumb Code   114  sim908.o(.text)
    SendATcommand2                           0x08001fa7   Thumb Code   132  sim908.o(.text)
    SendATcommand                            0x0800202b   Thumb Code   182  sim908.o(.text)
    GPS_PWR                                  0x080020e1   Thumb Code    30  sim908.o(.text)
    Wait_GPS_Fix                             0x080020ff   Thumb Code    34  sim908.o(.text)
    get_GPS                                  0x08002121   Thumb Code   178  sim908.o(.text)
    Config_GPRS_SIM908                       0x080021d3   Thumb Code    52  sim908.o(.text)
    TCP_Connect                              0x08002207   Thumb Code    68  sim908.o(.text)
    TCP_Send                                 0x0800224b   Thumb Code    92  sim908.o(.text)
    TCP_GetStatus                            0x080022a7   Thumb Code    26  sim908.o(.text)
    TCP_Close                                0x080022c1   Thumb Code    26  sim908.o(.text)
    HTTP_Init                                0x080022db   Thumb Code   512  sim908.o(.text)
    HTTP_Post                                0x080024db   Thumb Code   128  sim908.o(.text)
    HTTP_POST_BIGSIZE_FromSD                 0x0800255b   Thumb Code   440  sim908.o(.text)
    HTTP_POST_FromSD                         0x08002713   Thumb Code   188  sim908.o(.text)
    HTTP_Read                                0x080027cf   Thumb Code    48  sim908.o(.text)
    HTTP_Release                             0x080027ff   Thumb Code    30  sim908.o(.text)
    GetAccount                               0x0800281d   Thumb Code    88  sim908.o(.text)
    Sim908_setup                             0x08002875   Thumb Code   300  sim908.o(.text)
    Sim908_power_on                          0x080029a1   Thumb Code    82  sim908.o(.text)
    GetCmdDataSIM                            0x080029f3   Thumb Code    66  sim908.o(.text)
    GetCellid                                0x08002a35   Thumb Code   166  sim908.o(.text)
    GetIMEI                                  0x08002adb   Thumb Code   108  sim908.o(.text)
    jsonDataPost                             0x08002b47   Thumb Code    52  sim908.o(.text)
    delay_1us                                0x08002c09   Thumb Code    14  nokia_5110.o(.text)
    delay_1m                                 0x08002c17   Thumb Code    16  nokia_5110.o(.text)
    delay_nms                                0x08002c27   Thumb Code    22  nokia_5110.o(.text)
    LCD_write_byte                           0x08002c3d   Thumb Code   120  nokia_5110.o(.text)
    LCD_clear                                0x08002cb5   Thumb Code    40  nokia_5110.o(.text)
    LCD_init                                 0x08002cdd   Thumb Code   134  nokia_5110.o(.text)
    LCD_set_XY                               0x08002d63   Thumb Code    28  nokia_5110.o(.text)
    LCD_write_char                           0x08002d7f   Thumb Code    42  nokia_5110.o(.text)
    LCD_write_string                         0x08002da9   Thumb Code    34  nokia_5110.o(.text)
    LCD_draw_bmp_pixel                       0x08002dcb   Thumb Code   112  nokia_5110.o(.text)
    vSetupTimerTest                          0x08002e49   Thumb Code   156  timertest.o(.text)
    vTimer2IntHandler                        0x08002ee5   Thumb Code    72  timertest.o(.text)
    xSerialPortInitMinimal                   0x08002f41   Thumb Code   310  serial.o(.text)
    xSerialGetChar                           0x08003077   Thumb Code    30  serial.o(.text)
    xSerialPutChar                           0x08003095   Thumb Code    34  serial.o(.text)
    vSerialPutString                         0x080030b7   Thumb Code    38  serial.o(.text)
    vSerialClose                             0x080030dd   Thumb Code     2  serial.o(.text)
    vUARTInterruptHandler                    0x080030df   Thumb Code   112  serial.o(.text)
    vUART2InterruptHandler                   0x0800314f   Thumb Code   128  serial.o(.text)
    STM_EVAL_SPI_Init                        0x080031ed   Thumb Code   160  stm32_spi.o(.text)
    STM_EVAL_SPI_Send_Recieve_Data           0x0800328d   Thumb Code    48  stm32_spi.o(.text)
    SD_Detect                                0x080039a3   Thumb Code     4  stm32_sd_spi.o(.text)
    SD_DeInit                                0x080039a7   Thumb Code     2  stm32_sd_spi.o(.text)
    SD_Init                                  0x080039a9   Thumb Code   106  stm32_sd_spi.o(.text)
    SD_SectorRead                            0x08003a13   Thumb Code    60  stm32_sd_spi.o(.text)
    SD_SectorsRead                           0x08003a4f   Thumb Code    98  stm32_sd_spi.o(.text)
    SD_SectorWrite                           0x08003ab1   Thumb Code   142  stm32_sd_spi.o(.text)
    SD_SectorsWrite                          0x08003b3f   Thumb Code   206  stm32_sd_spi.o(.text)
    SD_SectorsErase                          0x08003c0d   Thumb Code    94  stm32_sd_spi.o(.text)
    SD_GetStatus                             0x08003c6b   Thumb Code   274  stm32_sd_spi.o(.text)
    SD_GetCardInfo                           0x08003d7d   Thumb Code   152  stm32_sd_spi.o(.text)
    SD_DumpCardInfo                          0x08003e15   Thumb Code  3662  stm32_sd_spi.o(.text)
    SD_DumpStatus                            0x08004c63   Thumb Code  1588  stm32_sd_spi.o(.text)
    xTaskGenericCreate                       0x080054ff   Thumb Code   226  tasks.o(.text)
    vTaskDelete                              0x0800560b   Thumb Code   138  tasks.o(.text)
    xTaskIncrementTick                       0x08005695   Thumb Code   242  tasks.o(.text)
    xTaskResumeAll                           0x08005787   Thumb Code   268  tasks.o(.text)
    vTaskSuspendAll                          0x080058d1   Thumb Code    12  tasks.o(.text)
    vTaskDelayUntil                          0x080058dd   Thumb Code   126  tasks.o(.text)
    vTaskDelay                               0x0800595b   Thumb Code    72  tasks.o(.text)
    uxTaskPriorityGet                        0x080059a3   Thumb Code    30  tasks.o(.text)
    uxTaskPriorityGetFromISR                 0x080059c1   Thumb Code    38  tasks.o(.text)
    vTaskPrioritySet                         0x080059e7   Thumb Code   214  tasks.o(.text)
    vTaskSwitchContext                       0x08005abd   Thumb Code    76  tasks.o(.text)
    vTaskSuspend                             0x08005b09   Thumb Code   150  tasks.o(.text)
    vTaskResume                              0x08005bd7   Thumb Code    94  tasks.o(.text)
    xTaskResumeFromISR                       0x08005c35   Thumb Code   172  tasks.o(.text)
    vTaskStartScheduler                      0x08005d5d   Thumb Code    58  tasks.o(.text)
    vTaskEndScheduler                        0x08005d97   Thumb Code    18  tasks.o(.text)
    xTaskGetTickCount                        0x08005da9   Thumb Code     6  tasks.o(.text)
    xTaskGetTickCountFromISR                 0x08005daf   Thumb Code     8  tasks.o(.text)
    uxTaskGetNumberOfTasks                   0x08005db7   Thumb Code     6  tasks.o(.text)
    vTaskPlaceOnEventList                    0x08005dbd   Thumb Code    84  tasks.o(.text)
    vTaskPlaceOnUnorderedEventList           0x08005e11   Thumb Code   100  tasks.o(.text)
    xTaskRemoveFromEventList                 0x08005e75   Thumb Code   104  tasks.o(.text)
    xTaskRemoveFromUnorderedEventList        0x08005edd   Thumb Code    94  tasks.o(.text)
    vTaskSetTimeOutState                     0x08005f3b   Thumb Code    14  tasks.o(.text)
    xTaskCheckForTimeOut                     0x08005f49   Thumb Code    84  tasks.o(.text)
    vTaskMissedYield                         0x08005f9d   Thumb Code     8  tasks.o(.text)
    xTaskGetCurrentTaskHandle                0x08005fa5   Thumb Code     6  tasks.o(.text)
    vTaskPriorityInherit                     0x08005fab   Thumb Code   164  tasks.o(.text)
    xTaskPriorityDisinherit                  0x0800604f   Thumb Code   196  tasks.o(.text)
    uxTaskResetEventItemValue                0x08006113   Thumb Code    24  tasks.o(.text)
    pvTaskIncrementMutexHeldCount            0x0800612b   Thumb Code    26  tasks.o(.text)
    ulTaskNotifyTake                         0x08006145   Thumb Code   162  tasks.o(.text)
    xTaskNotifyWait                          0x080061e7   Thumb Code   196  tasks.o(.text)
    xTaskGenericNotify                       0x080062ab   Thumb Code   166  tasks.o(.text)
    xTaskGenericNotifyFromISR                0x08006351   Thumb Code   200  tasks.o(.text)
    vTaskNotifyGiveFromISR                   0x08006419   Thumb Code   124  tasks.o(.text)
    xTaskNotifyStateClear                    0x08006495   Thumb Code    50  tasks.o(.text)
    vListInitialise                          0x080064e5   Thumb Code    26  list.o(.text)
    vListInitialiseItem                      0x080064ff   Thumb Code     6  list.o(.text)
    vListInsertEnd                           0x08006505   Thumb Code    24  list.o(.text)
    vListInsert                              0x0800651d   Thumb Code    52  list.o(.text)
    uxListRemove                             0x08006551   Thumb Code    40  list.o(.text)
    xQueueGenericReset                       0x08006579   Thumb Code   110  queue.o(.text)
    xQueueGenericCreate                      0x080065e7   Thumb Code    70  queue.o(.text)
    xQueueGenericSend                        0x08006749   Thumb Code   234  queue.o(.text)
    xQueueCreateMutex                        0x08006833   Thumb Code    72  queue.o(.text)
    xQueueGenericSendFromISR                 0x0800687b   Thumb Code   106  queue.o(.text)
    xQueueGiveFromISR                        0x080068e5   Thumb Code    90  queue.o(.text)
    xQueueGenericReceive                     0x08006983   Thumb Code   284  queue.o(.text)
    xQueueReceiveFromISR                     0x08006a9f   Thumb Code    96  queue.o(.text)
    xQueuePeekFromISR                        0x08006aff   Thumb Code    50  queue.o(.text)
    uxQueueMessagesWaiting                   0x08006b31   Thumb Code    18  queue.o(.text)
    uxQueueSpacesAvailable                   0x08006b43   Thumb Code    24  queue.o(.text)
    uxQueueMessagesWaitingFromISR            0x08006b5b   Thumb Code     6  queue.o(.text)
    vQueueDelete                             0x08006b61   Thumb Code    14  queue.o(.text)
    xQueueIsQueueEmptyFromISR                0x08006b6f   Thumb Code    14  queue.o(.text)
    xQueueIsQueueFullFromISR                 0x08006b7d   Thumb Code    18  queue.o(.text)
    pxPortInitialiseStack                    0x08006b99   Thumb Code    26  port.o(.text)
    vPortSetupTimerInterrupt                 0x08006bb3   Thumb Code    14  port.o(.text)
    xPortStartScheduler                      0x08006bc1   Thumb Code    42  port.o(.text)
    vPortEndScheduler                        0x08006beb   Thumb Code     2  port.o(.text)
    vPortYield                               0x08006bed   Thumb Code    20  port.o(.text)
    vPortEnterCritical                       0x08006c01   Thumb Code    26  port.o(.text)
    vPortExitCritical                        0x08006c1b   Thumb Code    26  port.o(.text)
    xPortSysTickHandler                      0x08006c35   Thumb Code    30  port.o(.text)
    pvPortMalloc                             0x08006c8f   Thumb Code   166  heap_2.o(.text)
    vPortFree                                0x08006d35   Thumb Code    56  heap_2.o(.text)
    xPortGetFreeHeapSize                     0x08006d6d   Thumb Code     6  heap_2.o(.text)
    vPortInitialiseBlocks                    0x08006d73   Thumb Code     2  heap_2.o(.text)
    __aeabi_memcpy                           0x08006d89   Thumb Code    36  memcpya.o(.text)
    __aeabi_memcpy4                          0x08006d89   Thumb Code     0  memcpya.o(.text)
    __aeabi_memcpy8                          0x08006d89   Thumb Code     0  memcpya.o(.text)
    __aeabi_memset                           0x08006dad   Thumb Code    14  memseta.o(.text)
    __aeabi_memset4                          0x08006dad   Thumb Code     0  memseta.o(.text)
    __aeabi_memset8                          0x08006dad   Thumb Code     0  memseta.o(.text)
    __aeabi_memclr                           0x08006dbb   Thumb Code     4  memseta.o(.text)
    __aeabi_memclr4                          0x08006dbb   Thumb Code     0  memseta.o(.text)
    __aeabi_memclr8                          0x08006dbb   Thumb Code     0  memseta.o(.text)
    _memset$wrapper                          0x08006dbf   Thumb Code    18  memseta.o(.text)
    strstr                                   0x08006dd1   Thumb Code    36  strstr.o(.text)
    strncpy                                  0x08006df5   Thumb Code    24  strncpy.o(.text)
    strlen                                   0x08006e0d   Thumb Code    14  strlen.o(.text)
    strcpy                                   0x08006e1b   Thumb Code    18  strcpy.o(.text)
    strtok                                   0x08006e2d   Thumb Code    62  strtok.o(.text)
    __aeabi_uldivmod                         0x08006e71   Thumb Code    98  uldiv.o(.text)
    __scatterload                            0x08006ed5   Thumb Code    28  init.o(.text)
    __scatterload_rt2                        0x08006ed5   Thumb Code     0  init.o(.text)
    __aeabi_llsl                             0x08006ef9   Thumb Code    30  llshl.o(.text)
    _ll_shift_l                              0x08006ef9   Thumb Code     0  llshl.o(.text)
    __aeabi_llsr                             0x08006f17   Thumb Code    32  llushr.o(.text)
    _ll_ushift_r                             0x08006f17   Thumb Code     0  llushr.o(.text)
    __decompress                             0x08006f37   Thumb Code     0  __dczerorl2.o(.text)
    __decompress1                            0x08006f37   Thumb Code    86  __dczerorl2.o(.text)
    __0printf$8                              0x08006f8d   Thumb Code    22  printf8.o(i.__0printf$8)
    __1printf$8                              0x08006f8d   Thumb Code     0  printf8.o(i.__0printf$8)
    __2printf                                0x08006f8d   Thumb Code     0  printf8.o(i.__0printf$8)
    __0sprintf$8                             0x08006fad   Thumb Code    34  printf8.o(i.__0sprintf$8)
    __1sprintf$8                             0x08006fad   Thumb Code     0  printf8.o(i.__0sprintf$8)
    __2sprintf                               0x08006fad   Thumb Code     0  printf8.o(i.__0sprintf$8)
    __scatterload_copy                       0x08006fd5   Thumb Code    14  handlers.o(i.__scatterload_copy)
    __scatterload_null                       0x08006fe3   Thumb Code     2  handlers.o(i.__scatterload_null)
    __scatterload_zeroinit                   0x08006fe5   Thumb Code    14  handlers.o(i.__scatterload_zeroinit)
    Region$$Table$$Base                      0x080074c8   Number         0  anon$$obj.o(Region$$Table)
    Region$$Table$$Limit                     0x080074e8   Number         0  anon$$obj.o(Region$$Table)
    SIM908_queue                             0x20000000   Data           4  main.o(.data)
    SIM908_Mutex                             0x20000004   Data           4  main.o(.data)
    xMutex                                   0x20000008   Data           4  sim908.o(.data)
    font6x8                                  0x2000000c   Data         552  nokia_5110.o(.data)
    usMaxJitter                              0x20000234   Data           2  timertest.o(.data)
    cardType                                 0x2000023c   Data           1  stm32_sd_spi.o(.data)
    pxCurrentTCB                             0x20000240   Data           4  tasks.o(.data)
    __stdout                                 0x20000298   Data           4  stdout.o(.data)
    uart1_handle                             0x2000029c   Data          12  serial.o(.bss)
    uart2_handle                             0x200002a8   Data          12  serial.o(.bss)
    __initial_sp                             0x20004580   Data           0  stm32f10x.o(STACK)



==============================================================================

Memory Map of the image

  Image Entry point : 0x080000ed

  Load Region LR_IROM1 (Base: 0x08000000, Size: 0x00007784, Max: 0x00020000, ABSOLUTE, COMPRESSED[0x000076b0])

    Execution Region ER_IROM1 (Exec base: 0x08000000, Load base: 0x08000000, Size: 0x000074e8, Max: 0x00020000, ABSOLUTE)

    Exec Addr    Load Addr    Size         Type   Attr      Idx    E Section Name        Object

    0x08000000   0x08000000   0x000000ec   Data   RO            3    RESET               stm32f10x.o
    0x080000ec   0x080000ec   0x00000000   Code   RO          622  * .ARM.Collect$$$$00000000  mc_w.l(entry.o)
    0x080000ec   0x080000ec   0x00000004   Code   RO          906    .ARM.Collect$$$$00000001  mc_w.l(entry2.o)
    0x080000f0   0x080000f0   0x00000004   Code   RO          909    .ARM.Collect$$$$00000004  mc_w.l(entry5.o)
    0x080000f4   0x080000f4   0x00000000   Code   RO          911    .ARM.Collect$$$$00000008  mc_w.l(entry7b.o)
    0x080000f4   0x080000f4   0x00000000   Code   RO          913    .ARM.Collect$$$$0000000A  mc_w.l(entry8b.o)
    0x080000f4   0x080000f4   0x00000008   Code   RO          914    .ARM.Collect$$$$0000000B  mc_w.l(entry9a.o)
    0x080000fc   0x080000fc   0x00000000   Code   RO          916    .ARM.Collect$$$$0000000D  mc_w.l(entry10a.o)
    0x080000fc   0x080000fc   0x00000000   Code   RO          918    .ARM.Collect$$$$0000000F  mc_w.l(entry11a.o)
    0x080000fc   0x080000fc   0x00000004   Code   RO          907    .ARM.Collect$$$$00002712  mc_w.l(entry2.o)
    0x08000100   0x08000100   0x000000a2   Code   RO          589    .emb_text           port.o
    0x080001a2   0x080001a2   0x00000002   PAD
    0x080001a4   0x080001a4   0x0000001c   Code   RO            4    .text               stm32f10x.o
    0x080001c0   0x080001c0   0x00000324   Code   RO           10    .text               stm32f10x_usart.o
    0x080004e4   0x080004e4   0x0000006e   Code   RO           41    .text               cortexm3_macro_rvds.o
    0x08000552   0x08000552   0x00000002   PAD
    0x08000554   0x08000554   0x000002e8   Code   RO           44    .text               stm32f10x_gpio.o
    0x0800083c   0x0800083c   0x000003e0   Code   RO           83    .text               stm32f10x_nvic.o
    0x08000c1c   0x08000c1c   0x0000037c   Code   RO           95    .text               stm32f10x_rcc.o
    0x08000f98   0x08000f98   0x00000214   Code   RO          109    .text               stm32f10x_spi.o
    0x080011ac   0x080011ac   0x000000c4   Code   RO          121    .text               stm32f10x_systick.o
    0x08001270   0x08001270   0x00000864   Code   RO          133    .text               stm32f10x_tim.o
    0x08001ad4   0x08001ad4   0x00000460   Code   RO          335    .text               main.o
    0x08001f34   0x08001f34   0x00000cd4   Code   RO          395    .text               sim908.o
    0x08002c08   0x08002c08   0x00000240   Code   RO          417    .text               nokia_5110.o
    0x08002e48   0x08002e48   0x000000f8   Code   RO          436    .text               timertest.o
    0x08002f40   0x08002f40   0x000002ac   Code   RO          451    .text               serial.o
    0x080031ec   0x080031ec   0x000000d8   Code   RO          466    .text               stm32_spi.o
    0x080032c4   0x080032c4   0x0000215c   Code   RO          525    .text               stm32_sd_spi.o
    0x08005420   0x08005420   0x000010c4   Code   RO          540    .text               tasks.o
    0x080064e4   0x080064e4   0x00000094   Code   RO          565    .text               list.o
    0x08006578   0x08006578   0x00000616   Code   RO          577    .text               queue.o
    0x08006b8e   0x08006b8e   0x00000002   PAD
    0x08006b90   0x08006b90   0x000000d4   Code   RO          590    .text               port.o
    0x08006c64   0x08006c64   0x00000124   Code   RO          607    .text               heap_2.o
    0x08006d88   0x08006d88   0x00000024   Code   RO          625    .text               mc_w.l(memcpya.o)
    0x08006dac   0x08006dac   0x00000024   Code   RO          627    .text               mc_w.l(memseta.o)
    0x08006dd0   0x08006dd0   0x00000024   Code   RO          629    .text               mc_w.l(strstr.o)
    0x08006df4   0x08006df4   0x00000018   Code   RO          631    .text               mc_w.l(strncpy.o)
    0x08006e0c   0x08006e0c   0x0000000e   Code   RO          633    .text               mc_w.l(strlen.o)
    0x08006e1a   0x08006e1a   0x00000012   Code   RO          635    .text               mc_w.l(strcpy.o)
    0x08006e2c   0x08006e2c   0x00000044   Code   RO          637    .text               mc_w.l(strtok.o)
    0x08006e70   0x08006e70   0x00000062   Code   RO          923    .text               mc_w.l(uldiv.o)
    0x08006ed2   0x08006ed2   0x00000002   PAD
    0x08006ed4   0x08006ed4   0x00000024   Code   RO          936    .text               mc_w.l(init.o)
    0x08006ef8   0x08006ef8   0x0000001e   Code   RO          938    .text               mc_w.l(llshl.o)
    0x08006f16   0x08006f16   0x00000020   Code   RO          940    .text               mc_w.l(llushr.o)
    0x08006f36   0x08006f36   0x00000056   Code   RO          954    .text               mc_w.l(__dczerorl2.o)
    0x08006f8c   0x08006f8c   0x00000020   Code   RO          852    i.__0printf$8       mc_w.l(printf8.o)
    0x08006fac   0x08006fac   0x00000028   Code   RO          854    i.__0sprintf$8      mc_w.l(printf8.o)
    0x08006fd4   0x08006fd4   0x0000000e   Code   RO          948    i.__scatterload_copy  mc_w.l(handlers.o)
    0x08006fe2   0x08006fe2   0x00000002   Code   RO          949    i.__scatterload_null  mc_w.l(handlers.o)
    0x08006fe4   0x08006fe4   0x0000000e   Code   RO          950    i.__scatterload_zeroinit  mc_w.l(handlers.o)
    0x08006ff2   0x08006ff2   0x00000002   PAD
    0x08006ff4   0x08006ff4   0x00000410   Code   RO          859    i._printf_core      mc_w.l(printf8.o)
    0x08007404   0x08007404   0x00000024   Code   RO          860    i._printf_post_padding  mc_w.l(printf8.o)
    0x08007428   0x08007428   0x0000002e   Code   RO          861    i._printf_pre_padding  mc_w.l(printf8.o)
    0x08007456   0x08007456   0x0000000a   Code   RO          863    i._sputc            mc_w.l(printf8.o)
    0x08007460   0x08007460   0x00000014   Data   RO           96    .constdata          stm32f10x_rcc.o
    0x08007474   0x08007474   0x00000010   Data   RO          134    .constdata          stm32f10x_tim.o
    0x08007484   0x08007484   0x00000044   Data   RO          336    .conststring        main.o
    0x080074c8   0x080074c8   0x00000020   Data   RO          946    Region$$Table       anon$$obj.o


    Execution Region RW_IRAM1 (Exec base: 0x20000000, Load base: 0x080074e8, Size: 0x00004580, Max: 0x00005000, ABSOLUTE, COMPRESSED[0x000001c8])

    Exec Addr    Load Addr    Size         Type   Attr      Idx    E Section Name        Object

    0x20000000   COMPRESSED   0x00000008   Data   RW          337    .data               main.o
    0x20000008   COMPRESSED   0x00000004   Data   RW          396    .data               sim908.o
    0x2000000c   COMPRESSED   0x00000228   Data   RW          418    .data               nokia_5110.o
    0x20000234   COMPRESSED   0x00000008   Data   RW          437    .data               timertest.o
    0x2000023c   COMPRESSED   0x00000001   Data   RW          526    .data               stm32_sd_spi.o
    0x2000023d   COMPRESSED   0x00000003   PAD
    0x20000240   COMPRESSED   0x00000038   Data   RW          542    .data               tasks.o
    0x20000278   COMPRESSED   0x00000004   Data   RW          591    .data               port.o
    0x2000027c   COMPRESSED   0x00000018   Data   RW          609    .data               heap_2.o
    0x20000294   COMPRESSED   0x00000004   Data   RW          638    .data               mc_w.l(strtok.o)
    0x20000298   COMPRESSED   0x00000004   Data   RW          920    .data               mc_w.l(stdout.o)
    0x2000029c        -       0x00000018   Zero   RW          452    .bss                serial.o
    0x200002b4        -       0x000000c8   Zero   RW          541    .bss                tasks.o
    0x2000037c        -       0x00004000   Zero   RW          608    .bss                heap_2.o
    0x2000437c   COMPRESSED   0x00000004   PAD
    0x20004380        -       0x00000200   Zero   RW            1    STACK               stm32f10x.o


==============================================================================

Image component sizes


      Code (inc. data)   RO Data    RW Data    ZI Data      Debug   Object Name

       110          0          0          0          0        424   cortexm3_macro_rvds.o
       292         20          0         24      16384       3200   heap_2.o
       148          0          0          0          0       1862   list.o
      1120        224         68          8          0       9230   main.o
       576         14          0        552          0       3097   nokia_5110.o
         0          0          0          0          0      13060   partest.o
       374         30          0          4          0       4463   port.o
      1558          0          0          0          0       9076   queue.o
         0          0          0          0          0       6768   semtest.o
       684         30          0          0         24       3526   serial.o
      3284        744          0          4          0       9274   sim908.o
      8540       3462          0          1          0      12279   stm32_sd_spi.o
       216          8          0          0          0        899   stm32_spi.o
        28          4        236          0        512        792   stm32f10x.o
       744         16          0          0          0       9903   stm32f10x_gpio.o
         0          0          0          0          0      10384   stm32f10x_lib.o
       992         30          0          0          0       7260   stm32f10x_nvic.o
       892         38         20          0          0       8410   stm32f10x_rcc.o
       532          6          0          0          0       5286   stm32f10x_spi.o
       196          0          0          0          0       1605   stm32f10x_systick.o
      2148         12         16          0          0      31784   stm32f10x_tim.o
       804         10          0          0          0      30293   stm32f10x_usart.o
      4292        248          0         56        200      18333   tasks.o
       248         20          0          8          0       1186   timertest.o

    ----------------------------------------------------------------------
     27784       4916        372        660      17124     202394   Object Totals
         0          0         32          0          0          0   (incl. Generated)
         6          0          0          3          4          0   (incl. Padding)

    ----------------------------------------------------------------------

      Code (inc. data)   RO Data    RW Data    ZI Data      Debug   Library Member Name

        86          0          0          0          0          0   __dczerorl2.o
         0          0          0          0          0          0   entry.o
         0          0          0          0          0          0   entry10a.o
         0          0          0          0          0          0   entry11a.o
         8          4          0          0          0          0   entry2.o
         4          0          0          0          0          0   entry5.o
         0          0          0          0          0          0   entry7b.o
         0          0          0          0          0          0   entry8b.o
         8          4          0          0          0          0   entry9a.o
        30          0          0          0          0          0   handlers.o
        36          8          0          0          0         68   init.o
        30          0          0          0          0         68   llshl.o
        32          0          0          0          0         68   llushr.o
        36          0          0          0          0         68   memcpya.o
        36          0          0          0          0        108   memseta.o
      1204         60          0          0          0        504   printf8.o
         0          0          0          4          0          0   stdout.o
        18          0          0          0          0         68   strcpy.o
        14          0          0          0          0         68   strlen.o
        24          0          0          0          0         76   strncpy.o
        36          0          0          0          0         80   strstr.o
        68          6          0          4          0         80   strtok.o
        98          0          0          0          0         92   uldiv.o

    ----------------------------------------------------------------------
      1772         82          0          8          0       1348   Library Totals
         4          0          0          0          0          0   (incl. Padding)

    ----------------------------------------------------------------------

      Code (inc. data)   RO Data    RW Data    ZI Data      Debug   Library Name

      1768         82          0          8          0       1348   mc_w.l

    ----------------------------------------------------------------------
      1772         82          0          8          0       1348   Library Totals

    ----------------------------------------------------------------------

==============================================================================


      Code (inc. data)   RO Data    RW Data    ZI Data      Debug   

     29556       4998        372        668      17124     200854   Grand Totals
     29556       4998        372        456      17124     200854   ELF Image Totals (compressed)
     29556       4998        372        456          0          0   ROM Totals

==============================================================================

    Total RO  Size (Code + RO Data)                29928 (  29.23kB)
    Total RW  Size (RW Data + ZI Data)             17792 (  17.38kB)
    Total ROM Size (Code + RO Data + RW Data)      30384 (  29.67kB)

==============================================================================

