###############################################################################
#
# IAR ELF Linker V7.40.5.9725/W32 for ARM                 20/Jan/2016  11:12:50
# Copyright 2007-2015 IAR Systems AB.
#
#    Output file  =  
#        D:\Setup\FreeRTOS\FreeRTOSV8.2.3\FreeRTOS\Demo\CORTEX_STM32F103_IAR\Debug\Exe\RTOSDemo.out
#    Map file     =  
#        D:\Setup\FreeRTOS\FreeRTOSV8.2.3\FreeRTOS\Demo\CORTEX_STM32F103_IAR\Debug\List\RTOSDemo.map
#    Command line =  
#        D:\Setup\FreeRTOS\FreeRTOSV8.2.3\FreeRTOS\Demo\CORTEX_STM32F103_IAR\Debug\Obj\BlockQ.o
#        D:\Setup\FreeRTOS\FreeRTOSV8.2.3\FreeRTOS\Demo\CORTEX_STM32F103_IAR\Debug\Obj\blocktim.o
#        D:\Setup\FreeRTOS\FreeRTOSV8.2.3\FreeRTOS\Demo\CORTEX_STM32F103_IAR\Debug\Obj\comtest.o
#        D:\Setup\FreeRTOS\FreeRTOSV8.2.3\FreeRTOS\Demo\CORTEX_STM32F103_IAR\Debug\Obj\cortexm3_macro.o
#        D:\Setup\FreeRTOS\FreeRTOSV8.2.3\FreeRTOS\Demo\CORTEX_STM32F103_IAR\Debug\Obj\death.o
#        D:\Setup\FreeRTOS\FreeRTOSV8.2.3\FreeRTOS\Demo\CORTEX_STM32F103_IAR\Debug\Obj\flash.o
#        D:\Setup\FreeRTOS\FreeRTOSV8.2.3\FreeRTOS\Demo\CORTEX_STM32F103_IAR\Debug\Obj\heap_2.o
#        D:\Setup\FreeRTOS\FreeRTOSV8.2.3\FreeRTOS\Demo\CORTEX_STM32F103_IAR\Debug\Obj\integer.o
#        D:\Setup\FreeRTOS\FreeRTOSV8.2.3\FreeRTOS\Demo\CORTEX_STM32F103_IAR\Debug\Obj\lcd.o
#        D:\Setup\FreeRTOS\FreeRTOSV8.2.3\FreeRTOS\Demo\CORTEX_STM32F103_IAR\Debug\Obj\list.o
#        D:\Setup\FreeRTOS\FreeRTOSV8.2.3\FreeRTOS\Demo\CORTEX_STM32F103_IAR\Debug\Obj\main.o
#        D:\Setup\FreeRTOS\FreeRTOSV8.2.3\FreeRTOS\Demo\CORTEX_STM32F103_IAR\Debug\Obj\ParTest.o
#        D:\Setup\FreeRTOS\FreeRTOSV8.2.3\FreeRTOS\Demo\CORTEX_STM32F103_IAR\Debug\Obj\PollQ.o
#        D:\Setup\FreeRTOS\FreeRTOSV8.2.3\FreeRTOS\Demo\CORTEX_STM32F103_IAR\Debug\Obj\port.o
#        D:\Setup\FreeRTOS\FreeRTOSV8.2.3\FreeRTOS\Demo\CORTEX_STM32F103_IAR\Debug\Obj\portasm.o
#        D:\Setup\FreeRTOS\FreeRTOSV8.2.3\FreeRTOS\Demo\CORTEX_STM32F103_IAR\Debug\Obj\queue.o
#        D:\Setup\FreeRTOS\FreeRTOSV8.2.3\FreeRTOS\Demo\CORTEX_STM32F103_IAR\Debug\Obj\semtest.o
#        D:\Setup\FreeRTOS\FreeRTOSV8.2.3\FreeRTOS\Demo\CORTEX_STM32F103_IAR\Debug\Obj\serial.o
#        D:\Setup\FreeRTOS\FreeRTOSV8.2.3\FreeRTOS\Demo\CORTEX_STM32F103_IAR\Debug\Obj\spi_flash.o
#        D:\Setup\FreeRTOS\FreeRTOSV8.2.3\FreeRTOS\Demo\CORTEX_STM32F103_IAR\Debug\Obj\stm32f10x_gpio.o
#        D:\Setup\FreeRTOS\FreeRTOSV8.2.3\FreeRTOS\Demo\CORTEX_STM32F103_IAR\Debug\Obj\stm32f10x_it.o
#        D:\Setup\FreeRTOS\FreeRTOSV8.2.3\FreeRTOS\Demo\CORTEX_STM32F103_IAR\Debug\Obj\stm32f10x_lib.o
#        D:\Setup\FreeRTOS\FreeRTOSV8.2.3\FreeRTOS\Demo\CORTEX_STM32F103_IAR\Debug\Obj\stm32f10x_nvic.o
#        D:\Setup\FreeRTOS\FreeRTOSV8.2.3\FreeRTOS\Demo\CORTEX_STM32F103_IAR\Debug\Obj\stm32f10x_rcc.o
#        D:\Setup\FreeRTOS\FreeRTOSV8.2.3\FreeRTOS\Demo\CORTEX_STM32F103_IAR\Debug\Obj\stm32f10x_spi.o
#        D:\Setup\FreeRTOS\FreeRTOSV8.2.3\FreeRTOS\Demo\CORTEX_STM32F103_IAR\Debug\Obj\stm32f10x_systick.o
#        D:\Setup\FreeRTOS\FreeRTOSV8.2.3\FreeRTOS\Demo\CORTEX_STM32F103_IAR\Debug\Obj\stm32f10x_tim.o
#        D:\Setup\FreeRTOS\FreeRTOSV8.2.3\FreeRTOS\Demo\CORTEX_STM32F103_IAR\Debug\Obj\stm32f10x_usart.o
#        D:\Setup\FreeRTOS\FreeRTOSV8.2.3\FreeRTOS\Demo\CORTEX_STM32F103_IAR\Debug\Obj\stm32f10x_vector.o
#        D:\Setup\FreeRTOS\FreeRTOSV8.2.3\FreeRTOS\Demo\CORTEX_STM32F103_IAR\Debug\Obj\tasks.o
#        D:\Setup\FreeRTOS\FreeRTOSV8.2.3\FreeRTOS\Demo\CORTEX_STM32F103_IAR\Debug\Obj\timertest.o
#        --redirect _Printf=_PrintfTiny --redirect _Scanf=_ScanfSmall -o
#        D:\Setup\FreeRTOS\FreeRTOSV8.2.3\FreeRTOS\Demo\CORTEX_STM32F103_IAR\Debug\Exe\RTOSDemo.out
#        --map
#        D:\Setup\FreeRTOS\FreeRTOSV8.2.3\FreeRTOS\Demo\CORTEX_STM32F103_IAR\Debug\List\RTOSDemo.map
#        --config
#        D:\Setup\FreeRTOS\FreeRTOSV8.2.3\FreeRTOS\Demo\CORTEX_STM32F103_IAR\STM32F10x_FLASH.icf
#        --entry __iar_program_start --vfe
#
###############################################################################

*******************************************************************************
*** RUNTIME MODEL ATTRIBUTES
***

CppFlavor       = *
__SystemLibrary = DLib


*******************************************************************************
*** PLACEMENT SUMMARY
***

"A1":  place at 0x08000000 { ro section .intvec };
"P1":  place in [from 0x080000ec to 0x0801ffff] { ro };
"P2":  place in [from 0x20000000 to 0x20004fff] { rw, block CSTACK, block HEAP };

  Section            Kind        Address    Size  Object
  -------            ----        -------    ----  ------
"A1":                                       0xec
  .intvec            const    0x08000000    0xec  stm32f10x_vector.o [1]
                            - 0x080000ec    0xec

"P1":                                     0x52d4
  .rodata            const    0x080000ec  0x11d0  lcd.o [1]
  .text              ro code  0x080012bc   0xa90  tasks.o [1]
  .text              ro code  0x08001d4c    0xe0  port.o [1]
  .text              ro code  0x08001e2c    0x98  list.o [1]
  CODE               ro code  0x08001ec4    0x94  portasm.o [1]
  .text              ro code  0x08001f58   0x12c  heap_2.o [1]
  .text              ro code  0x08002084   0x5c0  stm32f10x_rcc.o [1]
  .text              ro code  0x08002644   0x2b2  main.o [1]
  .text              ro code  0x080028f6    0x5e  stm32f10x_it.o [1]
  .text              ro code  0x08002954    0xe0  stm32f10x_lib.o [1]
  .text              ro code  0x08002a34   0x48a  queue.o [1]
  .text              ro code  0x08002ebe     0xa  xsprout.o [3]
  .text              ro code  0x08002ec8   0x260  BlockQ.o [1]
  .text              ro code  0x08003128   0x3e8  blocktim.o [1]
  .text              ro code  0x08003510   0x1f0  semtest.o [1]
  .text              ro code  0x08003700   0x130  PollQ.o [1]
  .text              ro code  0x08003830    0xb4  integer.o [1]
  .text              ro code  0x080038e4    0x88  flash.o [1]
  .text              ro code  0x0800396c   0x140  comtest.o [1]
  .text              ro code  0x08003aac   0x14c  death.o [1]
  .text              ro code  0x08003bf8   0x118  timertest.o [1]
  .text              ro code  0x08003d10    0x24  printf.o [3]
  .text              ro code  0x08003d34    0x34  sprintf.o [3]
  .text              ro code  0x08003d68   0x2a0  stm32f10x_nvic.o [1]
  .text              ro code  0x08004008    0x48  stm32f10x_systick.o [1]
  .text              ro code  0x08004050    0xb4  ParTest.o [1]
  .text              ro code  0x08004104   0x1a8  lcd.o [1]
  .text              ro code  0x080042ac    0x76  ABImemcpy_unaligned.o [4]
  .rodata            const    0x08004322     0x2  heap_2.o [1]
  .text              ro code  0x08004324   0x1d0  serial.o [1]
  .text              ro code  0x080044f4   0x1d0  stm32f10x_tim.o [1]
  .text              ro code  0x080046c4   0x14a  xprintftiny.o [3]
  .text              ro code  0x08004810   0x174  stm32f10x_gpio.o [1]
  .text              ro code  0x08004984    0x50  stm32f10x_spi.o [1]
  .text              ro code  0x080049d4   0x384  stm32f10x_usart.o [1]
  .text              ro code  0x08004d58    0x36  strlen.o [4]
  .text              ro code  0x08004d90    0x6e  cortexm3_macro.o [1]
  .rodata            const    0x08004e00    0x6c  stm32f10x_systick.o [1]
  .rodata            const    0x08004e6c    0x6c  stm32f10x_usart.o [1]
  .rodata            const    0x08004ed8    0x68  stm32f10x_gpio.o [1]
  .rodata            const    0x08004f40    0x68  stm32f10x_nvic.o [1]
  .rodata            const    0x08004fa8    0x68  stm32f10x_rcc.o [1]
  .rodata            const    0x08005010    0x68  stm32f10x_spi.o [1]
  .rodata            const    0x08005078    0x68  stm32f10x_tim.o [1]
  .text              ro code  0x080050e0    0x40  zero_init3.o [4]
  .text              ro code  0x08005120    0x2c  copy_init3.o [4]
  .text              ro code  0x0800514c    0x28  data_init.o [4]
  .iar.init_table    const    0x08005174    0x24  - Linker created -
  .text              ro code  0x08005198    0x1a  cmain.o [4]
  .text              ro code  0x080051b2     0x4  low_level_init.o [3]
  .text              ro code  0x080051b6     0x4  exit.o [3]
  .text              ro code  0x080051bc     0xa  cexit.o [4]
  .text              ro code  0x080051c8     0xc  XXexit.o [4]
  .rodata            const    0x080051d4    0x18  main.o [1]
  .text              ro code  0x080051ec    0x16  xprout.o [3]
  .text              ro code  0x08005204     0xc  putchar.o [3]
  .rodata            const    0x08005210    0x14  main.o [1]
  .rodata            const    0x08005224    0x14  main.o [1]
  .rodata            const    0x08005238    0x14  main.o [1]
  .rodata            const    0x0800524c    0x14  main.o [1]
  .rodata            const    0x08005260    0x14  main.o [1]
  .rodata            const    0x08005274    0x10  main.o [1]
  .rodata            const    0x08005284    0x10  main.o [1]
  .rodata            const    0x08005294    0x10  stm32f10x_rcc.o [1]
  .text              ro code  0x080052a4     0xc  cstartup_M.o [4]
  .rodata            const    0x080052b0     0x8  BlockQ.o [1]
  .rodata            const    0x080052b8     0x8  BlockQ.o [1]
  .rodata            const    0x080052c0     0x8  BlockQ.o [1]
  .rodata            const    0x080052c8     0x8  BlockQ.o [1]
  .rodata            const    0x080052d0     0x8  BlockQ.o [1]
  .rodata            const    0x080052d8     0x8  BlockQ.o [1]
  .rodata            const    0x080052e0     0x8  blocktim.o [1]
  .rodata            const    0x080052e8     0x8  blocktim.o [1]
  .rodata            const    0x080052f0     0x8  comtest.o [1]
  .rodata            const    0x080052f8     0x8  comtest.o [1]
  .rodata            const    0x08005300     0x8  death.o [1]
  .rodata            const    0x08005308     0x8  death.o [1]
  .rodata            const    0x08005310     0x8  death.o [1]
  .rodata            const    0x08005318     0x8  flash.o [1]
  .rodata            const    0x08005320     0x8  integer.o [1]
  .rodata            const    0x08005328     0x8  main.o [1]
  .rodata            const    0x08005330     0x8  PollQ.o [1]
  .rodata            const    0x08005338     0x8  PollQ.o [1]
  .rodata            const    0x08005340     0x8  semtest.o [1]
  .rodata            const    0x08005348     0x8  semtest.o [1]
  .rodata            const    0x08005350     0x8  semtest.o [1]
  .rodata            const    0x08005358     0x8  semtest.o [1]
  .rodata            const    0x08005360     0x8  tasks.o [1]
  .rodata            const    0x08005368     0x4  death.o [1]
  .rodata            const    0x0800536c     0x4  stm32f10x_rcc.o [1]
  .rodata            const    0x08005370     0x0  zero_init3.o [4]
  .rodata            const    0x08005370     0x0  copy_init3.o [4]
  Initializer bytes  const    0x08005370    0x50  <for P2 s0>
                            - 0x080053c0  0x52d4

"P2":                                     0x4ab0
  P2 s0                       0x20000000    0x50  <Init block>
    .data            inited   0x20000000    0x40  xfiles.o [3]
    .data            inited   0x20000040     0x4  heap_2.o [1]
    .data            inited   0x20000044     0x4  port.o [1]
    .data            inited   0x20000048     0x2  death.o [1]
    .data            inited   0x2000004a     0x2  lcd.o [1]
    .data            inited   0x2000004c     0x2  main.o [1]
  .bss               zero     0x20000050  0x4400  heap_2.o [1]
  .bss               zero     0x20004450    0x64  tasks.o [1]
  .bss               zero     0x200044b4    0x50  xfiles.o [3]
  .bss               zero     0x20004504    0x1c  main.o [1]
  .bss               zero     0x20004520    0x14  tasks.o [1]
  .bss               zero     0x20004534    0x14  tasks.o [1]
  .bss               zero     0x20004548    0x14  tasks.o [1]
  .bss               zero     0x2000455c    0x14  tasks.o [1]
  .bss               zero     0x20004570    0x14  tasks.o [1]
  .bss               zero     0x20004584     0x8  BlockQ.o [1]
  .bss               zero     0x2000458c     0x8  BlockQ.o [1]
  .bss               zero     0x20004594     0x8  BlockQ.o [1]
  .bss               zero     0x2000459c     0x8  BlockQ.o [1]
  .bss               zero     0x200045a4     0x8  heap_2.o [1]
  .bss               zero     0x200045ac     0x8  heap_2.o [1]
  .bss               zero     0x200045b4     0x8  semtest.o [1]
  .bss               zero     0x200045bc     0x8  semtest.o [1]
  .bss               zero     0x200045c4     0x4  blocktim.o [1]
  .bss               zero     0x200045c8     0x4  blocktim.o [1]
  .bss               zero     0x200045cc     0x4  blocktim.o [1]
  .bss               zero     0x200045d0     0x4  blocktim.o [1]
  .bss               zero     0x200045d4     0x4  blocktim.o [1]
  .bss               zero     0x200045d8     0x4  blocktim.o [1]
  .bss               zero     0x200045dc     0x4  blocktim.o [1]
  .bss               zero     0x200045e0     0x4  blocktim.o [1]
  .bss               zero     0x200045e4     0x4  comtest.o [1]
  .bss               zero     0x200045e8     0x4  comtest.o [1]
  .bss               zero     0x200045ec     0x4  comtest.o [1]
  .bss               zero     0x200045f0     0x4  death.o [1]
  .bss               zero     0x200045f4     0x4  death.o [1]
  .bss               zero     0x200045f8     0x4  death.o [1]
  .bss               zero     0x200045fc     0x4  flash.o [1]
  .bss               zero     0x20004600     0x4  heap_2.o [1]
  .bss               zero     0x20004604     0x4  integer.o [1]
  .bss               zero     0x20004608     0x4  main.o [1]
  .bss               zero     0x2000460c     0x4  PollQ.o [1]
  .bss               zero     0x20004610     0x4  PollQ.o [1]
  .bss               zero     0x20004614     0x4  PollQ.o [1]
  .bss               zero     0x20004618     0x4  serial.o [1]
  .bss               zero     0x2000461c     0x4  serial.o [1]
  .bss               zero     0x20004620     0x4  stm32f10x_lib.o [1]
  .bss               zero     0x20004624     0x4  stm32f10x_lib.o [1]
  .bss               zero     0x20004628     0x4  stm32f10x_lib.o [1]
  .bss               zero     0x2000462c     0x4  stm32f10x_lib.o [1]
  .bss               zero     0x20004630     0x4  stm32f10x_lib.o [1]
  .bss               zero     0x20004634     0x4  stm32f10x_lib.o [1]
  .bss               zero     0x20004638     0x4  stm32f10x_lib.o [1]
  .bss               zero     0x2000463c     0x4  stm32f10x_lib.o [1]
  .bss               zero     0x20004640     0x4  stm32f10x_lib.o [1]
  .bss               zero     0x20004644     0x4  stm32f10x_lib.o [1]
  .bss               zero     0x20004648     0x4  stm32f10x_lib.o [1]
  .bss               zero     0x2000464c     0x4  stm32f10x_lib.o [1]
  .bss               zero     0x20004650     0x4  stm32f10x_lib.o [1]
  .bss               zero     0x20004654     0x4  stm32f10x_lib.o [1]
  .bss               zero     0x20004658     0x4  stm32f10x_lib.o [1]
  .bss               zero     0x2000465c     0x4  stm32f10x_lib.o [1]
  .bss               zero     0x20004660     0x4  tasks.o [1]
  .bss               zero     0x20004664     0x4  tasks.o [1]
  .bss               zero     0x20004668     0x4  tasks.o [1]
  .bss               zero     0x2000466c     0x4  tasks.o [1]
  .bss               zero     0x20004670     0x4  tasks.o [1]
  .bss               zero     0x20004674     0x4  tasks.o [1]
  .bss               zero     0x20004678     0x4  tasks.o [1]
  .bss               zero     0x2000467c     0x4  tasks.o [1]
  .bss               zero     0x20004680     0x4  tasks.o [1]
  .bss               zero     0x20004684     0x4  tasks.o [1]
  .bss               zero     0x20004688     0x4  tasks.o [1]
  .bss               zero     0x2000468c     0x4  tasks.o [1]
  .bss               zero     0x20004690     0x4  tasks.o [1]
  .bss               zero     0x20004694     0x4  tasks.o [1]
  .bss               zero     0x20004698     0x2  death.o [1]
  .bss               zero     0x2000469a     0x2  lcd.o [1]
  .bss               zero     0x2000469c     0x2  main.o [1]
  .bss               zero     0x2000469e     0x2  ParTest.o [1]
  .bss               zero     0x200046a0     0x2  semtest.o [1]
  .bss               zero     0x200046a2     0x2  timertest.o [1]
  .bss               zero     0x200046a4     0x2  timertest.o [1]
  .bss               zero     0x200046a6     0x2  timertest.o [1]
  .bss               zero     0x200046a8     0x2  timertest.o [1]
  .bss               zero     0x200046aa     0x1  main.o [1]
  CSTACK                      0x200046b0   0x400  <Block>
    CSTACK           uninit   0x200046b0   0x400  <Block tail>
                            - 0x20004ab0  0x4ab0


*******************************************************************************
*** INIT TABLE
***

          Address     Size
          -------     ----
Zero (__iar_zero_init3)
    1 destination range, total size 0x465b:
          0x20000050  0x465b

Copy (__iar_copy_init3)
    1 source range, total size 0x50 (102% of destination):
          0x08005370    0x50
    1 destination range, total size 0x4e:
          0x20000000    0x4e



*******************************************************************************
*** MODULE SUMMARY
***

    Module                 ro code  ro data  rw data
    ------                 -------  -------  -------
D:\Setup\FreeRTOS\FreeRTOSV8.2.3\FreeRTOS\Demo\CORTEX_STM32F103_IAR\Debug\Obj: [1]
    BlockQ.o                   608       48       32
    ParTest.o                  180                 2
    PollQ.o                    304       16       12
    blocktim.o               1 000       16       32
    comtest.o                  320       16       12
    cortexm3_macro.o           110
    death.o                    332       30       16
    flash.o                    136        8        4
    heap_2.o                   300        6   17 432
    integer.o                  180        8        4
    lcd.o                      424    4 562        4
    list.o                     152
    main.o                     690      166       37
    port.o                     224        4        4
    portasm.o                  148
    queue.o                  1 162
    semtest.o                  496       32       18
    serial.o                   464                 8
    stm32f10x_gpio.o           372      104
    stm32f10x_it.o              94
    stm32f10x_lib.o            224                64
    stm32f10x_nvic.o           672      104
    stm32f10x_rcc.o          1 472      124
    stm32f10x_spi.o             80      104
    stm32f10x_systick.o         72      108
    stm32f10x_tim.o            464      104
    stm32f10x_usart.o          900      108
    stm32f10x_vector.o                  236
    tasks.o                  2 704        8      256
    timertest.o                280                 8
    ------------------------------------------------
    Total:                  14 564    5 912   17 945

command line: [2]
    ------------------------------------------------
    Total:

dl7M_tlf.a: [3]
    exit.o                       4
    low_level_init.o             4
    printf.o                    36
    putchar.o                   12
    sprintf.o                   52
    xfiles.o                             64      144
    xprintftiny.o              330
    xprout.o                    22
    xsprout.o                   10
    ------------------------------------------------
    Total:                     470       64      144

rt7M_tl.a: [4]
    ABImemcpy_unaligned.o      118
    XXexit.o                    12
    cexit.o                     10
    cmain.o                     26
    copy_init3.o                44
    cstartup_M.o                12
    data_init.o                 40
    strlen.o                    54
    zero_init3.o                64
    ------------------------------------------------
    Total:                     380

    Gaps                        10        2
    Linker created                       38    1 024
----------------------------------------------------
    Grand Total:            15 424    6 016   19 113


*******************************************************************************
*** ENTRY LIST
***

Entry                      Address    Size  Type      Object
-----                      -------    ----  ----      ------
.iar.init_table$$Base   0x08005174           --   Gb  - Linker created -
.iar.init_table$$Limit  0x08005198           --   Gb  - Linker created -
?main                   0x08005199          Code  Gb  cmain.o [4]
ADCPrescTable           0x0800536c     0x4  Data  Lc  stm32f10x_rcc.o [1]
ADC_IRQHandler          0x08002927     0x2  Code  Gb  stm32f10x_it.o [1]
AFIO                    0x2000462c     0x4  Data  Gb  stm32f10x_lib.o [1]
APBAHBPrescTable        0x08005294    0x10  Data  Lc  stm32f10x_rcc.o [1]
ASCII_Table             0x080000ec  0x11d0  Data  Gb  lcd.o [1]
BackColor               0x2000004a     0x2  Data  Lc  lcd.o [1]
BusFaultException       0x080028fd     0x2  Code  Gb  stm32f10x_it.o [1]
CAN_RX1_IRQHandler      0x0800292d     0x2  Code  Gb  stm32f10x_it.o [1]
CAN_SCE_IRQHandler      0x0800292f     0x2  Code  Gb  stm32f10x_it.o [1]
CSTACK$$Base            0x200046b0           --   Gb  - Linker created -
CSTACK$$Limit           0x20004ab0           --   Gb  - Linker created -
DMAChannel1_IRQHandler  0x08002919     0x2  Code  Gb  stm32f10x_it.o [1]
DMAChannel2_IRQHandler  0x0800291b     0x2  Code  Gb  stm32f10x_it.o [1]
DMAChannel3_IRQHandler  0x0800291d     0x2  Code  Gb  stm32f10x_it.o [1]
DMAChannel4_IRQHandler  0x0800291f     0x2  Code  Gb  stm32f10x_it.o [1]
DMAChannel5_IRQHandler  0x08002921     0x2  Code  Gb  stm32f10x_it.o [1]
DMAChannel6_IRQHandler  0x08002923     0x2  Code  Gb  stm32f10x_it.o [1]
DMAChannel7_IRQHandler  0x08002925     0x2  Code  Gb  stm32f10x_it.o [1]
DebugMonitor            0x08002901     0x2  Code  Gb  stm32f10x_it.o [1]
EXTI                    0x20004630     0x4  Data  Gb  stm32f10x_lib.o [1]
EXTI0_IRQHandler        0x0800290f     0x2  Code  Gb  stm32f10x_it.o [1]
EXTI15_10_IRQHandler    0x0800294f     0x2  Code  Gb  stm32f10x_it.o [1]
EXTI1_IRQHandler        0x08002911     0x2  Code  Gb  stm32f10x_it.o [1]
EXTI2_IRQHandler        0x08002913     0x2  Code  Gb  stm32f10x_it.o [1]
EXTI3_IRQHandler        0x08002915     0x2  Code  Gb  stm32f10x_it.o [1]
EXTI4_IRQHandler        0x08002917     0x2  Code  Gb  stm32f10x_it.o [1]
EXTI9_5_IRQHandler      0x08002931     0x2  Code  Gb  stm32f10x_it.o [1]
FLASH_IRQHandler        0x0800290b     0x2  Code  Gb  stm32f10x_it.o [1]
GPIOA                   0x20004634     0x4  Data  Gb  stm32f10x_lib.o [1]
GPIOB                   0x20004638     0x4  Data  Gb  stm32f10x_lib.o [1]
GPIOC                   0x2000463c     0x4  Data  Gb  stm32f10x_lib.o [1]
GPIOD                   0x20004640     0x4  Data  Gb  stm32f10x_lib.o [1]
GPIOE                   0x20004644     0x4  Data  Gb  stm32f10x_lib.o [1]
GPIO_Init               0x08004811   0x128  Code  Gb  stm32f10x_gpio.o [1]
GPIO_Write              0x0800497b     0x6  Code  Gb  stm32f10x_gpio.o [1]
GPIO_WriteBit           0x08004939    0x42  Code  Gb  stm32f10x_gpio.o [1]
HardFaultException      0x080028f9     0x2  Code  Gb  stm32f10x_it.o [1]
I2C1_ER_IRQHandler      0x08002941     0x2  Code  Gb  stm32f10x_it.o [1]
I2C1_EV_IRQHandler      0x0800293f     0x2  Code  Gb  stm32f10x_it.o [1]
I2C2_ER_IRQHandler      0x08002945     0x2  Code  Gb  stm32f10x_it.o [1]
I2C2_EV_IRQHandler      0x08002943     0x2  Code  Gb  stm32f10x_it.o [1]
LCD_Clear               0x08004105    0x24  Code  Gb  lcd.o [1]
LCD_CtrlLinesWrite      0x08004287     0xc  Code  Gb  lcd.o [1]
LCD_DisplayChar         0x080041bf    0x1a  Code  Gb  lcd.o [1]
LCD_DrawChar            0x08004151    0x6e  Code  Gb  lcd.o [1]
LCD_SetCursor           0x08004129    0x28  Code  Gb  lcd.o [1]
LCD_WriteRAM            0x08004235    0x52  Code  Gb  lcd.o [1]
LCD_WriteReg            0x080041d9    0x5c  Code  Gb  lcd.o [1]
MemManageException      0x080028fb     0x2  Code  Gb  stm32f10x_it.o [1]
NMIException            0x080028f7     0x2  Code  Gb  stm32f10x_it.o [1]
NVIC                    0x20004658     0x4  Data  Gb  stm32f10x_lib.o [1]
NVIC_Init               0x08003da5   0x1fa  Code  Gb  stm32f10x_nvic.o [1]
NVIC_PriorityGroupConfig
                        0x08003d69    0x3c  Code  Gb  stm32f10x_nvic.o [1]
NVIC_SetVectorTable     0x08003f9f    0x50  Code  Gb  stm32f10x_nvic.o [1]
PVD_IRQHandler          0x08002905     0x2  Code  Gb  stm32f10x_it.o [1]
RCC                     0x20004650     0x4  Data  Gb  stm32f10x_lib.o [1]
RCC_APB1PeriphClockCmd  0x080024db    0x56  Code  Gb  stm32f10x_rcc.o [1]
RCC_APB1PeriphResetCmd  0x08002531    0x56  Code  Gb  stm32f10x_rcc.o [1]
RCC_APB2PeriphClockCmd  0x08002485    0x56  Code  Gb  stm32f10x_rcc.o [1]
RCC_DeInit              0x08002085    0xa6  Code  Gb  stm32f10x_rcc.o [1]
RCC_GetClocksFreq       0x08002397    0xee  Code  Gb  stm32f10x_rcc.o [1]
RCC_GetFlagStatus       0x08002587    0x92  Code  Gb  stm32f10x_rcc.o [1]
RCC_GetSYSCLKSource     0x080022ad     0xe  Code  Gb  stm32f10x_rcc.o [1]
RCC_HCLKConfig          0x080022bb    0x4e  Code  Gb  stm32f10x_rcc.o [1]
RCC_HSEConfig           0x0800212b    0x82  Code  Gb  stm32f10x_rcc.o [1]
RCC_IRQHandler          0x0800290d     0x2  Code  Gb  stm32f10x_it.o [1]
RCC_PCLK1Config         0x08002309    0x46  Code  Gb  stm32f10x_rcc.o [1]
RCC_PCLK2Config         0x0800234f    0x48  Code  Gb  stm32f10x_rcc.o [1]
RCC_PLLCmd              0x08002251    0x26  Code  Gb  stm32f10x_rcc.o [1]
RCC_PLLConfig           0x080021ad    0xa4  Code  Gb  stm32f10x_rcc.o [1]
RCC_SYSCLKConfig        0x08002277    0x36  Code  Gb  stm32f10x_rcc.o [1]
RTCAlarm_IRQHandler     0x08002951     0x2  Code  Gb  stm32f10x_it.o [1]
RTC_IRQHandler          0x08002909     0x2  Code  Gb  stm32f10x_it.o [1]
Region$$Table$$Base     0x08005174           --   Gb  - Linker created -
Region$$Table$$Limit    0x08005198           --   Gb  - Linker created -
SCB                     0x2000465c     0x4  Data  Gb  stm32f10x_lib.o [1]
SPI1                    0x20004648     0x4  Data  Gb  stm32f10x_lib.o [1]
SPI1_IRQHandler         0x08002947     0x2  Code  Gb  stm32f10x_it.o [1]
SPI2                    0x20004628     0x4  Data  Gb  stm32f10x_lib.o [1]
SPI2_IRQHandler         0x08002949     0x2  Code  Gb  stm32f10x_it.o [1]
SPI_GetFlagStatus       0x08004989    0x46  Code  Gb  stm32f10x_spi.o [1]
SPI_SendData            0x08004985     0x4  Code  Gb  stm32f10x_spi.o [1]
SysTick                 0x20004654     0x4  Data  Gb  stm32f10x_lib.o [1]
SysTick_CLKSourceConfig
                        0x08004009    0x3e  Code  Gb  stm32f10x_systick.o [1]
TAMPER_IRQHandler       0x08002907     0x2  Code  Gb  stm32f10x_it.o [1]
TIM1_BRK_IRQHandler     0x08002933     0x2  Code  Gb  stm32f10x_it.o [1]
TIM1_CC_IRQHandler      0x08002939     0x2  Code  Gb  stm32f10x_it.o [1]
TIM1_TRG_COM_IRQHandler
                        0x08002937     0x2  Code  Gb  stm32f10x_it.o [1]
TIM1_UP_IRQHandler      0x08002935     0x2  Code  Gb  stm32f10x_it.o [1]
TIM2                    0x20004620     0x4  Data  Gb  stm32f10x_lib.o [1]
TIM3                    0x20004624     0x4  Data  Gb  stm32f10x_lib.o [1]
TIM3_IRQHandler         0x0800293b     0x2  Code  Gb  stm32f10x_it.o [1]
TIM4_IRQHandler         0x0800293d     0x2  Code  Gb  stm32f10x_it.o [1]
TIM_ARRPreloadConfig    0x0800464f    0x38  Code  Gb  stm32f10x_tim.o [1]
TIM_ClearITPendingBit   0x08004699    0x26  Code  Gb  stm32f10x_tim.o [1]
TIM_Cmd                 0x080045c5    0x3a  Code  Gb  stm32f10x_tim.o [1]
TIM_DeInit              0x080044f5    0x52  Code  Gb  stm32f10x_tim.o [1]
TIM_ITConfig            0x080045ff    0x50  Code  Gb  stm32f10x_tim.o [1]
TIM_TimeBaseInit        0x08004547    0x6c  Code  Gb  stm32f10x_tim.o [1]
TIM_TimeBaseStructInit  0x080045b3    0x12  Code  Gb  stm32f10x_tim.o [1]
TextColor               0x2000469a     0x2  Data  Lc  lcd.o [1]
USART1                  0x2000464c     0x4  Data  Gb  stm32f10x_lib.o [1]
USART2_IRQHandler       0x0800294b     0x2  Code  Gb  stm32f10x_it.o [1]
USART3_IRQHandler       0x0800294d     0x2  Code  Gb  stm32f10x_it.o [1]
USART_Cmd               0x08004b75    0x38  Code  Gb  stm32f10x_usart.o [1]
USART_GetITStatus       0x08004c8f    0xc0  Code  Gb  stm32f10x_usart.o [1]
USART_ITConfig          0x08004bad    0xba  Code  Gb  stm32f10x_usart.o [1]
USART_Init              0x080049d5   0x1a0  Code  Gb  stm32f10x_usart.o [1]
USART_ReceiveData       0x08004c87     0x8  Code  Gb  stm32f10x_usart.o [1]
USART_SendData          0x08004c67    0x20  Code  Gb  stm32f10x_usart.o [1]
USBWakeUp_IRQHandler    0x08002953     0x2  Code  Gb  stm32f10x_it.o [1]
USB_HP_CAN_TX_IRQHandler
                        0x08002929     0x2  Code  Gb  stm32f10x_it.o [1]
USB_LP_CAN_RX0_IRQHandler
                        0x0800292b     0x2  Code  Gb  stm32f10x_it.o [1]
UsageFaultException     0x080028ff     0x2  Code  Gb  stm32f10x_it.o [1]
WWDG_IRQHandler         0x08002903     0x2  Code  Gb  stm32f10x_it.o [1]
_PrintfTiny             0x080046dd   0x132  Code  Gb  xprintftiny.o [3]
_Prout                  0x080051ed    0x16  Code  Gb  xprout.o [3]
_SProut                 0x08002ebf     0xa  Code  Gb  xsprout.o [3]
__BASEPRICONFIG         0x08004deb          Code  Gb  cortexm3_macro.o [1]
__DMB                   0x08004da9          Code  Gb  cortexm3_macro.o [1]
__DSB                   0x08004da3          Code  Gb  cortexm3_macro.o [1]
__GetBASEPRI            0x08004df1          Code  Gb  cortexm3_macro.o [1]
__ISB                   0x08004d9d          Code  Gb  cortexm3_macro.o [1]
__MRS_CONTROL           0x08004db3          Code  Gb  cortexm3_macro.o [1]
__MRS_MSP               0x08004dcf          Code  Gb  cortexm3_macro.o [1]
__MRS_PSP               0x08004dc3          Code  Gb  cortexm3_macro.o [1]
__MSR_CONTROL           0x08004db9          Code  Gb  cortexm3_macro.o [1]
__MSR_MSP               0x08004dd5          Code  Gb  cortexm3_macro.o [1]
__MSR_PSP               0x08004dc9          Code  Gb  cortexm3_macro.o [1]
__RESETFAULTMASK        0x08004de7          Code  Gb  cortexm3_macro.o [1]
__RESETPRIMASK          0x08004ddf          Code  Gb  cortexm3_macro.o [1]
__REV_HalfWord          0x08004df7          Code  Gb  cortexm3_macro.o [1]
__REV_Word              0x08004dfb          Code  Gb  cortexm3_macro.o [1]
__SETFAULTMASK          0x08004de3          Code  Gb  cortexm3_macro.o [1]
__SETPRIMASK            0x08004ddb          Code  Gb  cortexm3_macro.o [1]
__SEV                   0x08004d99          Code  Gb  cortexm3_macro.o [1]
__SVC                   0x08004daf          Code  Gb  cortexm3_macro.o [1]
__WFE                   0x08004d95          Code  Gb  cortexm3_macro.o [1]
__WFI                   0x08004d91          Code  Gb  cortexm3_macro.o [1]
__cmain                 0x08005199          Code  Gb  cmain.o [4]
__exit                  0x080051c9          Code  Gb  XXexit.o [4]
__iar_Stdout            0x20000000    0x40  Data  Gb  xfiles.o [3]
__iar_copy_init3        0x08005121    0x2c  Code  Gb  copy_init3.o [4]
__iar_data_init3        0x0800514d    0x28  Code  Gb  data_init.o [4]
__iar_program_start     0x080052a5          Code  Gb  cstartup_M.o [4]
__iar_unaligned___aeabi_memcpy
                        0x080042ad          Code  Gb  ABImemcpy_unaligned.o [4]
__iar_unaligned___aeabi_memcpy4
                        0x080042cd          Code  Gb  ABImemcpy_unaligned.o [4]
__iar_unaligned___aeabi_memcpy8
                        0x080042cd          Code  Gb  ABImemcpy_unaligned.o [4]
__iar_zero_init3        0x080050e1    0x40  Code  Gb  zero_init3.o [4]
__low_level_init        0x080051b3     0x4  Code  Gb  low_level_init.o [3]
__vector_table          0x08000000    0xec  Data  Gb  stm32f10x_vector.o [1]
_call_main              0x080051a5          Code  Gb  cmain.o [4]
_exit                   0x080051bd          Code  Gb  cexit.o [4]
_main                   0x080051af          Code  Gb  cmain.o [4]
assert_failed           0x080028f5     0x2  Code  Gb  main.o [1]
debug                   0x08002955    0xe0  Code  Gb  stm32f10x_lib.o [1]
exit                    0x080051b7     0x4  Code  Gb  exit.o [3]
fputc                   0x08002823    0x8e  Code  Gb  main.o [1]
heapSTRUCT_SIZE         0x08004322     0x2  Data  Lc  heap_2.o [1]
main                    0x08002645    0x98  Code  Gb  main.o [1]
obuf                    0x200044b4    0x50  Data  Lc  xfiles.o [3]
out                     0x080046c5    0x18  Code  Lc  xprintftiny.o [3]
printf                  0x08003d11    0x24  Code  Gb  printf.o [3]
prvAddCurrentTaskToDelayedList
                        0x08001c35    0x46  Code  Lc  tasks.o [1]
prvAllocateTCBAndStack  0x08001c89    0x36  Code  Lc  tasks.o [1]
prvCheckTasksWaitingTermination
                        0x08001bdf    0x56  Code  Lc  tasks.o [1]
prvCopyDataFromQueue    0x08002df1    0x2a  Code  Lc  queue.o [1]
prvCopyDataToQueue      0x08002d83    0x6e  Code  Lc  queue.o [1]
prvDeleteTCB            0x08001cbf    0x12  Code  Lc  tasks.o [1]
prvHeapInit             0x08002041    0x2a  Code  Lc  heap_2.o [1]
prvIdleTask             0x08001b25    0x16  Code  Lc  tasks.o [1]
prvInitialiseTCBVariables
                        0x08001b3b    0x50  Code  Lc  tasks.o [1]
prvInitialiseTaskLists  0x08001b8b    0x54  Code  Lc  tasks.o [1]
prvIsQueueEmpty         0x08002e85    0x1c  Code  Lc  queue.o [1]
prvIsQueueFull          0x08002ea1    0x1e  Code  Lc  queue.o [1]
prvResetNextTaskUnblockTime
                        0x08001cd1    0x2c  Code  Lc  tasks.o [1]
prvSemaphoreTest        0x0800360d    0xaa  Code  Lc  semtest.o [1]
prvSetupHardware        0x08002799    0x8a  Code  Lc  main.o [1]
prvTaskExitError        0x08001d69     0x8  Code  Lc  port.o [1]
prvTaskIsTaskSuspended  0x080016b7    0x22  Code  Lc  tasks.o [1]
prvUnlockQueue          0x08002e1b    0x6a  Code  Lc  queue.o [1]
putchar                 0x08005205     0xc  Code  Gb  putchar.o [3]
pvPortMalloc            0x08001f59    0xae  Code  Gb  heap_2.o [1]
pxCurrentTCB            0x20004660     0x4  Data  Gb  tasks.o [1]
pxDelayedTaskList       0x20004664     0x4  Data  Lc  tasks.o [1]
pxOverflowDelayedTaskList
                        0x20004668     0x4  Data  Lc  tasks.o [1]
pxPortInitialiseStack   0x08001d4d    0x1c  Code  Gb  port.o [1]
pxReadyTasksLists       0x20004450    0x64  Data  Lc  tasks.o [1]
sBlockingConsumerCount  0x20004584     0x8  Data  Lc  BlockQ.o [1]
sBlockingProducerCount  0x2000458c     0x8  Data  Lc  BlockQ.o [1]
sCheckVariables         0x200045b4     0x8  Data  Lc  semtest.o [1]
sNextCheckVariable      0x200046a0     0x2  Data  Lc  semtest.o [1]
sprintf                 0x08003d35    0x34  Code  Gb  sprintf.o [3]
strlen                  0x08004d59          Code  Gb  strlen.o [4]
ucHeap                  0x20000050  0x4400  Data  Lc  heap_2.o [1]
ulPortSetInterruptMask  0x08001f03          Code  Gb  portasm.o [1]
usCreationCount         0x20004698     0x2  Data  Lc  death.o [1]
usMaxJitter             0x200046a2     0x2  Data  Gb  timertest.o [1]
usOutputValue           0x2000469e     0x2  Data  Lc  ParTest.o [1]
uxBaseLED               0x200045e8     0x4  Data  Lc  comtest.o [1]
uxCriticalNesting       0x20000044     0x4  Data  Lc  port.o [1]
uxCurrentNumberOfTasks  0x20004670     0x4  Data  Lc  tasks.o [1]
uxFlashTaskNumber       0x200045fc     0x4  Data  Lc  flash.o [1]
uxListRemove            0x08001e9f    0x26  Code  Gb  list.o [1]
uxMaxNumberOfExtraTasksRunning
                        0x08005368     0x4  Data  Lc  death.o [1]
uxPendedTicks           0x20004680     0x4  Data  Lc  tasks.o [1]
uxQueueMessagesWaiting  0x08002d71    0x12  Code  Gb  queue.o [1]
uxRxLoops               0x200045ec     0x4  Data  Lc  comtest.o [1]
uxSchedulerSuspended    0x20004694     0x4  Data  Lc  tasks.o [1]
uxTaskGetNumberOfTasks  0x08001877     0x8  Code  Gb  tasks.o [1]
uxTaskNumber            0x2000468c     0x4  Data  Lc  tasks.o [1]
uxTasksDeleted          0x2000466c     0x4  Data  Lc  tasks.o [1]
uxTasksRunningAtStart   0x200045f0     0x4  Data  Lc  death.o [1]
uxTopReadyPriority      0x20004678     0x4  Data  Lc  tasks.o [1]
vAltStartComTestTasks   0x0800396d    0x4c  Code  Gb  comtest.o [1]
vBlockingQueueConsumer  0x08003065    0x40  Code  Lc  BlockQ.o [1]
vBlockingQueueProducer  0x08003029    0x3c  Code  Lc  BlockQ.o [1]
vCheckTask              0x080026fd    0x9c  Code  Lc  main.o [1]
vComRxTask              0x08003a09    0x78  Code  Lc  comtest.o [1]
vComTxTask              0x080039b9    0x4e  Code  Lc  comtest.o [1]
vCompeteingIntMathTask  0x08003869    0x46  Code  Lc  integer.o [1]
vCreateBlockTimeTasks   0x08003129    0x5a  Code  Gb  blocktim.o [1]
vCreateSuicidalTasks    0x08003aad    0x3c  Code  Gb  death.o [1]
vCreateTasks            0x08003b29    0x5a  Code  Lc  death.o [1]
vLCDTask                0x080026dd    0x20  Code  Lc  main.o [1]
vLEDFlashTask           0x08003915    0x50  Code  Lc  flash.o [1]
vListInitialise         0x08001e2d    0x1e  Code  Gb  list.o [1]
vListInitialiseItem     0x08001e4b     0x6  Code  Gb  list.o [1]
vListInsert             0x08001e69    0x36  Code  Gb  list.o [1]
vListInsertEnd          0x08001e51    0x18  Code  Gb  list.o [1]
vParTestInitialise      0x08004051    0x22  Code  Gb  ParTest.o [1]
vParTestSetLED          0x08004073    0x46  Code  Gb  ParTest.o [1]
vParTestToggleLED       0x080040b9    0x42  Code  Gb  ParTest.o [1]
vPolledQueueConsumer    0x080037a1    0x58  Code  Lc  PollQ.o [1]
vPolledQueueProducer    0x0800374d    0x54  Code  Lc  PollQ.o [1]
vPortClearInterruptMask
                        0x08001f11          Code  Gb  portasm.o [1]
vPortEnterCritical      0x08001daf    0x1a  Code  Gb  port.o [1]
vPortExitCritical       0x08001dc9    0x1c  Code  Gb  port.o [1]
vPortFree               0x08002007    0x3a  Code  Gb  heap_2.o [1]
vPortSVCHandler         0x08001f17          Code  Gb  portasm.o [1]
vPortSetupTimerInterrupt
                        0x08001e03     0xe  Code  Wk  port.o [1]
vPortStartFirstTask     0x08001f37          Code  Gb  portasm.o [1]
vPortYield              0x08001d9d    0x12  Code  Gb  port.o [1]
vPrimaryBlockTimeTestTask
                        0x08003185   0x280  Code  Lc  blocktim.o [1]
vSecondaryBlockTimeTestTask
                        0x08003405    0xa8  Code  Lc  blocktim.o [1]
vSetupTimerTest         0x08003bf9    0xb2  Code  Gb  timertest.o [1]
vStartBlockingQueueTasks
                        0x08002ec9   0x160  Code  Gb  BlockQ.o [1]
vStartIntegerMathTasks  0x08003831    0x38  Code  Gb  integer.o [1]
vStartLEDFlashTasks     0x080038e5    0x30  Code  Gb  flash.o [1]
vStartPolledQueueTasks  0x08003701    0x4c  Code  Gb  PollQ.o [1]
vStartSemaphoreTasks    0x08003511    0xfa  Code  Gb  semtest.o [1]
vSuicidalTask           0x08003ae9    0x40  Code  Lc  death.o [1]
vTaskDelay              0x080014ef    0x58  Code  Gb  tasks.o [1]
vTaskDelayUntil         0x08001471    0x7e  Code  Gb  tasks.o [1]
vTaskDelete             0x080013cd    0xa4  Code  Gb  tasks.o [1]
vTaskMissedYield        0x08001b1b     0xa  Code  Gb  tasks.o [1]
vTaskPlaceOnEventList   0x080019e3    0x64  Code  Gb  tasks.o [1]
vTaskPrioritySet        0x08001547    0xbe  Code  Gb  tasks.o [1]
vTaskResume             0x080016d9    0x64  Code  Gb  tasks.o [1]
vTaskSetTimeOutState    0x08001ab1    0x12  Code  Gb  tasks.o [1]
vTaskStartScheduler     0x0800173d    0x4e  Code  Gb  tasks.o [1]
vTaskSuspend            0x08001605    0xb2  Code  Gb  tasks.o [1]
vTaskSuspendAll         0x0800178b    0x10  Code  Gb  tasks.o [1]
vTaskSwitchContext      0x0800198d    0x56  Code  Gb  tasks.o [1]
vTimer2IntHandler       0x08003cab    0x4c  Code  Gb  timertest.o [1]
vUARTInterruptHandler   0x0800445f    0x80  Code  Gb  serial.o [1]
xAreBlockTimeTestTasksStillRunning
                        0x080034ad    0x3a  Code  Gb  blocktim.o [1]
xAreBlockingQueuesStillRunning
                        0x080030a5    0x4a  Code  Gb  BlockQ.o [1]
xAreComTestTasksStillRunning
                        0x08003a81    0x16  Code  Gb  comtest.o [1]
xAreIntegerMathsTaskStillRunning
                        0x080038af    0x28  Code  Gb  integer.o [1]
xArePollingQueuesStillRunning
                        0x080037f9    0x24  Code  Gb  PollQ.o [1]
xAreSemaphoreTasksStillRunning
                        0x080036b7    0x2c  Code  Gb  semtest.o [1]
xCharsForTx             0x2000461c     0x4  Data  Lc  serial.o [1]
xCreatedTask            0x200045f4     0x4  Data  Gb  death.o [1]
xDelayedTaskList1       0x20004520    0x14  Data  Lc  tasks.o [1]
xDelayedTaskList2       0x20004534    0x14  Data  Lc  tasks.o [1]
xEnd                    0x200045ac     0x8  Data  Lc  heap_2.o [1]
xErrorOccurred          0x200045d4     0x4  Data  Lc  blocktim.o [1]
xFreeBytesRemaining     0x20000040     0x4  Data  Lc  heap_2.o [1]
xIsCreateTaskStillRunning
                        0x08003b83    0x4c  Code  Gb  death.o [1]
xLCDQueue               0x20004608     0x4  Data  Gb  main.o [1]
xNextTaskUnblockTime    0x20004690     0x4  Data  Lc  tasks.o [1]
xNumOfOverflows         0x20004688     0x4  Data  Lc  tasks.o [1]
xPendingReadyList       0x20004548    0x14  Data  Lc  tasks.o [1]
xPollingConsumerCount   0x2000460c     0x4  Data  Lc  PollQ.o [1]
xPollingProducerCount   0x20004610     0x4  Data  Lc  PollQ.o [1]
xPort                   0x200045e4     0x4  Data  Lc  comtest.o [1]
xPortPendSVHandler      0x08001ec5          Code  Gb  portasm.o [1]
xPortStartScheduler     0x08001d71    0x2c  Code  Gb  port.o [1]
xPortSysTickHandler     0x08001de5    0x1e  Code  Gb  port.o [1]
xPrimaryCycles          0x200045cc     0x4  Data  Lc  blocktim.o [1]
xQueueGenericCreate     0x08002aa1    0x42  Code  Gb  queue.o [1]
xQueueGenericReceive    0x08002c25    0xf0  Code  Gb  queue.o [1]
xQueueGenericReset      0x08002a35    0x6c  Code  Gb  queue.o [1]
xQueueGenericSend       0x08002ae3    0xdc  Code  Gb  queue.o [1]
xQueueGenericSendFromISR
                        0x08002bbf    0x66  Code  Gb  queue.o [1]
xQueueReceiveFromISR    0x08002d15    0x5c  Code  Gb  queue.o [1]
xRunIndicator           0x200045d8     0x4  Data  Lc  blocktim.o [1]
xRxedChars              0x20004618     0x4  Data  Lc  serial.o [1]
xSchedulerRunning       0x2000467c     0x4  Data  Lc  tasks.o [1]
xSecondary              0x200045c8     0x4  Data  Lc  blocktim.o [1]
xSecondaryCycles        0x200045d0     0x4  Data  Lc  blocktim.o [1]
xSerialGetChar          0x0800441d    0x18  Code  Gb  serial.o [1]
xSerialPortInitMinimal  0x08004325    0xf8  Code  Gb  serial.o [1]
xSerialPutChar          0x08004435    0x2a  Code  Gb  serial.o [1]
xStart                  0x200045a4     0x8  Data  Lc  heap_2.o [1]
xSuspendedTaskList      0x20004570    0x14  Data  Lc  tasks.o [1]
xTaskCheck              0x20004604     0x4  Data  Lc  integer.o [1]
xTaskCheckForTimeOut    0x08001ac3    0x58  Code  Gb  tasks.o [1]
xTaskGenericCreate      0x080012bd   0x110  Code  Gb  tasks.o [1]
xTaskGetTickCount       0x0800186f     0x8  Code  Gb  tasks.o [1]
xTaskIncrementTick      0x0800187f   0x10e  Code  Gb  tasks.o [1]
xTaskRemoveFromEventList
                        0x08001a47    0x6a  Code  Gb  tasks.o [1]
xTaskResumeAll          0x0800179b    0xd4  Code  Gb  tasks.o [1]
xTasksWaitingTermination
                        0x2000455c    0x14  Data  Lc  tasks.o [1]
xTestQueue              0x200045c4     0x4  Data  Lc  blocktim.o [1]
xTickCount              0x20004674     0x4  Data  Lc  tasks.o [1]
xYieldPending           0x20004684     0x4  Data  Lc  tasks.o [1]


[1] = D:\Setup\FreeRTOS\FreeRTOSV8.2.3\FreeRTOS\Demo\CORTEX_STM32F103_IAR\Debug\Obj
[2] = command line
[3] = dl7M_tlf.a
[4] = rt7M_tl.a

  15 424 bytes of readonly  code memory
   6 016 bytes of readonly  data memory
  19 113 bytes of readwrite data memory

Errors: none
Warnings: none
